17:22:50 **** Build of configuration Debug for project stm32f103_fw ****
make -j8 all 
arm-none-eabi-gcc "../src/lib/cube_f103/USB_DEVICE/Target/usbd_conf.c" -mcpu=cortex-m3 -std=gnu11 -g3 -DSTM32F103xB -DUSER_VECT_TAB_ADDRESS -c -I"D:/00_STM32/STM32F103/TEST/stm32f103_fw/src" -I"D:/00_STM32/STM32F103/TEST/stm32f103_fw/src/ap" -I"D:/00_STM32/STM32F103/TEST/stm32f103_fw/src/bsp" -I"D:/00_STM32/STM32F103/TEST/stm32f103_fw/src/common" -I"D:/00_STM32/STM32F103/TEST/stm32f103_fw/src/common/core" -I"D:/00_STM32/STM32F103/TEST/stm32f103_fw/src/hw" -I"D:/00_STM32/STM32F103/TEST/stm32f103_fw/src/lib" -I"D:/00_STM32/STM32F103/TEST/stm32f103_fw/src/lib/cube_f103/Drivers/CMSIS/Device/ST/STM32F1xx/Include" -I"D:/00_STM32/STM32F103/TEST/stm32f103_fw/src/lib/cube_f103/Drivers/CMSIS/Include" -I"D:/00_STM32/STM32F103/TEST/stm32f103_fw/src/lib/cube_f103/Drivers/STM32F1xx_HAL_Driver/Inc" -I"D:/00_STM32/STM32F103/TEST/stm32f103_fw/src/common/hw/include" -I"D:/00_STM32/STM32F103/TEST/stm32f103_fw/src/lib/cube_f103/Middlewares/ST/STM32_USB_Device_Library/Class/CDC/Inc" -I"D:/00_STM32/STM32F103/TEST/stm32f103_fw/src/lib/cube_f103/Middlewares/ST/STM32_USB_Device_Library/Core/Inc" -I"D:/00_STM32/STM32F103/TEST/stm32f103_fw/src/lib/cube_f103/USB_DEVICE/App" -I"D:/00_STM32/STM32F103/TEST/stm32f103_fw/src/lib/cube_f103/USB_DEVICE/Target" -Os -ffunction-sections -fdata-sections -Wall -fstack-usage -MMD -MP -MF"src/lib/cube_f103/USB_DEVICE/Target/usbd_conf.d" -MT"src/lib/cube_f103/USB_DEVICE/Target/usbd_conf.o" --specs=nano.specs -mfloat-abi=soft -mthumb -o "src/lib/cube_f103/USB_DEVICE/Target/usbd_conf.o"
arm-none-eabi-gcc "../src/lib/cube_f103/USB_DEVICE/App/usb_device.c" -mcpu=cortex-m3 -std=gnu11 -g3 -DSTM32F103xB -DUSER_VECT_TAB_ADDRESS -c -I"D:/00_STM32/STM32F103/TEST/stm32f103_fw/src" -I"D:/00_STM32/STM32F103/TEST/stm32f103_fw/src/ap" -I"D:/00_STM32/STM32F103/TEST/stm32f103_fw/src/bsp" -I"D:/00_STM32/STM32F103/TEST/stm32f103_fw/src/common" -I"D:/00_STM32/STM32F103/TEST/stm32f103_fw/src/common/core" -I"D:/00_STM32/STM32F103/TEST/stm32f103_fw/src/hw" -I"D:/00_STM32/STM32F103/TEST/stm32f103_fw/src/lib" -I"D:/00_STM32/STM32F103/TEST/stm32f103_fw/src/lib/cube_f103/Drivers/CMSIS/Device/ST/STM32F1xx/Include" -I"D:/00_STM32/STM32F103/TEST/stm32f103_fw/src/lib/cube_f103/Drivers/CMSIS/Include" -I"D:/00_STM32/STM32F103/TEST/stm32f103_fw/src/lib/cube_f103/Drivers/STM32F1xx_HAL_Driver/Inc" -I"D:/00_STM32/STM32F103/TEST/stm32f103_fw/src/common/hw/include" -I"D:/00_STM32/STM32F103/TEST/stm32f103_fw/src/lib/cube_f103/Middlewares/ST/STM32_USB_Device_Library/Class/CDC/Inc" -I"D:/00_STM32/STM32F103/TEST/stm32f103_fw/src/lib/cube_f103/Middlewares/ST/STM32_USB_Device_Library/Core/Inc" -I"D:/00_STM32/STM32F103/TEST/stm32f103_fw/src/lib/cube_f103/USB_DEVICE/App" -I"D:/00_STM32/STM32F103/TEST/stm32f103_fw/src/lib/cube_f103/USB_DEVICE/Target" -Os -ffunction-sections -fdata-sections -Wall -fstack-usage -MMD -MP -MF"src/lib/cube_f103/USB_DEVICE/App/usb_device.d" -MT"src/lib/cube_f103/USB_DEVICE/App/usb_device.o" --specs=nano.specs -mfloat-abi=soft -mthumb -o "src/lib/cube_f103/USB_DEVICE/App/usb_device.o"
arm-none-eabi-gcc "../src/lib/cube_f103/USB_DEVICE/App/usbd_cdc_if.c" -mcpu=cortex-m3 -std=gnu11 -g3 -DSTM32F103xB -DUSER_VECT_TAB_ADDRESS -c -I"D:/00_STM32/STM32F103/TEST/stm32f103_fw/src" -I"D:/00_STM32/STM32F103/TEST/stm32f103_fw/src/ap" -I"D:/00_STM32/STM32F103/TEST/stm32f103_fw/src/bsp" -I"D:/00_STM32/STM32F103/TEST/stm32f103_fw/src/common" -I"D:/00_STM32/STM32F103/TEST/stm32f103_fw/src/common/core" -I"D:/00_STM32/STM32F103/TEST/stm32f103_fw/src/hw" -I"D:/00_STM32/STM32F103/TEST/stm32f103_fw/src/lib" -I"D:/00_STM32/STM32F103/TEST/stm32f103_fw/src/lib/cube_f103/Drivers/CMSIS/Device/ST/STM32F1xx/Include" -I"D:/00_STM32/STM32F103/TEST/stm32f103_fw/src/lib/cube_f103/Drivers/CMSIS/Include" -I"D:/00_STM32/STM32F103/TEST/stm32f103_fw/src/lib/cube_f103/Drivers/STM32F1xx_HAL_Driver/Inc" -I"D:/00_STM32/STM32F103/TEST/stm32f103_fw/src/common/hw/include" -I"D:/00_STM32/STM32F103/TEST/stm32f103_fw/src/lib/cube_f103/Middlewares/ST/STM32_USB_Device_Library/Class/CDC/Inc" -I"D:/00_STM32/STM32F103/TEST/stm32f103_fw/src/lib/cube_f103/Middlewares/ST/STM32_USB_Device_Library/Core/Inc" -I"D:/00_STM32/STM32F103/TEST/stm32f103_fw/src/lib/cube_f103/USB_DEVICE/App" -I"D:/00_STM32/STM32F103/TEST/stm32f103_fw/src/lib/cube_f103/USB_DEVICE/Target" -Os -ffunction-sections -fdata-sections -Wall -fstack-usage -MMD -MP -MF"src/lib/cube_f103/USB_DEVICE/App/usbd_cdc_if.d" -MT"src/lib/cube_f103/USB_DEVICE/App/usbd_cdc_if.o" --specs=nano.specs -mfloat-abi=soft -mthumb -o "src/lib/cube_f103/USB_DEVICE/App/usbd_cdc_if.o"
arm-none-eabi-gcc "../src/lib/cube_f103/USB_DEVICE/App/usbd_desc.c" -mcpu=cortex-m3 -std=gnu11 -g3 -DSTM32F103xB -DUSER_VECT_TAB_ADDRESS -c -I"D:/00_STM32/STM32F103/TEST/stm32f103_fw/src" -I"D:/00_STM32/STM32F103/TEST/stm32f103_fw/src/ap" -I"D:/00_STM32/STM32F103/TEST/stm32f103_fw/src/bsp" -I"D:/00_STM32/STM32F103/TEST/stm32f103_fw/src/common" -I"D:/00_STM32/STM32F103/TEST/stm32f103_fw/src/common/core" -I"D:/00_STM32/STM32F103/TEST/stm32f103_fw/src/hw" -I"D:/00_STM32/STM32F103/TEST/stm32f103_fw/src/lib" -I"D:/00_STM32/STM32F103/TEST/stm32f103_fw/src/lib/cube_f103/Drivers/CMSIS/Device/ST/STM32F1xx/Include" -I"D:/00_STM32/STM32F103/TEST/stm32f103_fw/src/lib/cube_f103/Drivers/CMSIS/Include" -I"D:/00_STM32/STM32F103/TEST/stm32f103_fw/src/lib/cube_f103/Drivers/STM32F1xx_HAL_Driver/Inc" -I"D:/00_STM32/STM32F103/TEST/stm32f103_fw/src/common/hw/include" -I"D:/00_STM32/STM32F103/TEST/stm32f103_fw/src/lib/cube_f103/Middlewares/ST/STM32_USB_Device_Library/Class/CDC/Inc" -I"D:/00_STM32/STM32F103/TEST/stm32f103_fw/src/lib/cube_f103/Middlewares/ST/STM32_USB_Device_Library/Core/Inc" -I"D:/00_STM32/STM32F103/TEST/stm32f103_fw/src/lib/cube_f103/USB_DEVICE/App" -I"D:/00_STM32/STM32F103/TEST/stm32f103_fw/src/lib/cube_f103/USB_DEVICE/Target" -Os -ffunction-sections -fdata-sections -Wall -fstack-usage -MMD -MP -MF"src/lib/cube_f103/USB_DEVICE/App/usbd_desc.d" -MT"src/lib/cube_f103/USB_DEVICE/App/usbd_desc.o" --specs=nano.specs -mfloat-abi=soft -mthumb -o "src/lib/cube_f103/USB_DEVICE/App/usbd_desc.o"
arm-none-eabi-gcc "../src/lib/cube_f103/Middlewares/ST/STM32_USB_Device_Library/Core/Src/usbd_core.c" -mcpu=cortex-m3 -std=gnu11 -g3 -DSTM32F103xB -DUSER_VECT_TAB_ADDRESS -c -I"D:/00_STM32/STM32F103/TEST/stm32f103_fw/src" -I"D:/00_STM32/STM32F103/TEST/stm32f103_fw/src/ap" -I"D:/00_STM32/STM32F103/TEST/stm32f103_fw/src/bsp" -I"D:/00_STM32/STM32F103/TEST/stm32f103_fw/src/common" -I"D:/00_STM32/STM32F103/TEST/stm32f103_fw/src/common/core" -I"D:/00_STM32/STM32F103/TEST/stm32f103_fw/src/hw" -I"D:/00_STM32/STM32F103/TEST/stm32f103_fw/src/lib" -I"D:/00_STM32/STM32F103/TEST/stm32f103_fw/src/lib/cube_f103/Drivers/CMSIS/Device/ST/STM32F1xx/Include" -I"D:/00_STM32/STM32F103/TEST/stm32f103_fw/src/lib/cube_f103/Drivers/CMSIS/Include" -I"D:/00_STM32/STM32F103/TEST/stm32f103_fw/src/lib/cube_f103/Drivers/STM32F1xx_HAL_Driver/Inc" -I"D:/00_STM32/STM32F103/TEST/stm32f103_fw/src/common/hw/include" -I"D:/00_STM32/STM32F103/TEST/stm32f103_fw/src/lib/cube_f103/Middlewares/ST/STM32_USB_Device_Library/Class/CDC/Inc" -I"D:/00_STM32/STM32F103/TEST/stm32f103_fw/src/lib/cube_f103/Middlewares/ST/STM32_USB_Device_Library/Core/Inc" -I"D:/00_STM32/STM32F103/TEST/stm32f103_fw/src/lib/cube_f103/USB_DEVICE/App" -I"D:/00_STM32/STM32F103/TEST/stm32f103_fw/src/lib/cube_f103/USB_DEVICE/Target" -Os -ffunction-sections -fdata-sections -Wall -fstack-usage -MMD -MP -MF"src/lib/cube_f103/Middlewares/ST/STM32_USB_Device_Library/Core/Src/usbd_core.d" -MT"src/lib/cube_f103/Middlewares/ST/STM32_USB_Device_Library/Core/Src/usbd_core.o" --specs=nano.specs -mfloat-abi=soft -mthumb -o "src/lib/cube_f103/Middlewares/ST/STM32_USB_Device_Library/Core/Src/usbd_core.o"
arm-none-eabi-gcc "../src/lib/cube_f103/Middlewares/ST/STM32_USB_Device_Library/Core/Src/usbd_ctlreq.c" -mcpu=cortex-m3 -std=gnu11 -g3 -DSTM32F103xB -DUSER_VECT_TAB_ADDRESS -c -I"D:/00_STM32/STM32F103/TEST/stm32f103_fw/src" -I"D:/00_STM32/STM32F103/TEST/stm32f103_fw/src/ap" -I"D:/00_STM32/STM32F103/TEST/stm32f103_fw/src/bsp" -I"D:/00_STM32/STM32F103/TEST/stm32f103_fw/src/common" -I"D:/00_STM32/STM32F103/TEST/stm32f103_fw/src/common/core" -I"D:/00_STM32/STM32F103/TEST/stm32f103_fw/src/hw" -I"D:/00_STM32/STM32F103/TEST/stm32f103_fw/src/lib" -I"D:/00_STM32/STM32F103/TEST/stm32f103_fw/src/lib/cube_f103/Drivers/CMSIS/Device/ST/STM32F1xx/Include" -I"D:/00_STM32/STM32F103/TEST/stm32f103_fw/src/lib/cube_f103/Drivers/CMSIS/Include" -I"D:/00_STM32/STM32F103/TEST/stm32f103_fw/src/lib/cube_f103/Drivers/STM32F1xx_HAL_Driver/Inc" -I"D:/00_STM32/STM32F103/TEST/stm32f103_fw/src/common/hw/include" -I"D:/00_STM32/STM32F103/TEST/stm32f103_fw/src/lib/cube_f103/Middlewares/ST/STM32_USB_Device_Library/Class/CDC/Inc" -I"D:/00_STM32/STM32F103/TEST/stm32f103_fw/src/lib/cube_f103/Middlewares/ST/STM32_USB_Device_Library/Core/Inc" -I"D:/00_STM32/STM32F103/TEST/stm32f103_fw/src/lib/cube_f103/USB_DEVICE/App" -I"D:/00_STM32/STM32F103/TEST/stm32f103_fw/src/lib/cube_f103/USB_DEVICE/Target" -Os -ffunction-sections -fdata-sections -Wall -fstack-usage -MMD -MP -MF"src/lib/cube_f103/Middlewares/ST/STM32_USB_Device_Library/Core/Src/usbd_ctlreq.d" -MT"src/lib/cube_f103/Middlewares/ST/STM32_USB_Device_Library/Core/Src/usbd_ctlreq.o" --specs=nano.specs -mfloat-abi=soft -mthumb -o "src/lib/cube_f103/Middlewares/ST/STM32_USB_Device_Library/Core/Src/usbd_ctlreq.o"
arm-none-eabi-gcc "../src/lib/cube_f103/Middlewares/ST/STM32_USB_Device_Library/Core/Src/usbd_ioreq.c" -mcpu=cortex-m3 -std=gnu11 -g3 -DSTM32F103xB -DUSER_VECT_TAB_ADDRESS -c -I"D:/00_STM32/STM32F103/TEST/stm32f103_fw/src" -I"D:/00_STM32/STM32F103/TEST/stm32f103_fw/src/ap" -I"D:/00_STM32/STM32F103/TEST/stm32f103_fw/src/bsp" -I"D:/00_STM32/STM32F103/TEST/stm32f103_fw/src/common" -I"D:/00_STM32/STM32F103/TEST/stm32f103_fw/src/common/core" -I"D:/00_STM32/STM32F103/TEST/stm32f103_fw/src/hw" -I"D:/00_STM32/STM32F103/TEST/stm32f103_fw/src/lib" -I"D:/00_STM32/STM32F103/TEST/stm32f103_fw/src/lib/cube_f103/Drivers/CMSIS/Device/ST/STM32F1xx/Include" -I"D:/00_STM32/STM32F103/TEST/stm32f103_fw/src/lib/cube_f103/Drivers/CMSIS/Include" -I"D:/00_STM32/STM32F103/TEST/stm32f103_fw/src/lib/cube_f103/Drivers/STM32F1xx_HAL_Driver/Inc" -I"D:/00_STM32/STM32F103/TEST/stm32f103_fw/src/common/hw/include" -I"D:/00_STM32/STM32F103/TEST/stm32f103_fw/src/lib/cube_f103/Middlewares/ST/STM32_USB_Device_Library/Class/CDC/Inc" -I"D:/00_STM32/STM32F103/TEST/stm32f103_fw/src/lib/cube_f103/Middlewares/ST/STM32_USB_Device_Library/Core/Inc" -I"D:/00_STM32/STM32F103/TEST/stm32f103_fw/src/lib/cube_f103/USB_DEVICE/App" -I"D:/00_STM32/STM32F103/TEST/stm32f103_fw/src/lib/cube_f103/USB_DEVICE/Target" -Os -ffunction-sections -fdata-sections -Wall -fstack-usage -MMD -MP -MF"src/lib/cube_f103/Middlewares/ST/STM32_USB_Device_Library/Core/Src/usbd_ioreq.d" -MT"src/lib/cube_f103/Middlewares/ST/STM32_USB_Device_Library/Core/Src/usbd_ioreq.o" --specs=nano.specs -mfloat-abi=soft -mthumb -o "src/lib/cube_f103/Middlewares/ST/STM32_USB_Device_Library/Core/Src/usbd_ioreq.o"
arm-none-eabi-gcc "../src/lib/cube_f103/Middlewares/ST/STM32_USB_Device_Library/Class/CDC/Src/usbd_cdc.c" -mcpu=cortex-m3 -std=gnu11 -g3 -DSTM32F103xB -DUSER_VECT_TAB_ADDRESS -c -I"D:/00_STM32/STM32F103/TEST/stm32f103_fw/src" -I"D:/00_STM32/STM32F103/TEST/stm32f103_fw/src/ap" -I"D:/00_STM32/STM32F103/TEST/stm32f103_fw/src/bsp" -I"D:/00_STM32/STM32F103/TEST/stm32f103_fw/src/common" -I"D:/00_STM32/STM32F103/TEST/stm32f103_fw/src/common/core" -I"D:/00_STM32/STM32F103/TEST/stm32f103_fw/src/hw" -I"D:/00_STM32/STM32F103/TEST/stm32f103_fw/src/lib" -I"D:/00_STM32/STM32F103/TEST/stm32f103_fw/src/lib/cube_f103/Drivers/CMSIS/Device/ST/STM32F1xx/Include" -I"D:/00_STM32/STM32F103/TEST/stm32f103_fw/src/lib/cube_f103/Drivers/CMSIS/Include" -I"D:/00_STM32/STM32F103/TEST/stm32f103_fw/src/lib/cube_f103/Drivers/STM32F1xx_HAL_Driver/Inc" -I"D:/00_STM32/STM32F103/TEST/stm32f103_fw/src/common/hw/include" -I"D:/00_STM32/STM32F103/TEST/stm32f103_fw/src/lib/cube_f103/Middlewares/ST/STM32_USB_Device_Library/Class/CDC/Inc" -I"D:/00_STM32/STM32F103/TEST/stm32f103_fw/src/lib/cube_f103/Middlewares/ST/STM32_USB_Device_Library/Core/Inc" -I"D:/00_STM32/STM32F103/TEST/stm32f103_fw/src/lib/cube_f103/USB_DEVICE/App" -I"D:/00_STM32/STM32F103/TEST/stm32f103_fw/src/lib/cube_f103/USB_DEVICE/Target" -Os -ffunction-sections -fdata-sections -Wall -fstack-usage -MMD -MP -MF"src/lib/cube_f103/Middlewares/ST/STM32_USB_Device_Library/Class/CDC/Src/usbd_cdc.d" -MT"src/lib/cube_f103/Middlewares/ST/STM32_USB_Device_Library/Class/CDC/Src/usbd_cdc.o" --specs=nano.specs -mfloat-abi=soft -mthumb -o "src/lib/cube_f103/Middlewares/ST/STM32_USB_Device_Library/Class/CDC/Src/usbd_cdc.o"
arm-none-eabi-gcc "../src/lib/cube_f103/Drivers/STM32F1xx_HAL_Driver/Src/stm32f1xx_hal.c" -mcpu=cortex-m3 -std=gnu11 -g3 -DSTM32F103xB -DUSER_VECT_TAB_ADDRESS -c -I"D:/00_STM32/STM32F103/TEST/stm32f103_fw/src" -I"D:/00_STM32/STM32F103/TEST/stm32f103_fw/src/ap" -I"D:/00_STM32/STM32F103/TEST/stm32f103_fw/src/bsp" -I"D:/00_STM32/STM32F103/TEST/stm32f103_fw/src/common" -I"D:/00_STM32/STM32F103/TEST/stm32f103_fw/src/common/core" -I"D:/00_STM32/STM32F103/TEST/stm32f103_fw/src/hw" -I"D:/00_STM32/STM32F103/TEST/stm32f103_fw/src/lib" -I"D:/00_STM32/STM32F103/TEST/stm32f103_fw/src/lib/cube_f103/Drivers/CMSIS/Device/ST/STM32F1xx/Include" -I"D:/00_STM32/STM32F103/TEST/stm32f103_fw/src/lib/cube_f103/Drivers/CMSIS/Include" -I"D:/00_STM32/STM32F103/TEST/stm32f103_fw/src/lib/cube_f103/Drivers/STM32F1xx_HAL_Driver/Inc" -I"D:/00_STM32/STM32F103/TEST/stm32f103_fw/src/common/hw/include" -I"D:/00_STM32/STM32F103/TEST/stm32f103_fw/src/lib/cube_f103/Middlewares/ST/STM32_USB_Device_Library/Class/CDC/Inc" -I"D:/00_STM32/STM32F103/TEST/stm32f103_fw/src/lib/cube_f103/Middlewares/ST/STM32_USB_Device_Library/Core/Inc" -I"D:/00_STM32/STM32F103/TEST/stm32f103_fw/src/lib/cube_f103/USB_DEVICE/App" -I"D:/00_STM32/STM32F103/TEST/stm32f103_fw/src/lib/cube_f103/USB_DEVICE/Target" -Os -ffunction-sections -fdata-sections -Wall -fstack-usage -MMD -MP -MF"src/lib/cube_f103/Drivers/STM32F1xx_HAL_Driver/Src/stm32f1xx_hal.d" -MT"src/lib/cube_f103/Drivers/STM32F1xx_HAL_Driver/Src/stm32f1xx_hal.o" --specs=nano.specs -mfloat-abi=soft -mthumb -o "src/lib/cube_f103/Drivers/STM32F1xx_HAL_Driver/Src/stm32f1xx_hal.o"
arm-none-eabi-gcc "../src/lib/cube_f103/Drivers/STM32F1xx_HAL_Driver/Src/stm32f1xx_hal_cortex.c" -mcpu=cortex-m3 -std=gnu11 -g3 -DSTM32F103xB -DUSER_VECT_TAB_ADDRESS -c -I"D:/00_STM32/STM32F103/TEST/stm32f103_fw/src" -I"D:/00_STM32/STM32F103/TEST/stm32f103_fw/src/ap" -I"D:/00_STM32/STM32F103/TEST/stm32f103_fw/src/bsp" -I"D:/00_STM32/STM32F103/TEST/stm32f103_fw/src/common" -I"D:/00_STM32/STM32F103/TEST/stm32f103_fw/src/common/core" -I"D:/00_STM32/STM32F103/TEST/stm32f103_fw/src/hw" -I"D:/00_STM32/STM32F103/TEST/stm32f103_fw/src/lib" -I"D:/00_STM32/STM32F103/TEST/stm32f103_fw/src/lib/cube_f103/Drivers/CMSIS/Device/ST/STM32F1xx/Include" -I"D:/00_STM32/STM32F103/TEST/stm32f103_fw/src/lib/cube_f103/Drivers/CMSIS/Include" -I"D:/00_STM32/STM32F103/TEST/stm32f103_fw/src/lib/cube_f103/Drivers/STM32F1xx_HAL_Driver/Inc" -I"D:/00_STM32/STM32F103/TEST/stm32f103_fw/src/common/hw/include" -I"D:/00_STM32/STM32F103/TEST/stm32f103_fw/src/lib/cube_f103/Middlewares/ST/STM32_USB_Device_Library/Class/CDC/Inc" -I"D:/00_STM32/STM32F103/TEST/stm32f103_fw/src/lib/cube_f103/Middlewares/ST/STM32_USB_Device_Library/Core/Inc" -I"D:/00_STM32/STM32F103/TEST/stm32f103_fw/src/lib/cube_f103/USB_DEVICE/App" -I"D:/00_STM32/STM32F103/TEST/stm32f103_fw/src/lib/cube_f103/USB_DEVICE/Target" -Os -ffunction-sections -fdata-sections -Wall -fstack-usage -MMD -MP -MF"src/lib/cube_f103/Drivers/STM32F1xx_HAL_Driver/Src/stm32f1xx_hal_cortex.d" -MT"src/lib/cube_f103/Drivers/STM32F1xx_HAL_Driver/Src/stm32f1xx_hal_cortex.o" --specs=nano.specs -mfloat-abi=soft -mthumb -o "src/lib/cube_f103/Drivers/STM32F1xx_HAL_Driver/Src/stm32f1xx_hal_cortex.o"
arm-none-eabi-gcc "../src/lib/cube_f103/Drivers/STM32F1xx_HAL_Driver/Src/stm32f1xx_hal_dma.c" -mcpu=cortex-m3 -std=gnu11 -g3 -DSTM32F103xB -DUSER_VECT_TAB_ADDRESS -c -I"D:/00_STM32/STM32F103/TEST/stm32f103_fw/src" -I"D:/00_STM32/STM32F103/TEST/stm32f103_fw/src/ap" -I"D:/00_STM32/STM32F103/TEST/stm32f103_fw/src/bsp" -I"D:/00_STM32/STM32F103/TEST/stm32f103_fw/src/common" -I"D:/00_STM32/STM32F103/TEST/stm32f103_fw/src/common/core" -I"D:/00_STM32/STM32F103/TEST/stm32f103_fw/src/hw" -I"D:/00_STM32/STM32F103/TEST/stm32f103_fw/src/lib" -I"D:/00_STM32/STM32F103/TEST/stm32f103_fw/src/lib/cube_f103/Drivers/CMSIS/Device/ST/STM32F1xx/Include" -I"D:/00_STM32/STM32F103/TEST/stm32f103_fw/src/lib/cube_f103/Drivers/CMSIS/Include" -I"D:/00_STM32/STM32F103/TEST/stm32f103_fw/src/lib/cube_f103/Drivers/STM32F1xx_HAL_Driver/Inc" -I"D:/00_STM32/STM32F103/TEST/stm32f103_fw/src/common/hw/include" -I"D:/00_STM32/STM32F103/TEST/stm32f103_fw/src/lib/cube_f103/Middlewares/ST/STM32_USB_Device_Library/Class/CDC/Inc" -I"D:/00_STM32/STM32F103/TEST/stm32f103_fw/src/lib/cube_f103/Middlewares/ST/STM32_USB_Device_Library/Core/Inc" -I"D:/00_STM32/STM32F103/TEST/stm32f103_fw/src/lib/cube_f103/USB_DEVICE/App" -I"D:/00_STM32/STM32F103/TEST/stm32f103_fw/src/lib/cube_f103/USB_DEVICE/Target" -Os -ffunction-sections -fdata-sections -Wall -fstack-usage -MMD -MP -MF"src/lib/cube_f103/Drivers/STM32F1xx_HAL_Driver/Src/stm32f1xx_hal_dma.d" -MT"src/lib/cube_f103/Drivers/STM32F1xx_HAL_Driver/Src/stm32f1xx_hal_dma.o" --specs=nano.specs -mfloat-abi=soft -mthumb -o "src/lib/cube_f103/Drivers/STM32F1xx_HAL_Driver/Src/stm32f1xx_hal_dma.o"
arm-none-eabi-gcc "../src/lib/cube_f103/Drivers/STM32F1xx_HAL_Driver/Src/stm32f1xx_hal_exti.c" -mcpu=cortex-m3 -std=gnu11 -g3 -DSTM32F103xB -DUSER_VECT_TAB_ADDRESS -c -I"D:/00_STM32/STM32F103/TEST/stm32f103_fw/src" -I"D:/00_STM32/STM32F103/TEST/stm32f103_fw/src/ap" -I"D:/00_STM32/STM32F103/TEST/stm32f103_fw/src/bsp" -I"D:/00_STM32/STM32F103/TEST/stm32f103_fw/src/common" -I"D:/00_STM32/STM32F103/TEST/stm32f103_fw/src/common/core" -I"D:/00_STM32/STM32F103/TEST/stm32f103_fw/src/hw" -I"D:/00_STM32/STM32F103/TEST/stm32f103_fw/src/lib" -I"D:/00_STM32/STM32F103/TEST/stm32f103_fw/src/lib/cube_f103/Drivers/CMSIS/Device/ST/STM32F1xx/Include" -I"D:/00_STM32/STM32F103/TEST/stm32f103_fw/src/lib/cube_f103/Drivers/CMSIS/Include" -I"D:/00_STM32/STM32F103/TEST/stm32f103_fw/src/lib/cube_f103/Drivers/STM32F1xx_HAL_Driver/Inc" -I"D:/00_STM32/STM32F103/TEST/stm32f103_fw/src/common/hw/include" -I"D:/00_STM32/STM32F103/TEST/stm32f103_fw/src/lib/cube_f103/Middlewares/ST/STM32_USB_Device_Library/Class/CDC/Inc" -I"D:/00_STM32/STM32F103/TEST/stm32f103_fw/src/lib/cube_f103/Middlewares/ST/STM32_USB_Device_Library/Core/Inc" -I"D:/00_STM32/STM32F103/TEST/stm32f103_fw/src/lib/cube_f103/USB_DEVICE/App" -I"D:/00_STM32/STM32F103/TEST/stm32f103_fw/src/lib/cube_f103/USB_DEVICE/Target" -Os -ffunction-sections -fdata-sections -Wall -fstack-usage -MMD -MP -MF"src/lib/cube_f103/Drivers/STM32F1xx_HAL_Driver/Src/stm32f1xx_hal_exti.d" -MT"src/lib/cube_f103/Drivers/STM32F1xx_HAL_Driver/Src/stm32f1xx_hal_exti.o" --specs=nano.specs -mfloat-abi=soft -mthumb -o "src/lib/cube_f103/Drivers/STM32F1xx_HAL_Driver/Src/stm32f1xx_hal_exti.o"
arm-none-eabi-gcc "../src/lib/cube_f103/Drivers/STM32F1xx_HAL_Driver/Src/stm32f1xx_hal_flash.c" -mcpu=cortex-m3 -std=gnu11 -g3 -DSTM32F103xB -DUSER_VECT_TAB_ADDRESS -c -I"D:/00_STM32/STM32F103/TEST/stm32f103_fw/src" -I"D:/00_STM32/STM32F103/TEST/stm32f103_fw/src/ap" -I"D:/00_STM32/STM32F103/TEST/stm32f103_fw/src/bsp" -I"D:/00_STM32/STM32F103/TEST/stm32f103_fw/src/common" -I"D:/00_STM32/STM32F103/TEST/stm32f103_fw/src/common/core" -I"D:/00_STM32/STM32F103/TEST/stm32f103_fw/src/hw" -I"D:/00_STM32/STM32F103/TEST/stm32f103_fw/src/lib" -I"D:/00_STM32/STM32F103/TEST/stm32f103_fw/src/lib/cube_f103/Drivers/CMSIS/Device/ST/STM32F1xx/Include" -I"D:/00_STM32/STM32F103/TEST/stm32f103_fw/src/lib/cube_f103/Drivers/CMSIS/Include" -I"D:/00_STM32/STM32F103/TEST/stm32f103_fw/src/lib/cube_f103/Drivers/STM32F1xx_HAL_Driver/Inc" -I"D:/00_STM32/STM32F103/TEST/stm32f103_fw/src/common/hw/include" -I"D:/00_STM32/STM32F103/TEST/stm32f103_fw/src/lib/cube_f103/Middlewares/ST/STM32_USB_Device_Library/Class/CDC/Inc" -I"D:/00_STM32/STM32F103/TEST/stm32f103_fw/src/lib/cube_f103/Middlewares/ST/STM32_USB_Device_Library/Core/Inc" -I"D:/00_STM32/STM32F103/TEST/stm32f103_fw/src/lib/cube_f103/USB_DEVICE/App" -I"D:/00_STM32/STM32F103/TEST/stm32f103_fw/src/lib/cube_f103/USB_DEVICE/Target" -Os -ffunction-sections -fdata-sections -Wall -fstack-usage -MMD -MP -MF"src/lib/cube_f103/Drivers/STM32F1xx_HAL_Driver/Src/stm32f1xx_hal_flash.d" -MT"src/lib/cube_f103/Drivers/STM32F1xx_HAL_Driver/Src/stm32f1xx_hal_flash.o" --specs=nano.specs -mfloat-abi=soft -mthumb -o "src/lib/cube_f103/Drivers/STM32F1xx_HAL_Driver/Src/stm32f1xx_hal_flash.o"
arm-none-eabi-gcc "../src/lib/cube_f103/Drivers/STM32F1xx_HAL_Driver/Src/stm32f1xx_hal_flash_ex.c" -mcpu=cortex-m3 -std=gnu11 -g3 -DSTM32F103xB -DUSER_VECT_TAB_ADDRESS -c -I"D:/00_STM32/STM32F103/TEST/stm32f103_fw/src" -I"D:/00_STM32/STM32F103/TEST/stm32f103_fw/src/ap" -I"D:/00_STM32/STM32F103/TEST/stm32f103_fw/src/bsp" -I"D:/00_STM32/STM32F103/TEST/stm32f103_fw/src/common" -I"D:/00_STM32/STM32F103/TEST/stm32f103_fw/src/common/core" -I"D:/00_STM32/STM32F103/TEST/stm32f103_fw/src/hw" -I"D:/00_STM32/STM32F103/TEST/stm32f103_fw/src/lib" -I"D:/00_STM32/STM32F103/TEST/stm32f103_fw/src/lib/cube_f103/Drivers/CMSIS/Device/ST/STM32F1xx/Include" -I"D:/00_STM32/STM32F103/TEST/stm32f103_fw/src/lib/cube_f103/Drivers/CMSIS/Include" -I"D:/00_STM32/STM32F103/TEST/stm32f103_fw/src/lib/cube_f103/Drivers/STM32F1xx_HAL_Driver/Inc" -I"D:/00_STM32/STM32F103/TEST/stm32f103_fw/src/common/hw/include" -I"D:/00_STM32/STM32F103/TEST/stm32f103_fw/src/lib/cube_f103/Middlewares/ST/STM32_USB_Device_Library/Class/CDC/Inc" -I"D:/00_STM32/STM32F103/TEST/stm32f103_fw/src/lib/cube_f103/Middlewares/ST/STM32_USB_Device_Library/Core/Inc" -I"D:/00_STM32/STM32F103/TEST/stm32f103_fw/src/lib/cube_f103/USB_DEVICE/App" -I"D:/00_STM32/STM32F103/TEST/stm32f103_fw/src/lib/cube_f103/USB_DEVICE/Target" -Os -ffunction-sections -fdata-sections -Wall -fstack-usage -MMD -MP -MF"src/lib/cube_f103/Drivers/STM32F1xx_HAL_Driver/Src/stm32f1xx_hal_flash_ex.d" -MT"src/lib/cube_f103/Drivers/STM32F1xx_HAL_Driver/Src/stm32f1xx_hal_flash_ex.o" --specs=nano.specs -mfloat-abi=soft -mthumb -o "src/lib/cube_f103/Drivers/STM32F1xx_HAL_Driver/Src/stm32f1xx_hal_flash_ex.o"
arm-none-eabi-gcc "../src/lib/cube_f103/Drivers/STM32F1xx_HAL_Driver/Src/stm32f1xx_hal_gpio.c" -mcpu=cortex-m3 -std=gnu11 -g3 -DSTM32F103xB -DUSER_VECT_TAB_ADDRESS -c -I"D:/00_STM32/STM32F103/TEST/stm32f103_fw/src" -I"D:/00_STM32/STM32F103/TEST/stm32f103_fw/src/ap" -I"D:/00_STM32/STM32F103/TEST/stm32f103_fw/src/bsp" -I"D:/00_STM32/STM32F103/TEST/stm32f103_fw/src/common" -I"D:/00_STM32/STM32F103/TEST/stm32f103_fw/src/common/core" -I"D:/00_STM32/STM32F103/TEST/stm32f103_fw/src/hw" -I"D:/00_STM32/STM32F103/TEST/stm32f103_fw/src/lib" -I"D:/00_STM32/STM32F103/TEST/stm32f103_fw/src/lib/cube_f103/Drivers/CMSIS/Device/ST/STM32F1xx/Include" -I"D:/00_STM32/STM32F103/TEST/stm32f103_fw/src/lib/cube_f103/Drivers/CMSIS/Include" -I"D:/00_STM32/STM32F103/TEST/stm32f103_fw/src/lib/cube_f103/Drivers/STM32F1xx_HAL_Driver/Inc" -I"D:/00_STM32/STM32F103/TEST/stm32f103_fw/src/common/hw/include" -I"D:/00_STM32/STM32F103/TEST/stm32f103_fw/src/lib/cube_f103/Middlewares/ST/STM32_USB_Device_Library/Class/CDC/Inc" -I"D:/00_STM32/STM32F103/TEST/stm32f103_fw/src/lib/cube_f103/Middlewares/ST/STM32_USB_Device_Library/Core/Inc" -I"D:/00_STM32/STM32F103/TEST/stm32f103_fw/src/lib/cube_f103/USB_DEVICE/App" -I"D:/00_STM32/STM32F103/TEST/stm32f103_fw/src/lib/cube_f103/USB_DEVICE/Target" -Os -ffunction-sections -fdata-sections -Wall -fstack-usage -MMD -MP -MF"src/lib/cube_f103/Drivers/STM32F1xx_HAL_Driver/Src/stm32f1xx_hal_gpio.d" -MT"src/lib/cube_f103/Drivers/STM32F1xx_HAL_Driver/Src/stm32f1xx_hal_gpio.o" --specs=nano.specs -mfloat-abi=soft -mthumb -o "src/lib/cube_f103/Drivers/STM32F1xx_HAL_Driver/Src/stm32f1xx_hal_gpio.o"
arm-none-eabi-gcc "../src/lib/cube_f103/Drivers/STM32F1xx_HAL_Driver/Src/stm32f1xx_hal_gpio_ex.c" -mcpu=cortex-m3 -std=gnu11 -g3 -DSTM32F103xB -DUSER_VECT_TAB_ADDRESS -c -I"D:/00_STM32/STM32F103/TEST/stm32f103_fw/src" -I"D:/00_STM32/STM32F103/TEST/stm32f103_fw/src/ap" -I"D:/00_STM32/STM32F103/TEST/stm32f103_fw/src/bsp" -I"D:/00_STM32/STM32F103/TEST/stm32f103_fw/src/common" -I"D:/00_STM32/STM32F103/TEST/stm32f103_fw/src/common/core" -I"D:/00_STM32/STM32F103/TEST/stm32f103_fw/src/hw" -I"D:/00_STM32/STM32F103/TEST/stm32f103_fw/src/lib" -I"D:/00_STM32/STM32F103/TEST/stm32f103_fw/src/lib/cube_f103/Drivers/CMSIS/Device/ST/STM32F1xx/Include" -I"D:/00_STM32/STM32F103/TEST/stm32f103_fw/src/lib/cube_f103/Drivers/CMSIS/Include" -I"D:/00_STM32/STM32F103/TEST/stm32f103_fw/src/lib/cube_f103/Drivers/STM32F1xx_HAL_Driver/Inc" -I"D:/00_STM32/STM32F103/TEST/stm32f103_fw/src/common/hw/include" -I"D:/00_STM32/STM32F103/TEST/stm32f103_fw/src/lib/cube_f103/Middlewares/ST/STM32_USB_Device_Library/Class/CDC/Inc" -I"D:/00_STM32/STM32F103/TEST/stm32f103_fw/src/lib/cube_f103/Middlewares/ST/STM32_USB_Device_Library/Core/Inc" -I"D:/00_STM32/STM32F103/TEST/stm32f103_fw/src/lib/cube_f103/USB_DEVICE/App" -I"D:/00_STM32/STM32F103/TEST/stm32f103_fw/src/lib/cube_f103/USB_DEVICE/Target" -Os -ffunction-sections -fdata-sections -Wall -fstack-usage -MMD -MP -MF"src/lib/cube_f103/Drivers/STM32F1xx_HAL_Driver/Src/stm32f1xx_hal_gpio_ex.d" -MT"src/lib/cube_f103/Drivers/STM32F1xx_HAL_Driver/Src/stm32f1xx_hal_gpio_ex.o" --specs=nano.specs -mfloat-abi=soft -mthumb -o "src/lib/cube_f103/Drivers/STM32F1xx_HAL_Driver/Src/stm32f1xx_hal_gpio_ex.o"
arm-none-eabi-gcc "../src/lib/cube_f103/Drivers/STM32F1xx_HAL_Driver/Src/stm32f1xx_hal_pcd.c" -mcpu=cortex-m3 -std=gnu11 -g3 -DSTM32F103xB -DUSER_VECT_TAB_ADDRESS -c -I"D:/00_STM32/STM32F103/TEST/stm32f103_fw/src" -I"D:/00_STM32/STM32F103/TEST/stm32f103_fw/src/ap" -I"D:/00_STM32/STM32F103/TEST/stm32f103_fw/src/bsp" -I"D:/00_STM32/STM32F103/TEST/stm32f103_fw/src/common" -I"D:/00_STM32/STM32F103/TEST/stm32f103_fw/src/common/core" -I"D:/00_STM32/STM32F103/TEST/stm32f103_fw/src/hw" -I"D:/00_STM32/STM32F103/TEST/stm32f103_fw/src/lib" -I"D:/00_STM32/STM32F103/TEST/stm32f103_fw/src/lib/cube_f103/Drivers/CMSIS/Device/ST/STM32F1xx/Include" -I"D:/00_STM32/STM32F103/TEST/stm32f103_fw/src/lib/cube_f103/Drivers/CMSIS/Include" -I"D:/00_STM32/STM32F103/TEST/stm32f103_fw/src/lib/cube_f103/Drivers/STM32F1xx_HAL_Driver/Inc" -I"D:/00_STM32/STM32F103/TEST/stm32f103_fw/src/common/hw/include" -I"D:/00_STM32/STM32F103/TEST/stm32f103_fw/src/lib/cube_f103/Middlewares/ST/STM32_USB_Device_Library/Class/CDC/Inc" -I"D:/00_STM32/STM32F103/TEST/stm32f103_fw/src/lib/cube_f103/Middlewares/ST/STM32_USB_Device_Library/Core/Inc" -I"D:/00_STM32/STM32F103/TEST/stm32f103_fw/src/lib/cube_f103/USB_DEVICE/App" -I"D:/00_STM32/STM32F103/TEST/stm32f103_fw/src/lib/cube_f103/USB_DEVICE/Target" -Os -ffunction-sections -fdata-sections -Wall -fstack-usage -MMD -MP -MF"src/lib/cube_f103/Drivers/STM32F1xx_HAL_Driver/Src/stm32f1xx_hal_pcd.d" -MT"src/lib/cube_f103/Drivers/STM32F1xx_HAL_Driver/Src/stm32f1xx_hal_pcd.o" --specs=nano.specs -mfloat-abi=soft -mthumb -o "src/lib/cube_f103/Drivers/STM32F1xx_HAL_Driver/Src/stm32f1xx_hal_pcd.o"
arm-none-eabi-gcc "../src/lib/cube_f103/Drivers/STM32F1xx_HAL_Driver/Src/stm32f1xx_hal_pcd_ex.c" -mcpu=cortex-m3 -std=gnu11 -g3 -DSTM32F103xB -DUSER_VECT_TAB_ADDRESS -c -I"D:/00_STM32/STM32F103/TEST/stm32f103_fw/src" -I"D:/00_STM32/STM32F103/TEST/stm32f103_fw/src/ap" -I"D:/00_STM32/STM32F103/TEST/stm32f103_fw/src/bsp" -I"D:/00_STM32/STM32F103/TEST/stm32f103_fw/src/common" -I"D:/00_STM32/STM32F103/TEST/stm32f103_fw/src/common/core" -I"D:/00_STM32/STM32F103/TEST/stm32f103_fw/src/hw" -I"D:/00_STM32/STM32F103/TEST/stm32f103_fw/src/lib" -I"D:/00_STM32/STM32F103/TEST/stm32f103_fw/src/lib/cube_f103/Drivers/CMSIS/Device/ST/STM32F1xx/Include" -I"D:/00_STM32/STM32F103/TEST/stm32f103_fw/src/lib/cube_f103/Drivers/CMSIS/Include" -I"D:/00_STM32/STM32F103/TEST/stm32f103_fw/src/lib/cube_f103/Drivers/STM32F1xx_HAL_Driver/Inc" -I"D:/00_STM32/STM32F103/TEST/stm32f103_fw/src/common/hw/include" -I"D:/00_STM32/STM32F103/TEST/stm32f103_fw/src/lib/cube_f103/Middlewares/ST/STM32_USB_Device_Library/Class/CDC/Inc" -I"D:/00_STM32/STM32F103/TEST/stm32f103_fw/src/lib/cube_f103/Middlewares/ST/STM32_USB_Device_Library/Core/Inc" -I"D:/00_STM32/STM32F103/TEST/stm32f103_fw/src/lib/cube_f103/USB_DEVICE/App" -I"D:/00_STM32/STM32F103/TEST/stm32f103_fw/src/lib/cube_f103/USB_DEVICE/Target" -Os -ffunction-sections -fdata-sections -Wall -fstack-usage -MMD -MP -MF"src/lib/cube_f103/Drivers/STM32F1xx_HAL_Driver/Src/stm32f1xx_hal_pcd_ex.d" -MT"src/lib/cube_f103/Drivers/STM32F1xx_HAL_Driver/Src/stm32f1xx_hal_pcd_ex.o" --specs=nano.specs -mfloat-abi=soft -mthumb -o "src/lib/cube_f103/Drivers/STM32F1xx_HAL_Driver/Src/stm32f1xx_hal_pcd_ex.o"
arm-none-eabi-gcc "../src/lib/cube_f103/Drivers/STM32F1xx_HAL_Driver/Src/stm32f1xx_hal_pwr.c" -mcpu=cortex-m3 -std=gnu11 -g3 -DSTM32F103xB -DUSER_VECT_TAB_ADDRESS -c -I"D:/00_STM32/STM32F103/TEST/stm32f103_fw/src" -I"D:/00_STM32/STM32F103/TEST/stm32f103_fw/src/ap" -I"D:/00_STM32/STM32F103/TEST/stm32f103_fw/src/bsp" -I"D:/00_STM32/STM32F103/TEST/stm32f103_fw/src/common" -I"D:/00_STM32/STM32F103/TEST/stm32f103_fw/src/common/core" -I"D:/00_STM32/STM32F103/TEST/stm32f103_fw/src/hw" -I"D:/00_STM32/STM32F103/TEST/stm32f103_fw/src/lib" -I"D:/00_STM32/STM32F103/TEST/stm32f103_fw/src/lib/cube_f103/Drivers/CMSIS/Device/ST/STM32F1xx/Include" -I"D:/00_STM32/STM32F103/TEST/stm32f103_fw/src/lib/cube_f103/Drivers/CMSIS/Include" -I"D:/00_STM32/STM32F103/TEST/stm32f103_fw/src/lib/cube_f103/Drivers/STM32F1xx_HAL_Driver/Inc" -I"D:/00_STM32/STM32F103/TEST/stm32f103_fw/src/common/hw/include" -I"D:/00_STM32/STM32F103/TEST/stm32f103_fw/src/lib/cube_f103/Middlewares/ST/STM32_USB_Device_Library/Class/CDC/Inc" -I"D:/00_STM32/STM32F103/TEST/stm32f103_fw/src/lib/cube_f103/Middlewares/ST/STM32_USB_Device_Library/Core/Inc" -I"D:/00_STM32/STM32F103/TEST/stm32f103_fw/src/lib/cube_f103/USB_DEVICE/App" -I"D:/00_STM32/STM32F103/TEST/stm32f103_fw/src/lib/cube_f103/USB_DEVICE/Target" -Os -ffunction-sections -fdata-sections -Wall -fstack-usage -MMD -MP -MF"src/lib/cube_f103/Drivers/STM32F1xx_HAL_Driver/Src/stm32f1xx_hal_pwr.d" -MT"src/lib/cube_f103/Drivers/STM32F1xx_HAL_Driver/Src/stm32f1xx_hal_pwr.o" --specs=nano.specs -mfloat-abi=soft -mthumb -o "src/lib/cube_f103/Drivers/STM32F1xx_HAL_Driver/Src/stm32f1xx_hal_pwr.o"
arm-none-eabi-gcc "../src/lib/cube_f103/Drivers/STM32F1xx_HAL_Driver/Src/stm32f1xx_hal_rcc.c" -mcpu=cortex-m3 -std=gnu11 -g3 -DSTM32F103xB -DUSER_VECT_TAB_ADDRESS -c -I"D:/00_STM32/STM32F103/TEST/stm32f103_fw/src" -I"D:/00_STM32/STM32F103/TEST/stm32f103_fw/src/ap" -I"D:/00_STM32/STM32F103/TEST/stm32f103_fw/src/bsp" -I"D:/00_STM32/STM32F103/TEST/stm32f103_fw/src/common" -I"D:/00_STM32/STM32F103/TEST/stm32f103_fw/src/common/core" -I"D:/00_STM32/STM32F103/TEST/stm32f103_fw/src/hw" -I"D:/00_STM32/STM32F103/TEST/stm32f103_fw/src/lib" -I"D:/00_STM32/STM32F103/TEST/stm32f103_fw/src/lib/cube_f103/Drivers/CMSIS/Device/ST/STM32F1xx/Include" -I"D:/00_STM32/STM32F103/TEST/stm32f103_fw/src/lib/cube_f103/Drivers/CMSIS/Include" -I"D:/00_STM32/STM32F103/TEST/stm32f103_fw/src/lib/cube_f103/Drivers/STM32F1xx_HAL_Driver/Inc" -I"D:/00_STM32/STM32F103/TEST/stm32f103_fw/src/common/hw/include" -I"D:/00_STM32/STM32F103/TEST/stm32f103_fw/src/lib/cube_f103/Middlewares/ST/STM32_USB_Device_Library/Class/CDC/Inc" -I"D:/00_STM32/STM32F103/TEST/stm32f103_fw/src/lib/cube_f103/Middlewares/ST/STM32_USB_Device_Library/Core/Inc" -I"D:/00_STM32/STM32F103/TEST/stm32f103_fw/src/lib/cube_f103/USB_DEVICE/App" -I"D:/00_STM32/STM32F103/TEST/stm32f103_fw/src/lib/cube_f103/USB_DEVICE/Target" -Os -ffunction-sections -fdata-sections -Wall -fstack-usage -MMD -MP -MF"src/lib/cube_f103/Drivers/STM32F1xx_HAL_Driver/Src/stm32f1xx_hal_rcc.d" -MT"src/lib/cube_f103/Drivers/STM32F1xx_HAL_Driver/Src/stm32f1xx_hal_rcc.o" --specs=nano.specs -mfloat-abi=soft -mthumb -o "src/lib/cube_f103/Drivers/STM32F1xx_HAL_Driver/Src/stm32f1xx_hal_rcc.o"
arm-none-eabi-gcc "../src/lib/cube_f103/Drivers/STM32F1xx_HAL_Driver/Src/stm32f1xx_hal_rcc_ex.c" -mcpu=cortex-m3 -std=gnu11 -g3 -DSTM32F103xB -DUSER_VECT_TAB_ADDRESS -c -I"D:/00_STM32/STM32F103/TEST/stm32f103_fw/src" -I"D:/00_STM32/STM32F103/TEST/stm32f103_fw/src/ap" -I"D:/00_STM32/STM32F103/TEST/stm32f103_fw/src/bsp" -I"D:/00_STM32/STM32F103/TEST/stm32f103_fw/src/common" -I"D:/00_STM32/STM32F103/TEST/stm32f103_fw/src/common/core" -I"D:/00_STM32/STM32F103/TEST/stm32f103_fw/src/hw" -I"D:/00_STM32/STM32F103/TEST/stm32f103_fw/src/lib" -I"D:/00_STM32/STM32F103/TEST/stm32f103_fw/src/lib/cube_f103/Drivers/CMSIS/Device/ST/STM32F1xx/Include" -I"D:/00_STM32/STM32F103/TEST/stm32f103_fw/src/lib/cube_f103/Drivers/CMSIS/Include" -I"D:/00_STM32/STM32F103/TEST/stm32f103_fw/src/lib/cube_f103/Drivers/STM32F1xx_HAL_Driver/Inc" -I"D:/00_STM32/STM32F103/TEST/stm32f103_fw/src/common/hw/include" -I"D:/00_STM32/STM32F103/TEST/stm32f103_fw/src/lib/cube_f103/Middlewares/ST/STM32_USB_Device_Library/Class/CDC/Inc" -I"D:/00_STM32/STM32F103/TEST/stm32f103_fw/src/lib/cube_f103/Middlewares/ST/STM32_USB_Device_Library/Core/Inc" -I"D:/00_STM32/STM32F103/TEST/stm32f103_fw/src/lib/cube_f103/USB_DEVICE/App" -I"D:/00_STM32/STM32F103/TEST/stm32f103_fw/src/lib/cube_f103/USB_DEVICE/Target" -Os -ffunction-sections -fdata-sections -Wall -fstack-usage -MMD -MP -MF"src/lib/cube_f103/Drivers/STM32F1xx_HAL_Driver/Src/stm32f1xx_hal_rcc_ex.d" -MT"src/lib/cube_f103/Drivers/STM32F1xx_HAL_Driver/Src/stm32f1xx_hal_rcc_ex.o" --specs=nano.specs -mfloat-abi=soft -mthumb -o "src/lib/cube_f103/Drivers/STM32F1xx_HAL_Driver/Src/stm32f1xx_hal_rcc_ex.o"
arm-none-eabi-gcc "../src/lib/cube_f103/Drivers/STM32F1xx_HAL_Driver/Src/stm32f1xx_hal_rtc.c" -mcpu=cortex-m3 -std=gnu11 -g3 -DSTM32F103xB -DUSER_VECT_TAB_ADDRESS -c -I"D:/00_STM32/STM32F103/TEST/stm32f103_fw/src" -I"D:/00_STM32/STM32F103/TEST/stm32f103_fw/src/ap" -I"D:/00_STM32/STM32F103/TEST/stm32f103_fw/src/bsp" -I"D:/00_STM32/STM32F103/TEST/stm32f103_fw/src/common" -I"D:/00_STM32/STM32F103/TEST/stm32f103_fw/src/common/core" -I"D:/00_STM32/STM32F103/TEST/stm32f103_fw/src/hw" -I"D:/00_STM32/STM32F103/TEST/stm32f103_fw/src/lib" -I"D:/00_STM32/STM32F103/TEST/stm32f103_fw/src/lib/cube_f103/Drivers/CMSIS/Device/ST/STM32F1xx/Include" -I"D:/00_STM32/STM32F103/TEST/stm32f103_fw/src/lib/cube_f103/Drivers/CMSIS/Include" -I"D:/00_STM32/STM32F103/TEST/stm32f103_fw/src/lib/cube_f103/Drivers/STM32F1xx_HAL_Driver/Inc" -I"D:/00_STM32/STM32F103/TEST/stm32f103_fw/src/common/hw/include" -I"D:/00_STM32/STM32F103/TEST/stm32f103_fw/src/lib/cube_f103/Middlewares/ST/STM32_USB_Device_Library/Class/CDC/Inc" -I"D:/00_STM32/STM32F103/TEST/stm32f103_fw/src/lib/cube_f103/Middlewares/ST/STM32_USB_Device_Library/Core/Inc" -I"D:/00_STM32/STM32F103/TEST/stm32f103_fw/src/lib/cube_f103/USB_DEVICE/App" -I"D:/00_STM32/STM32F103/TEST/stm32f103_fw/src/lib/cube_f103/USB_DEVICE/Target" -Os -ffunction-sections -fdata-sections -Wall -fstack-usage -MMD -MP -MF"src/lib/cube_f103/Drivers/STM32F1xx_HAL_Driver/Src/stm32f1xx_hal_rtc.d" -MT"src/lib/cube_f103/Drivers/STM32F1xx_HAL_Driver/Src/stm32f1xx_hal_rtc.o" --specs=nano.specs -mfloat-abi=soft -mthumb -o "src/lib/cube_f103/Drivers/STM32F1xx_HAL_Driver/Src/stm32f1xx_hal_rtc.o"
arm-none-eabi-gcc "../src/lib/cube_f103/Drivers/STM32F1xx_HAL_Driver/Src/stm32f1xx_hal_rtc_ex.c" -mcpu=cortex-m3 -std=gnu11 -g3 -DSTM32F103xB -DUSER_VECT_TAB_ADDRESS -c -I"D:/00_STM32/STM32F103/TEST/stm32f103_fw/src" -I"D:/00_STM32/STM32F103/TEST/stm32f103_fw/src/ap" -I"D:/00_STM32/STM32F103/TEST/stm32f103_fw/src/bsp" -I"D:/00_STM32/STM32F103/TEST/stm32f103_fw/src/common" -I"D:/00_STM32/STM32F103/TEST/stm32f103_fw/src/common/core" -I"D:/00_STM32/STM32F103/TEST/stm32f103_fw/src/hw" -I"D:/00_STM32/STM32F103/TEST/stm32f103_fw/src/lib" -I"D:/00_STM32/STM32F103/TEST/stm32f103_fw/src/lib/cube_f103/Drivers/CMSIS/Device/ST/STM32F1xx/Include" -I"D:/00_STM32/STM32F103/TEST/stm32f103_fw/src/lib/cube_f103/Drivers/CMSIS/Include" -I"D:/00_STM32/STM32F103/TEST/stm32f103_fw/src/lib/cube_f103/Drivers/STM32F1xx_HAL_Driver/Inc" -I"D:/00_STM32/STM32F103/TEST/stm32f103_fw/src/common/hw/include" -I"D:/00_STM32/STM32F103/TEST/stm32f103_fw/src/lib/cube_f103/Middlewares/ST/STM32_USB_Device_Library/Class/CDC/Inc" -I"D:/00_STM32/STM32F103/TEST/stm32f103_fw/src/lib/cube_f103/Middlewares/ST/STM32_USB_Device_Library/Core/Inc" -I"D:/00_STM32/STM32F103/TEST/stm32f103_fw/src/lib/cube_f103/USB_DEVICE/App" -I"D:/00_STM32/STM32F103/TEST/stm32f103_fw/src/lib/cube_f103/USB_DEVICE/Target" -Os -ffunction-sections -fdata-sections -Wall -fstack-usage -MMD -MP -MF"src/lib/cube_f103/Drivers/STM32F1xx_HAL_Driver/Src/stm32f1xx_hal_rtc_ex.d" -MT"src/lib/cube_f103/Drivers/STM32F1xx_HAL_Driver/Src/stm32f1xx_hal_rtc_ex.o" --specs=nano.specs -mfloat-abi=soft -mthumb -o "src/lib/cube_f103/Drivers/STM32F1xx_HAL_Driver/Src/stm32f1xx_hal_rtc_ex.o"
arm-none-eabi-gcc "../src/lib/cube_f103/Drivers/STM32F1xx_HAL_Driver/Src/stm32f1xx_hal_tim.c" -mcpu=cortex-m3 -std=gnu11 -g3 -DSTM32F103xB -DUSER_VECT_TAB_ADDRESS -c -I"D:/00_STM32/STM32F103/TEST/stm32f103_fw/src" -I"D:/00_STM32/STM32F103/TEST/stm32f103_fw/src/ap" -I"D:/00_STM32/STM32F103/TEST/stm32f103_fw/src/bsp" -I"D:/00_STM32/STM32F103/TEST/stm32f103_fw/src/common" -I"D:/00_STM32/STM32F103/TEST/stm32f103_fw/src/common/core" -I"D:/00_STM32/STM32F103/TEST/stm32f103_fw/src/hw" -I"D:/00_STM32/STM32F103/TEST/stm32f103_fw/src/lib" -I"D:/00_STM32/STM32F103/TEST/stm32f103_fw/src/lib/cube_f103/Drivers/CMSIS/Device/ST/STM32F1xx/Include" -I"D:/00_STM32/STM32F103/TEST/stm32f103_fw/src/lib/cube_f103/Drivers/CMSIS/Include" -I"D:/00_STM32/STM32F103/TEST/stm32f103_fw/src/lib/cube_f103/Drivers/STM32F1xx_HAL_Driver/Inc" -I"D:/00_STM32/STM32F103/TEST/stm32f103_fw/src/common/hw/include" -I"D:/00_STM32/STM32F103/TEST/stm32f103_fw/src/lib/cube_f103/Middlewares/ST/STM32_USB_Device_Library/Class/CDC/Inc" -I"D:/00_STM32/STM32F103/TEST/stm32f103_fw/src/lib/cube_f103/Middlewares/ST/STM32_USB_Device_Library/Core/Inc" -I"D:/00_STM32/STM32F103/TEST/stm32f103_fw/src/lib/cube_f103/USB_DEVICE/App" -I"D:/00_STM32/STM32F103/TEST/stm32f103_fw/src/lib/cube_f103/USB_DEVICE/Target" -Os -ffunction-sections -fdata-sections -Wall -fstack-usage -MMD -MP -MF"src/lib/cube_f103/Drivers/STM32F1xx_HAL_Driver/Src/stm32f1xx_hal_tim.d" -MT"src/lib/cube_f103/Drivers/STM32F1xx_HAL_Driver/Src/stm32f1xx_hal_tim.o" --specs=nano.specs -mfloat-abi=soft -mthumb -o "src/lib/cube_f103/Drivers/STM32F1xx_HAL_Driver/Src/stm32f1xx_hal_tim.o"
arm-none-eabi-gcc "../src/lib/cube_f103/Drivers/STM32F1xx_HAL_Driver/Src/stm32f1xx_hal_tim_ex.c" -mcpu=cortex-m3 -std=gnu11 -g3 -DSTM32F103xB -DUSER_VECT_TAB_ADDRESS -c -I"D:/00_STM32/STM32F103/TEST/stm32f103_fw/src" -I"D:/00_STM32/STM32F103/TEST/stm32f103_fw/src/ap" -I"D:/00_STM32/STM32F103/TEST/stm32f103_fw/src/bsp" -I"D:/00_STM32/STM32F103/TEST/stm32f103_fw/src/common" -I"D:/00_STM32/STM32F103/TEST/stm32f103_fw/src/common/core" -I"D:/00_STM32/STM32F103/TEST/stm32f103_fw/src/hw" -I"D:/00_STM32/STM32F103/TEST/stm32f103_fw/src/lib" -I"D:/00_STM32/STM32F103/TEST/stm32f103_fw/src/lib/cube_f103/Drivers/CMSIS/Device/ST/STM32F1xx/Include" -I"D:/00_STM32/STM32F103/TEST/stm32f103_fw/src/lib/cube_f103/Drivers/CMSIS/Include" -I"D:/00_STM32/STM32F103/TEST/stm32f103_fw/src/lib/cube_f103/Drivers/STM32F1xx_HAL_Driver/Inc" -I"D:/00_STM32/STM32F103/TEST/stm32f103_fw/src/common/hw/include" -I"D:/00_STM32/STM32F103/TEST/stm32f103_fw/src/lib/cube_f103/Middlewares/ST/STM32_USB_Device_Library/Class/CDC/Inc" -I"D:/00_STM32/STM32F103/TEST/stm32f103_fw/src/lib/cube_f103/Middlewares/ST/STM32_USB_Device_Library/Core/Inc" -I"D:/00_STM32/STM32F103/TEST/stm32f103_fw/src/lib/cube_f103/USB_DEVICE/App" -I"D:/00_STM32/STM32F103/TEST/stm32f103_fw/src/lib/cube_f103/USB_DEVICE/Target" -Os -ffunction-sections -fdata-sections -Wall -fstack-usage -MMD -MP -MF"src/lib/cube_f103/Drivers/STM32F1xx_HAL_Driver/Src/stm32f1xx_hal_tim_ex.d" -MT"src/lib/cube_f103/Drivers/STM32F1xx_HAL_Driver/Src/stm32f1xx_hal_tim_ex.o" --specs=nano.specs -mfloat-abi=soft -mthumb -o "src/lib/cube_f103/Drivers/STM32F1xx_HAL_Driver/Src/stm32f1xx_hal_tim_ex.o"
arm-none-eabi-gcc "../src/lib/cube_f103/Drivers/STM32F1xx_HAL_Driver/Src/stm32f1xx_hal_uart.c" -mcpu=cortex-m3 -std=gnu11 -g3 -DSTM32F103xB -DUSER_VECT_TAB_ADDRESS -c -I"D:/00_STM32/STM32F103/TEST/stm32f103_fw/src" -I"D:/00_STM32/STM32F103/TEST/stm32f103_fw/src/ap" -I"D:/00_STM32/STM32F103/TEST/stm32f103_fw/src/bsp" -I"D:/00_STM32/STM32F103/TEST/stm32f103_fw/src/common" -I"D:/00_STM32/STM32F103/TEST/stm32f103_fw/src/common/core" -I"D:/00_STM32/STM32F103/TEST/stm32f103_fw/src/hw" -I"D:/00_STM32/STM32F103/TEST/stm32f103_fw/src/lib" -I"D:/00_STM32/STM32F103/TEST/stm32f103_fw/src/lib/cube_f103/Drivers/CMSIS/Device/ST/STM32F1xx/Include" -I"D:/00_STM32/STM32F103/TEST/stm32f103_fw/src/lib/cube_f103/Drivers/CMSIS/Include" -I"D:/00_STM32/STM32F103/TEST/stm32f103_fw/src/lib/cube_f103/Drivers/STM32F1xx_HAL_Driver/Inc" -I"D:/00_STM32/STM32F103/TEST/stm32f103_fw/src/common/hw/include" -I"D:/00_STM32/STM32F103/TEST/stm32f103_fw/src/lib/cube_f103/Middlewares/ST/STM32_USB_Device_Library/Class/CDC/Inc" -I"D:/00_STM32/STM32F103/TEST/stm32f103_fw/src/lib/cube_f103/Middlewares/ST/STM32_USB_Device_Library/Core/Inc" -I"D:/00_STM32/STM32F103/TEST/stm32f103_fw/src/lib/cube_f103/USB_DEVICE/App" -I"D:/00_STM32/STM32F103/TEST/stm32f103_fw/src/lib/cube_f103/USB_DEVICE/Target" -Os -ffunction-sections -fdata-sections -Wall -fstack-usage -MMD -MP -MF"src/lib/cube_f103/Drivers/STM32F1xx_HAL_Driver/Src/stm32f1xx_hal_uart.d" -MT"src/lib/cube_f103/Drivers/STM32F1xx_HAL_Driver/Src/stm32f1xx_hal_uart.o" --specs=nano.specs -mfloat-abi=soft -mthumb -o "src/lib/cube_f103/Drivers/STM32F1xx_HAL_Driver/Src/stm32f1xx_hal_uart.o"
arm-none-eabi-gcc "../src/lib/cube_f103/Drivers/STM32F1xx_HAL_Driver/Src/stm32f1xx_ll_usb.c" -mcpu=cortex-m3 -std=gnu11 -g3 -DSTM32F103xB -DUSER_VECT_TAB_ADDRESS -c -I"D:/00_STM32/STM32F103/TEST/stm32f103_fw/src" -I"D:/00_STM32/STM32F103/TEST/stm32f103_fw/src/ap" -I"D:/00_STM32/STM32F103/TEST/stm32f103_fw/src/bsp" -I"D:/00_STM32/STM32F103/TEST/stm32f103_fw/src/common" -I"D:/00_STM32/STM32F103/TEST/stm32f103_fw/src/common/core" -I"D:/00_STM32/STM32F103/TEST/stm32f103_fw/src/hw" -I"D:/00_STM32/STM32F103/TEST/stm32f103_fw/src/lib" -I"D:/00_STM32/STM32F103/TEST/stm32f103_fw/src/lib/cube_f103/Drivers/CMSIS/Device/ST/STM32F1xx/Include" -I"D:/00_STM32/STM32F103/TEST/stm32f103_fw/src/lib/cube_f103/Drivers/CMSIS/Include" -I"D:/00_STM32/STM32F103/TEST/stm32f103_fw/src/lib/cube_f103/Drivers/STM32F1xx_HAL_Driver/Inc" -I"D:/00_STM32/STM32F103/TEST/stm32f103_fw/src/common/hw/include" -I"D:/00_STM32/STM32F103/TEST/stm32f103_fw/src/lib/cube_f103/Middlewares/ST/STM32_USB_Device_Library/Class/CDC/Inc" -I"D:/00_STM32/STM32F103/TEST/stm32f103_fw/src/lib/cube_f103/Middlewares/ST/STM32_USB_Device_Library/Core/Inc" -I"D:/00_STM32/STM32F103/TEST/stm32f103_fw/src/lib/cube_f103/USB_DEVICE/App" -I"D:/00_STM32/STM32F103/TEST/stm32f103_fw/src/lib/cube_f103/USB_DEVICE/Target" -Os -ffunction-sections -fdata-sections -Wall -fstack-usage -MMD -MP -MF"src/lib/cube_f103/Drivers/STM32F1xx_HAL_Driver/Src/stm32f1xx_ll_usb.d" -MT"src/lib/cube_f103/Drivers/STM32F1xx_HAL_Driver/Src/stm32f1xx_ll_usb.o" --specs=nano.specs -mfloat-abi=soft -mthumb -o "src/lib/cube_f103/Drivers/STM32F1xx_HAL_Driver/Src/stm32f1xx_ll_usb.o"
arm-none-eabi-gcc "../src/hw/driver/cdc.c" -mcpu=cortex-m3 -std=gnu11 -g3 -DSTM32F103xB -DUSER_VECT_TAB_ADDRESS -c -I"D:/00_STM32/STM32F103/TEST/stm32f103_fw/src" -I"D:/00_STM32/STM32F103/TEST/stm32f103_fw/src/ap" -I"D:/00_STM32/STM32F103/TEST/stm32f103_fw/src/bsp" -I"D:/00_STM32/STM32F103/TEST/stm32f103_fw/src/common" -I"D:/00_STM32/STM32F103/TEST/stm32f103_fw/src/common/core" -I"D:/00_STM32/STM32F103/TEST/stm32f103_fw/src/hw" -I"D:/00_STM32/STM32F103/TEST/stm32f103_fw/src/lib" -I"D:/00_STM32/STM32F103/TEST/stm32f103_fw/src/lib/cube_f103/Drivers/CMSIS/Device/ST/STM32F1xx/Include" -I"D:/00_STM32/STM32F103/TEST/stm32f103_fw/src/lib/cube_f103/Drivers/CMSIS/Include" -I"D:/00_STM32/STM32F103/TEST/stm32f103_fw/src/lib/cube_f103/Drivers/STM32F1xx_HAL_Driver/Inc" -I"D:/00_STM32/STM32F103/TEST/stm32f103_fw/src/common/hw/include" -I"D:/00_STM32/STM32F103/TEST/stm32f103_fw/src/lib/cube_f103/Middlewares/ST/STM32_USB_Device_Library/Class/CDC/Inc" -I"D:/00_STM32/STM32F103/TEST/stm32f103_fw/src/lib/cube_f103/Middlewares/ST/STM32_USB_Device_Library/Core/Inc" -I"D:/00_STM32/STM32F103/TEST/stm32f103_fw/src/lib/cube_f103/USB_DEVICE/App" -I"D:/00_STM32/STM32F103/TEST/stm32f103_fw/src/lib/cube_f103/USB_DEVICE/Target" -Os -ffunction-sections -fdata-sections -Wall -fstack-usage -MMD -MP -MF"src/hw/driver/cdc.d" -MT"src/hw/driver/cdc.o" --specs=nano.specs -mfloat-abi=soft -mthumb -o "src/hw/driver/cdc.o"
arm-none-eabi-gcc "../src/hw/driver/flash.c" -mcpu=cortex-m3 -std=gnu11 -g3 -DSTM32F103xB -DUSER_VECT_TAB_ADDRESS -c -I"D:/00_STM32/STM32F103/TEST/stm32f103_fw/src" -I"D:/00_STM32/STM32F103/TEST/stm32f103_fw/src/ap" -I"D:/00_STM32/STM32F103/TEST/stm32f103_fw/src/bsp" -I"D:/00_STM32/STM32F103/TEST/stm32f103_fw/src/common" -I"D:/00_STM32/STM32F103/TEST/stm32f103_fw/src/common/core" -I"D:/00_STM32/STM32F103/TEST/stm32f103_fw/src/hw" -I"D:/00_STM32/STM32F103/TEST/stm32f103_fw/src/lib" -I"D:/00_STM32/STM32F103/TEST/stm32f103_fw/src/lib/cube_f103/Drivers/CMSIS/Device/ST/STM32F1xx/Include" -I"D:/00_STM32/STM32F103/TEST/stm32f103_fw/src/lib/cube_f103/Drivers/CMSIS/Include" -I"D:/00_STM32/STM32F103/TEST/stm32f103_fw/src/lib/cube_f103/Drivers/STM32F1xx_HAL_Driver/Inc" -I"D:/00_STM32/STM32F103/TEST/stm32f103_fw/src/common/hw/include" -I"D:/00_STM32/STM32F103/TEST/stm32f103_fw/src/lib/cube_f103/Middlewares/ST/STM32_USB_Device_Library/Class/CDC/Inc" -I"D:/00_STM32/STM32F103/TEST/stm32f103_fw/src/lib/cube_f103/Middlewares/ST/STM32_USB_Device_Library/Core/Inc" -I"D:/00_STM32/STM32F103/TEST/stm32f103_fw/src/lib/cube_f103/USB_DEVICE/App" -I"D:/00_STM32/STM32F103/TEST/stm32f103_fw/src/lib/cube_f103/USB_DEVICE/Target" -Os -ffunction-sections -fdata-sections -Wall -fstack-usage -MMD -MP -MF"src/hw/driver/flash.d" -MT"src/hw/driver/flash.o" --specs=nano.specs -mfloat-abi=soft -mthumb -o "src/hw/driver/flash.o"
arm-none-eabi-gcc "../src/hw/driver/led.c" -mcpu=cortex-m3 -std=gnu11 -g3 -DSTM32F103xB -DUSER_VECT_TAB_ADDRESS -c -I"D:/00_STM32/STM32F103/TEST/stm32f103_fw/src" -I"D:/00_STM32/STM32F103/TEST/stm32f103_fw/src/ap" -I"D:/00_STM32/STM32F103/TEST/stm32f103_fw/src/bsp" -I"D:/00_STM32/STM32F103/TEST/stm32f103_fw/src/common" -I"D:/00_STM32/STM32F103/TEST/stm32f103_fw/src/common/core" -I"D:/00_STM32/STM32F103/TEST/stm32f103_fw/src/hw" -I"D:/00_STM32/STM32F103/TEST/stm32f103_fw/src/lib" -I"D:/00_STM32/STM32F103/TEST/stm32f103_fw/src/lib/cube_f103/Drivers/CMSIS/Device/ST/STM32F1xx/Include" -I"D:/00_STM32/STM32F103/TEST/stm32f103_fw/src/lib/cube_f103/Drivers/CMSIS/Include" -I"D:/00_STM32/STM32F103/TEST/stm32f103_fw/src/lib/cube_f103/Drivers/STM32F1xx_HAL_Driver/Inc" -I"D:/00_STM32/STM32F103/TEST/stm32f103_fw/src/common/hw/include" -I"D:/00_STM32/STM32F103/TEST/stm32f103_fw/src/lib/cube_f103/Middlewares/ST/STM32_USB_Device_Library/Class/CDC/Inc" -I"D:/00_STM32/STM32F103/TEST/stm32f103_fw/src/lib/cube_f103/Middlewares/ST/STM32_USB_Device_Library/Core/Inc" -I"D:/00_STM32/STM32F103/TEST/stm32f103_fw/src/lib/cube_f103/USB_DEVICE/App" -I"D:/00_STM32/STM32F103/TEST/stm32f103_fw/src/lib/cube_f103/USB_DEVICE/Target" -Os -ffunction-sections -fdata-sections -Wall -fstack-usage -MMD -MP -MF"src/hw/driver/led.d" -MT"src/hw/driver/led.o" --specs=nano.specs -mfloat-abi=soft -mthumb -o "src/hw/driver/led.o"
arm-none-eabi-gcc "../src/hw/driver/reset.c" -mcpu=cortex-m3 -std=gnu11 -g3 -DSTM32F103xB -DUSER_VECT_TAB_ADDRESS -c -I"D:/00_STM32/STM32F103/TEST/stm32f103_fw/src" -I"D:/00_STM32/STM32F103/TEST/stm32f103_fw/src/ap" -I"D:/00_STM32/STM32F103/TEST/stm32f103_fw/src/bsp" -I"D:/00_STM32/STM32F103/TEST/stm32f103_fw/src/common" -I"D:/00_STM32/STM32F103/TEST/stm32f103_fw/src/common/core" -I"D:/00_STM32/STM32F103/TEST/stm32f103_fw/src/hw" -I"D:/00_STM32/STM32F103/TEST/stm32f103_fw/src/lib" -I"D:/00_STM32/STM32F103/TEST/stm32f103_fw/src/lib/cube_f103/Drivers/CMSIS/Device/ST/STM32F1xx/Include" -I"D:/00_STM32/STM32F103/TEST/stm32f103_fw/src/lib/cube_f103/Drivers/CMSIS/Include" -I"D:/00_STM32/STM32F103/TEST/stm32f103_fw/src/lib/cube_f103/Drivers/STM32F1xx_HAL_Driver/Inc" -I"D:/00_STM32/STM32F103/TEST/stm32f103_fw/src/common/hw/include" -I"D:/00_STM32/STM32F103/TEST/stm32f103_fw/src/lib/cube_f103/Middlewares/ST/STM32_USB_Device_Library/Class/CDC/Inc" -I"D:/00_STM32/STM32F103/TEST/stm32f103_fw/src/lib/cube_f103/Middlewares/ST/STM32_USB_Device_Library/Core/Inc" -I"D:/00_STM32/STM32F103/TEST/stm32f103_fw/src/lib/cube_f103/USB_DEVICE/App" -I"D:/00_STM32/STM32F103/TEST/stm32f103_fw/src/lib/cube_f103/USB_DEVICE/Target" -Os -ffunction-sections -fdata-sections -Wall -fstack-usage -MMD -MP -MF"src/hw/driver/reset.d" -MT"src/hw/driver/reset.o" --specs=nano.specs -mfloat-abi=soft -mthumb -o "src/hw/driver/reset.o"
arm-none-eabi-gcc "../src/hw/driver/rtc.c" -mcpu=cortex-m3 -std=gnu11 -g3 -DSTM32F103xB -DUSER_VECT_TAB_ADDRESS -c -I"D:/00_STM32/STM32F103/TEST/stm32f103_fw/src" -I"D:/00_STM32/STM32F103/TEST/stm32f103_fw/src/ap" -I"D:/00_STM32/STM32F103/TEST/stm32f103_fw/src/bsp" -I"D:/00_STM32/STM32F103/TEST/stm32f103_fw/src/common" -I"D:/00_STM32/STM32F103/TEST/stm32f103_fw/src/common/core" -I"D:/00_STM32/STM32F103/TEST/stm32f103_fw/src/hw" -I"D:/00_STM32/STM32F103/TEST/stm32f103_fw/src/lib" -I"D:/00_STM32/STM32F103/TEST/stm32f103_fw/src/lib/cube_f103/Drivers/CMSIS/Device/ST/STM32F1xx/Include" -I"D:/00_STM32/STM32F103/TEST/stm32f103_fw/src/lib/cube_f103/Drivers/CMSIS/Include" -I"D:/00_STM32/STM32F103/TEST/stm32f103_fw/src/lib/cube_f103/Drivers/STM32F1xx_HAL_Driver/Inc" -I"D:/00_STM32/STM32F103/TEST/stm32f103_fw/src/common/hw/include" -I"D:/00_STM32/STM32F103/TEST/stm32f103_fw/src/lib/cube_f103/Middlewares/ST/STM32_USB_Device_Library/Class/CDC/Inc" -I"D:/00_STM32/STM32F103/TEST/stm32f103_fw/src/lib/cube_f103/Middlewares/ST/STM32_USB_Device_Library/Core/Inc" -I"D:/00_STM32/STM32F103/TEST/stm32f103_fw/src/lib/cube_f103/USB_DEVICE/App" -I"D:/00_STM32/STM32F103/TEST/stm32f103_fw/src/lib/cube_f103/USB_DEVICE/Target" -Os -ffunction-sections -fdata-sections -Wall -fstack-usage -MMD -MP -MF"src/hw/driver/rtc.d" -MT"src/hw/driver/rtc.o" --specs=nano.specs -mfloat-abi=soft -mthumb -o "src/hw/driver/rtc.o"
arm-none-eabi-gcc "../src/hw/driver/uart.c" -mcpu=cortex-m3 -std=gnu11 -g3 -DSTM32F103xB -DUSER_VECT_TAB_ADDRESS -c -I"D:/00_STM32/STM32F103/TEST/stm32f103_fw/src" -I"D:/00_STM32/STM32F103/TEST/stm32f103_fw/src/ap" -I"D:/00_STM32/STM32F103/TEST/stm32f103_fw/src/bsp" -I"D:/00_STM32/STM32F103/TEST/stm32f103_fw/src/common" -I"D:/00_STM32/STM32F103/TEST/stm32f103_fw/src/common/core" -I"D:/00_STM32/STM32F103/TEST/stm32f103_fw/src/hw" -I"D:/00_STM32/STM32F103/TEST/stm32f103_fw/src/lib" -I"D:/00_STM32/STM32F103/TEST/stm32f103_fw/src/lib/cube_f103/Drivers/CMSIS/Device/ST/STM32F1xx/Include" -I"D:/00_STM32/STM32F103/TEST/stm32f103_fw/src/lib/cube_f103/Drivers/CMSIS/Include" -I"D:/00_STM32/STM32F103/TEST/stm32f103_fw/src/lib/cube_f103/Drivers/STM32F1xx_HAL_Driver/Inc" -I"D:/00_STM32/STM32F103/TEST/stm32f103_fw/src/common/hw/include" -I"D:/00_STM32/STM32F103/TEST/stm32f103_fw/src/lib/cube_f103/Middlewares/ST/STM32_USB_Device_Library/Class/CDC/Inc" -I"D:/00_STM32/STM32F103/TEST/stm32f103_fw/src/lib/cube_f103/Middlewares/ST/STM32_USB_Device_Library/Core/Inc" -I"D:/00_STM32/STM32F103/TEST/stm32f103_fw/src/lib/cube_f103/USB_DEVICE/App" -I"D:/00_STM32/STM32F103/TEST/stm32f103_fw/src/lib/cube_f103/USB_DEVICE/Target" -Os -ffunction-sections -fdata-sections -Wall -fstack-usage -MMD -MP -MF"src/hw/driver/uart.d" -MT"src/hw/driver/uart.o" --specs=nano.specs -mfloat-abi=soft -mthumb -o "src/hw/driver/uart.o"
arm-none-eabi-gcc "../src/hw/driver/usb.c" -mcpu=cortex-m3 -std=gnu11 -g3 -DSTM32F103xB -DUSER_VECT_TAB_ADDRESS -c -I"D:/00_STM32/STM32F103/TEST/stm32f103_fw/src" -I"D:/00_STM32/STM32F103/TEST/stm32f103_fw/src/ap" -I"D:/00_STM32/STM32F103/TEST/stm32f103_fw/src/bsp" -I"D:/00_STM32/STM32F103/TEST/stm32f103_fw/src/common" -I"D:/00_STM32/STM32F103/TEST/stm32f103_fw/src/common/core" -I"D:/00_STM32/STM32F103/TEST/stm32f103_fw/src/hw" -I"D:/00_STM32/STM32F103/TEST/stm32f103_fw/src/lib" -I"D:/00_STM32/STM32F103/TEST/stm32f103_fw/src/lib/cube_f103/Drivers/CMSIS/Device/ST/STM32F1xx/Include" -I"D:/00_STM32/STM32F103/TEST/stm32f103_fw/src/lib/cube_f103/Drivers/CMSIS/Include" -I"D:/00_STM32/STM32F103/TEST/stm32f103_fw/src/lib/cube_f103/Drivers/STM32F1xx_HAL_Driver/Inc" -I"D:/00_STM32/STM32F103/TEST/stm32f103_fw/src/common/hw/include" -I"D:/00_STM32/STM32F103/TEST/stm32f103_fw/src/lib/cube_f103/Middlewares/ST/STM32_USB_Device_Library/Class/CDC/Inc" -I"D:/00_STM32/STM32F103/TEST/stm32f103_fw/src/lib/cube_f103/Middlewares/ST/STM32_USB_Device_Library/Core/Inc" -I"D:/00_STM32/STM32F103/TEST/stm32f103_fw/src/lib/cube_f103/USB_DEVICE/App" -I"D:/00_STM32/STM32F103/TEST/stm32f103_fw/src/lib/cube_f103/USB_DEVICE/Target" -Os -ffunction-sections -fdata-sections -Wall -fstack-usage -MMD -MP -MF"src/hw/driver/usb.d" -MT"src/hw/driver/usb.o" --specs=nano.specs -mfloat-abi=soft -mthumb -o "src/hw/driver/usb.o"
arm-none-eabi-gcc "../src/hw/hw.c" -mcpu=cortex-m3 -std=gnu11 -g3 -DSTM32F103xB -DUSER_VECT_TAB_ADDRESS -c -I"D:/00_STM32/STM32F103/TEST/stm32f103_fw/src" -I"D:/00_STM32/STM32F103/TEST/stm32f103_fw/src/ap" -I"D:/00_STM32/STM32F103/TEST/stm32f103_fw/src/bsp" -I"D:/00_STM32/STM32F103/TEST/stm32f103_fw/src/common" -I"D:/00_STM32/STM32F103/TEST/stm32f103_fw/src/common/core" -I"D:/00_STM32/STM32F103/TEST/stm32f103_fw/src/hw" -I"D:/00_STM32/STM32F103/TEST/stm32f103_fw/src/lib" -I"D:/00_STM32/STM32F103/TEST/stm32f103_fw/src/lib/cube_f103/Drivers/CMSIS/Device/ST/STM32F1xx/Include" -I"D:/00_STM32/STM32F103/TEST/stm32f103_fw/src/lib/cube_f103/Drivers/CMSIS/Include" -I"D:/00_STM32/STM32F103/TEST/stm32f103_fw/src/lib/cube_f103/Drivers/STM32F1xx_HAL_Driver/Inc" -I"D:/00_STM32/STM32F103/TEST/stm32f103_fw/src/common/hw/include" -I"D:/00_STM32/STM32F103/TEST/stm32f103_fw/src/lib/cube_f103/Middlewares/ST/STM32_USB_Device_Library/Class/CDC/Inc" -I"D:/00_STM32/STM32F103/TEST/stm32f103_fw/src/lib/cube_f103/Middlewares/ST/STM32_USB_Device_Library/Core/Inc" -I"D:/00_STM32/STM32F103/TEST/stm32f103_fw/src/lib/cube_f103/USB_DEVICE/App" -I"D:/00_STM32/STM32F103/TEST/stm32f103_fw/src/lib/cube_f103/USB_DEVICE/Target" -Os -ffunction-sections -fdata-sections -Wall -fstack-usage -MMD -MP -MF"src/hw/hw.d" -MT"src/hw/hw.o" --specs=nano.specs -mfloat-abi=soft -mthumb -o "src/hw/hw.o"
arm-none-eabi-gcc "../src/common/core/qbuffer.c" -mcpu=cortex-m3 -std=gnu11 -g3 -DSTM32F103xB -DUSER_VECT_TAB_ADDRESS -c -I"D:/00_STM32/STM32F103/TEST/stm32f103_fw/src" -I"D:/00_STM32/STM32F103/TEST/stm32f103_fw/src/ap" -I"D:/00_STM32/STM32F103/TEST/stm32f103_fw/src/bsp" -I"D:/00_STM32/STM32F103/TEST/stm32f103_fw/src/common" -I"D:/00_STM32/STM32F103/TEST/stm32f103_fw/src/common/core" -I"D:/00_STM32/STM32F103/TEST/stm32f103_fw/src/hw" -I"D:/00_STM32/STM32F103/TEST/stm32f103_fw/src/lib" -I"D:/00_STM32/STM32F103/TEST/stm32f103_fw/src/lib/cube_f103/Drivers/CMSIS/Device/ST/STM32F1xx/Include" -I"D:/00_STM32/STM32F103/TEST/stm32f103_fw/src/lib/cube_f103/Drivers/CMSIS/Include" -I"D:/00_STM32/STM32F103/TEST/stm32f103_fw/src/lib/cube_f103/Drivers/STM32F1xx_HAL_Driver/Inc" -I"D:/00_STM32/STM32F103/TEST/stm32f103_fw/src/common/hw/include" -I"D:/00_STM32/STM32F103/TEST/stm32f103_fw/src/lib/cube_f103/Middlewares/ST/STM32_USB_Device_Library/Class/CDC/Inc" -I"D:/00_STM32/STM32F103/TEST/stm32f103_fw/src/lib/cube_f103/Middlewares/ST/STM32_USB_Device_Library/Core/Inc" -I"D:/00_STM32/STM32F103/TEST/stm32f103_fw/src/lib/cube_f103/USB_DEVICE/App" -I"D:/00_STM32/STM32F103/TEST/stm32f103_fw/src/lib/cube_f103/USB_DEVICE/Target" -Os -ffunction-sections -fdata-sections -Wall -fstack-usage -MMD -MP -MF"src/common/core/qbuffer.d" -MT"src/common/core/qbuffer.o" --specs=nano.specs -mfloat-abi=soft -mthumb -o "src/common/core/qbuffer.o"
arm-none-eabi-gcc -mcpu=cortex-m3 -g3 -c -x assembler-with-cpp -MMD -MP -MF"src/bsp/startup/startup_stm32f103c8tx.d" -MT"src/bsp/startup/startup_stm32f103c8tx.o" --specs=nano.specs -mfloat-abi=soft -mthumb -o "src/bsp/startup/startup_stm32f103c8tx.o" "../src/bsp/startup/startup_stm32f103c8tx.s"
arm-none-eabi-gcc "../src/bsp/bsp.c" -mcpu=cortex-m3 -std=gnu11 -g3 -DSTM32F103xB -DUSER_VECT_TAB_ADDRESS -c -I"D:/00_STM32/STM32F103/TEST/stm32f103_fw/src" -I"D:/00_STM32/STM32F103/TEST/stm32f103_fw/src/ap" -I"D:/00_STM32/STM32F103/TEST/stm32f103_fw/src/bsp" -I"D:/00_STM32/STM32F103/TEST/stm32f103_fw/src/common" -I"D:/00_STM32/STM32F103/TEST/stm32f103_fw/src/common/core" -I"D:/00_STM32/STM32F103/TEST/stm32f103_fw/src/hw" -I"D:/00_STM32/STM32F103/TEST/stm32f103_fw/src/lib" -I"D:/00_STM32/STM32F103/TEST/stm32f103_fw/src/lib/cube_f103/Drivers/CMSIS/Device/ST/STM32F1xx/Include" -I"D:/00_STM32/STM32F103/TEST/stm32f103_fw/src/lib/cube_f103/Drivers/CMSIS/Include" -I"D:/00_STM32/STM32F103/TEST/stm32f103_fw/src/lib/cube_f103/Drivers/STM32F1xx_HAL_Driver/Inc" -I"D:/00_STM32/STM32F103/TEST/stm32f103_fw/src/common/hw/include" -I"D:/00_STM32/STM32F103/TEST/stm32f103_fw/src/lib/cube_f103/Middlewares/ST/STM32_USB_Device_Library/Class/CDC/Inc" -I"D:/00_STM32/STM32F103/TEST/stm32f103_fw/src/lib/cube_f103/Middlewares/ST/STM32_USB_Device_Library/Core/Inc" -I"D:/00_STM32/STM32F103/TEST/stm32f103_fw/src/lib/cube_f103/USB_DEVICE/App" -I"D:/00_STM32/STM32F103/TEST/stm32f103_fw/src/lib/cube_f103/USB_DEVICE/Target" -Os -ffunction-sections -fdata-sections -Wall -fstack-usage -MMD -MP -MF"src/bsp/bsp.d" -MT"src/bsp/bsp.o" --specs=nano.specs -mfloat-abi=soft -mthumb -o "src/bsp/bsp.o"
arm-none-eabi-gcc "../src/bsp/stm32f1xx_hal_msp.c" -mcpu=cortex-m3 -std=gnu11 -g3 -DSTM32F103xB -DUSER_VECT_TAB_ADDRESS -c -I"D:/00_STM32/STM32F103/TEST/stm32f103_fw/src" -I"D:/00_STM32/STM32F103/TEST/stm32f103_fw/src/ap" -I"D:/00_STM32/STM32F103/TEST/stm32f103_fw/src/bsp" -I"D:/00_STM32/STM32F103/TEST/stm32f103_fw/src/common" -I"D:/00_STM32/STM32F103/TEST/stm32f103_fw/src/common/core" -I"D:/00_STM32/STM32F103/TEST/stm32f103_fw/src/hw" -I"D:/00_STM32/STM32F103/TEST/stm32f103_fw/src/lib" -I"D:/00_STM32/STM32F103/TEST/stm32f103_fw/src/lib/cube_f103/Drivers/CMSIS/Device/ST/STM32F1xx/Include" -I"D:/00_STM32/STM32F103/TEST/stm32f103_fw/src/lib/cube_f103/Drivers/CMSIS/Include" -I"D:/00_STM32/STM32F103/TEST/stm32f103_fw/src/lib/cube_f103/Drivers/STM32F1xx_HAL_Driver/Inc" -I"D:/00_STM32/STM32F103/TEST/stm32f103_fw/src/common/hw/include" -I"D:/00_STM32/STM32F103/TEST/stm32f103_fw/src/lib/cube_f103/Middlewares/ST/STM32_USB_Device_Library/Class/CDC/Inc" -I"D:/00_STM32/STM32F103/TEST/stm32f103_fw/src/lib/cube_f103/Middlewares/ST/STM32_USB_Device_Library/Core/Inc" -I"D:/00_STM32/STM32F103/TEST/stm32f103_fw/src/lib/cube_f103/USB_DEVICE/App" -I"D:/00_STM32/STM32F103/TEST/stm32f103_fw/src/lib/cube_f103/USB_DEVICE/Target" -Os -ffunction-sections -fdata-sections -Wall -fstack-usage -MMD -MP -MF"src/bsp/stm32f1xx_hal_msp.d" -MT"src/bsp/stm32f1xx_hal_msp.o" --specs=nano.specs -mfloat-abi=soft -mthumb -o "src/bsp/stm32f1xx_hal_msp.o"
arm-none-eabi-gcc "../src/bsp/stm32f1xx_it.c" -mcpu=cortex-m3 -std=gnu11 -g3 -DSTM32F103xB -DUSER_VECT_TAB_ADDRESS -c -I"D:/00_STM32/STM32F103/TEST/stm32f103_fw/src" -I"D:/00_STM32/STM32F103/TEST/stm32f103_fw/src/ap" -I"D:/00_STM32/STM32F103/TEST/stm32f103_fw/src/bsp" -I"D:/00_STM32/STM32F103/TEST/stm32f103_fw/src/common" -I"D:/00_STM32/STM32F103/TEST/stm32f103_fw/src/common/core" -I"D:/00_STM32/STM32F103/TEST/stm32f103_fw/src/hw" -I"D:/00_STM32/STM32F103/TEST/stm32f103_fw/src/lib" -I"D:/00_STM32/STM32F103/TEST/stm32f103_fw/src/lib/cube_f103/Drivers/CMSIS/Device/ST/STM32F1xx/Include" -I"D:/00_STM32/STM32F103/TEST/stm32f103_fw/src/lib/cube_f103/Drivers/CMSIS/Include" -I"D:/00_STM32/STM32F103/TEST/stm32f103_fw/src/lib/cube_f103/Drivers/STM32F1xx_HAL_Driver/Inc" -I"D:/00_STM32/STM32F103/TEST/stm32f103_fw/src/common/hw/include" -I"D:/00_STM32/STM32F103/TEST/stm32f103_fw/src/lib/cube_f103/Middlewares/ST/STM32_USB_Device_Library/Class/CDC/Inc" -I"D:/00_STM32/STM32F103/TEST/stm32f103_fw/src/lib/cube_f103/Middlewares/ST/STM32_USB_Device_Library/Core/Inc" -I"D:/00_STM32/STM32F103/TEST/stm32f103_fw/src/lib/cube_f103/USB_DEVICE/App" -I"D:/00_STM32/STM32F103/TEST/stm32f103_fw/src/lib/cube_f103/USB_DEVICE/Target" -Os -ffunction-sections -fdata-sections -Wall -fstack-usage -MMD -MP -MF"src/bsp/stm32f1xx_it.d" -MT"src/bsp/stm32f1xx_it.o" --specs=nano.specs -mfloat-abi=soft -mthumb -o "src/bsp/stm32f1xx_it.o"
arm-none-eabi-gcc "../src/bsp/syscalls.c" -mcpu=cortex-m3 -std=gnu11 -g3 -DSTM32F103xB -DUSER_VECT_TAB_ADDRESS -c -I"D:/00_STM32/STM32F103/TEST/stm32f103_fw/src" -I"D:/00_STM32/STM32F103/TEST/stm32f103_fw/src/ap" -I"D:/00_STM32/STM32F103/TEST/stm32f103_fw/src/bsp" -I"D:/00_STM32/STM32F103/TEST/stm32f103_fw/src/common" -I"D:/00_STM32/STM32F103/TEST/stm32f103_fw/src/common/core" -I"D:/00_STM32/STM32F103/TEST/stm32f103_fw/src/hw" -I"D:/00_STM32/STM32F103/TEST/stm32f103_fw/src/lib" -I"D:/00_STM32/STM32F103/TEST/stm32f103_fw/src/lib/cube_f103/Drivers/CMSIS/Device/ST/STM32F1xx/Include" -I"D:/00_STM32/STM32F103/TEST/stm32f103_fw/src/lib/cube_f103/Drivers/CMSIS/Include" -I"D:/00_STM32/STM32F103/TEST/stm32f103_fw/src/lib/cube_f103/Drivers/STM32F1xx_HAL_Driver/Inc" -I"D:/00_STM32/STM32F103/TEST/stm32f103_fw/src/common/hw/include" -I"D:/00_STM32/STM32F103/TEST/stm32f103_fw/src/lib/cube_f103/Middlewares/ST/STM32_USB_Device_Library/Class/CDC/Inc" -I"D:/00_STM32/STM32F103/TEST/stm32f103_fw/src/lib/cube_f103/Middlewares/ST/STM32_USB_Device_Library/Core/Inc" -I"D:/00_STM32/STM32F103/TEST/stm32f103_fw/src/lib/cube_f103/USB_DEVICE/App" -I"D:/00_STM32/STM32F103/TEST/stm32f103_fw/src/lib/cube_f103/USB_DEVICE/Target" -Os -ffunction-sections -fdata-sections -Wall -fstack-usage -MMD -MP -MF"src/bsp/syscalls.d" -MT"src/bsp/syscalls.o" --specs=nano.specs -mfloat-abi=soft -mthumb -o "src/bsp/syscalls.o"
arm-none-eabi-gcc "../src/bsp/sysmem.c" -mcpu=cortex-m3 -std=gnu11 -g3 -DSTM32F103xB -DUSER_VECT_TAB_ADDRESS -c -I"D:/00_STM32/STM32F103/TEST/stm32f103_fw/src" -I"D:/00_STM32/STM32F103/TEST/stm32f103_fw/src/ap" -I"D:/00_STM32/STM32F103/TEST/stm32f103_fw/src/bsp" -I"D:/00_STM32/STM32F103/TEST/stm32f103_fw/src/common" -I"D:/00_STM32/STM32F103/TEST/stm32f103_fw/src/common/core" -I"D:/00_STM32/STM32F103/TEST/stm32f103_fw/src/hw" -I"D:/00_STM32/STM32F103/TEST/stm32f103_fw/src/lib" -I"D:/00_STM32/STM32F103/TEST/stm32f103_fw/src/lib/cube_f103/Drivers/CMSIS/Device/ST/STM32F1xx/Include" -I"D:/00_STM32/STM32F103/TEST/stm32f103_fw/src/lib/cube_f103/Drivers/CMSIS/Include" -I"D:/00_STM32/STM32F103/TEST/stm32f103_fw/src/lib/cube_f103/Drivers/STM32F1xx_HAL_Driver/Inc" -I"D:/00_STM32/STM32F103/TEST/stm32f103_fw/src/common/hw/include" -I"D:/00_STM32/STM32F103/TEST/stm32f103_fw/src/lib/cube_f103/Middlewares/ST/STM32_USB_Device_Library/Class/CDC/Inc" -I"D:/00_STM32/STM32F103/TEST/stm32f103_fw/src/lib/cube_f103/Middlewares/ST/STM32_USB_Device_Library/Core/Inc" -I"D:/00_STM32/STM32F103/TEST/stm32f103_fw/src/lib/cube_f103/USB_DEVICE/App" -I"D:/00_STM32/STM32F103/TEST/stm32f103_fw/src/lib/cube_f103/USB_DEVICE/Target" -Os -ffunction-sections -fdata-sections -Wall -fstack-usage -MMD -MP -MF"src/bsp/sysmem.d" -MT"src/bsp/sysmem.o" --specs=nano.specs -mfloat-abi=soft -mthumb -o "src/bsp/sysmem.o"
arm-none-eabi-gcc "../src/bsp/system_stm32f1xx.c" -mcpu=cortex-m3 -std=gnu11 -g3 -DSTM32F103xB -DUSER_VECT_TAB_ADDRESS -c -I"D:/00_STM32/STM32F103/TEST/stm32f103_fw/src" -I"D:/00_STM32/STM32F103/TEST/stm32f103_fw/src/ap" -I"D:/00_STM32/STM32F103/TEST/stm32f103_fw/src/bsp" -I"D:/00_STM32/STM32F103/TEST/stm32f103_fw/src/common" -I"D:/00_STM32/STM32F103/TEST/stm32f103_fw/src/common/core" -I"D:/00_STM32/STM32F103/TEST/stm32f103_fw/src/hw" -I"D:/00_STM32/STM32F103/TEST/stm32f103_fw/src/lib" -I"D:/00_STM32/STM32F103/TEST/stm32f103_fw/src/lib/cube_f103/Drivers/CMSIS/Device/ST/STM32F1xx/Include" -I"D:/00_STM32/STM32F103/TEST/stm32f103_fw/src/lib/cube_f103/Drivers/CMSIS/Include" -I"D:/00_STM32/STM32F103/TEST/stm32f103_fw/src/lib/cube_f103/Drivers/STM32F1xx_HAL_Driver/Inc" -I"D:/00_STM32/STM32F103/TEST/stm32f103_fw/src/common/hw/include" -I"D:/00_STM32/STM32F103/TEST/stm32f103_fw/src/lib/cube_f103/Middlewares/ST/STM32_USB_Device_Library/Class/CDC/Inc" -I"D:/00_STM32/STM32F103/TEST/stm32f103_fw/src/lib/cube_f103/Middlewares/ST/STM32_USB_Device_Library/Core/Inc" -I"D:/00_STM32/STM32F103/TEST/stm32f103_fw/src/lib/cube_f103/USB_DEVICE/App" -I"D:/00_STM32/STM32F103/TEST/stm32f103_fw/src/lib/cube_f103/USB_DEVICE/Target" -Os -ffunction-sections -fdata-sections -Wall -fstack-usage -MMD -MP -MF"src/bsp/system_stm32f1xx.d" -MT"src/bsp/system_stm32f1xx.o" --specs=nano.specs -mfloat-abi=soft -mthumb -o "src/bsp/system_stm32f1xx.o"
arm-none-eabi-gcc "../src/ap/ap.c" -mcpu=cortex-m3 -std=gnu11 -g3 -DSTM32F103xB -DUSER_VECT_TAB_ADDRESS -c -I"D:/00_STM32/STM32F103/TEST/stm32f103_fw/src" -I"D:/00_STM32/STM32F103/TEST/stm32f103_fw/src/ap" -I"D:/00_STM32/STM32F103/TEST/stm32f103_fw/src/bsp" -I"D:/00_STM32/STM32F103/TEST/stm32f103_fw/src/common" -I"D:/00_STM32/STM32F103/TEST/stm32f103_fw/src/common/core" -I"D:/00_STM32/STM32F103/TEST/stm32f103_fw/src/hw" -I"D:/00_STM32/STM32F103/TEST/stm32f103_fw/src/lib" -I"D:/00_STM32/STM32F103/TEST/stm32f103_fw/src/lib/cube_f103/Drivers/CMSIS/Device/ST/STM32F1xx/Include" -I"D:/00_STM32/STM32F103/TEST/stm32f103_fw/src/lib/cube_f103/Drivers/CMSIS/Include" -I"D:/00_STM32/STM32F103/TEST/stm32f103_fw/src/lib/cube_f103/Drivers/STM32F1xx_HAL_Driver/Inc" -I"D:/00_STM32/STM32F103/TEST/stm32f103_fw/src/common/hw/include" -I"D:/00_STM32/STM32F103/TEST/stm32f103_fw/src/lib/cube_f103/Middlewares/ST/STM32_USB_Device_Library/Class/CDC/Inc" -I"D:/00_STM32/STM32F103/TEST/stm32f103_fw/src/lib/cube_f103/Middlewares/ST/STM32_USB_Device_Library/Core/Inc" -I"D:/00_STM32/STM32F103/TEST/stm32f103_fw/src/lib/cube_f103/USB_DEVICE/App" -I"D:/00_STM32/STM32F103/TEST/stm32f103_fw/src/lib/cube_f103/USB_DEVICE/Target" -Os -ffunction-sections -fdata-sections -Wall -fstack-usage -MMD -MP -MF"src/ap/ap.d" -MT"src/ap/ap.o" --specs=nano.specs -mfloat-abi=soft -mthumb -o "src/ap/ap.o"
arm-none-eabi-gcc "../src/main.c" -mcpu=cortex-m3 -std=gnu11 -g3 -DSTM32F103xB -DUSER_VECT_TAB_ADDRESS -c -I"D:/00_STM32/STM32F103/TEST/stm32f103_fw/src" -I"D:/00_STM32/STM32F103/TEST/stm32f103_fw/src/ap" -I"D:/00_STM32/STM32F103/TEST/stm32f103_fw/src/bsp" -I"D:/00_STM32/STM32F103/TEST/stm32f103_fw/src/common" -I"D:/00_STM32/STM32F103/TEST/stm32f103_fw/src/common/core" -I"D:/00_STM32/STM32F103/TEST/stm32f103_fw/src/hw" -I"D:/00_STM32/STM32F103/TEST/stm32f103_fw/src/lib" -I"D:/00_STM32/STM32F103/TEST/stm32f103_fw/src/lib/cube_f103/Drivers/CMSIS/Device/ST/STM32F1xx/Include" -I"D:/00_STM32/STM32F103/TEST/stm32f103_fw/src/lib/cube_f103/Drivers/CMSIS/Include" -I"D:/00_STM32/STM32F103/TEST/stm32f103_fw/src/lib/cube_f103/Drivers/STM32F1xx_HAL_Driver/Inc" -I"D:/00_STM32/STM32F103/TEST/stm32f103_fw/src/common/hw/include" -I"D:/00_STM32/STM32F103/TEST/stm32f103_fw/src/lib/cube_f103/Middlewares/ST/STM32_USB_Device_Library/Class/CDC/Inc" -I"D:/00_STM32/STM32F103/TEST/stm32f103_fw/src/lib/cube_f103/Middlewares/ST/STM32_USB_Device_Library/Core/Inc" -I"D:/00_STM32/STM32F103/TEST/stm32f103_fw/src/lib/cube_f103/USB_DEVICE/App" -I"D:/00_STM32/STM32F103/TEST/stm32f103_fw/src/lib/cube_f103/USB_DEVICE/Target" -Os -ffunction-sections -fdata-sections -Wall -fstack-usage -MMD -MP -MF"src/main.d" -MT"src/main.o" --specs=nano.specs -mfloat-abi=soft -mthumb -o "src/main.o"
arm-none-eabi-gcc -o "stm32f103_fw.elf" @"objects.list"   -mcpu=cortex-m3 -T"D:\00_STM32\STM32F103\TEST\stm32f103_fw\src\bsp\ldscript\STM32F103C8TX_FLASH.ld" --specs=nosys.specs -Wl,-Map="stm32f103_fw.map" -Wl,--gc-sections -static --specs=nano.specs -mfloat-abi=soft -mthumb -Wl,--start-group -lc -lm -Wl,--end-group
Finished building target: stm32f103_fw.elf
 
arm-none-eabi-size   stm32f103_fw.elf 
arm-none-eabi-objdump -h -S  stm32f103_fw.elf  > "stm32f103_fw.list"
arm-none-eabi-objcopy  -O binary  stm32f103_fw.elf  "stm32f103_fw.bin"
   text	   data	    bss	    dec	    hex	filename
  16420	    408	   6592	  23420	   5b7c	stm32f103_fw.elf
Finished building: default.size.stdout
 
Finished building: stm32f103_fw.bin
 
Finished building: stm32f103_fw.list
 
