14:47:02 **** Incremental Build of configuration Debug for project stm32f103_boot ****
make -j8 all 
arm-none-eabi-gcc "../src/hw/driver/reset.c" -mcpu=cortex-m3 -std=gnu11 -g3 -DSTM32F103xB -c -I"D:/00_STM32/STM32F103/stm32f103_fw/stm32f103_boot/src" -I"D:/00_STM32/STM32F103/stm32f103_fw/stm32f103_boot/src/common/hw/Include" -I"D:/00_STM32/STM32F103/stm32f103_fw/stm32f103_boot/src/ap" -I"D:/00_STM32/STM32F103/stm32f103_fw/stm32f103_boot/src/bsp" -I"D:/00_STM32/STM32F103/stm32f103_fw/stm32f103_boot/src/common" -I"D:/00_STM32/STM32F103/stm32f103_fw/stm32f103_boot/src/common/core" -I"D:/00_STM32/STM32F103/stm32f103_fw/stm32f103_boot/src/hw" -I"D:/00_STM32/STM32F103/stm32f103_fw/stm32f103_boot/src/lib" -I"D:/00_STM32/STM32F103/stm32f103_fw/stm32f103_boot/src/lib/cube_f103/Drivers/CMSIS/Device/ST/STM32F1xx/Include" -I"D:/00_STM32/STM32F103/stm32f103_fw/stm32f103_boot/src/lib/cube_f103/Drivers/CMSIS/Include" -I"D:/00_STM32/STM32F103/stm32f103_fw/stm32f103_boot/src/lib/cube_f103/Drivers/STM32F1xx_HAL_Driver/Inc" -I"D:/00_STM32/STM32F103/stm32f103_fw/stm32f103_boot/src/lib/cube_f103/Middlewares/ST/STM32_USB_Device_Library/Class/DFU/Inc" -I"D:/00_STM32/STM32F103/stm32f103_fw/stm32f103_boot/src/lib/cube_f103/Middlewares/ST/STM32_USB_Device_Library/Core/Inc" -I"D:/00_STM32/STM32F103/stm32f103_fw/stm32f103_boot/src/lib/cube_f103/USB_DEVICE/App" -I"D:/00_STM32/STM32F103/stm32f103_fw/stm32f103_boot/src/lib/cube_f103/USB_DEVICE/Target" -Os -ffunction-sections -fdata-sections -Wall -fstack-usage -MMD -MP -MF"src/hw/driver/reset.d" -MT"src/hw/driver/reset.o" --specs=nano.specs -mfloat-abi=soft -mthumb -o "src/hw/driver/reset.o"
arm-none-eabi-gcc -o "stm32f103_boot.elf" @"objects.list"   -mcpu=cortex-m3 -T"D:\00_STM32\STM32F103\stm32f103_fw\stm32f103_boot\src\bsp\ldscript\STM32F103C8TX_FLASH.ld" --specs=nosys.specs -Wl,-Map="stm32f103_boot.map" -Wl,--gc-sections -static --specs=nano.specs -mfloat-abi=soft -mthumb -Wl,--start-group -lc -lm -Wl,--end-group
Finished building target: stm32f103_boot.elf
 
arm-none-eabi-size   stm32f103_boot.elf 
arm-none-eabi-objdump -h -S  stm32f103_boot.elf  > "stm32f103_boot.list"
   text	   data	    bss	    dec	    hex	filename
  15476	    252	   5416	  21144	   5298	stm32f103_boot.elf
Finished building: default.size.stdout
 
Finished building: stm32f103_boot.list
 

14:47:03 Build Finished. 0 errors, 0 warnings. (took 1s.492ms)

