../src/lib/cube_f103/USB_DEVICE/App/usbd_cdc_if.c:276:15:CDC_DeInit_FS	0	static
../src/lib/cube_f103/USB_DEVICE/App/usbd_cdc_if.c:290:15:CDC_Control_FS	0	static
../src/lib/cube_f103/USB_DEVICE/App/usbd_cdc_if.c:262:15:CDC_Init_FS	8	static
../src/lib/cube_f103/USB_DEVICE/App/usbd_cdc_if.c:42:10:cdcAvailable	0	static
../src/lib/cube_f103/USB_DEVICE/App/usbd_cdc_if.c:51:10:cdcRead	8	static
../src/lib/cube_f103/USB_DEVICE/App/usbd_cdc_if.c:65:6:cdcDataIn	0	static
../src/lib/cube_f103/USB_DEVICE/App/usbd_cdc_if.c:383:15:CDC_Receive_FS	16	static
../src/lib/cube_f103/USB_DEVICE/App/usbd_cdc_if.c:108:10:cdcGetBaud	0	static
../src/lib/cube_f103/USB_DEVICE/App/usbd_cdc_if.c:114:9:USBD_CDC_SOF	16	static
../src/lib/cube_f103/USB_DEVICE/App/usbd_cdc_if.c:426:9:CDC_Transmit_FS	8	static
../src/lib/cube_f103/USB_DEVICE/App/usbd_cdc_if.c:79:10:cdcWrite	24	static
