../src/lib/cube_f103/Middlewares/ST/STM32_USB_Device_Library/Class/CDC/Src/usbd_cdc.c:739:17:USBD_CDC_EP0_RxReady	8	static
../src/lib/cube_f103/Middlewares/ST/STM32_USB_Device_Library/Class/CDC/Src/usbd_cdc.c:761:18:USBD_CDC_GetFSCfgDesc	0	static
../src/lib/cube_f103/Middlewares/ST/STM32_USB_Device_Library/Class/CDC/Src/usbd_cdc.c:774:18:USBD_CDC_GetHSCfgDesc	0	static
../src/lib/cube_f103/Middlewares/ST/STM32_USB_Device_Library/Class/CDC/Src/usbd_cdc.c:787:18:USBD_CDC_GetOtherSpeedCfgDesc	0	static
../src/lib/cube_f103/Middlewares/ST/STM32_USB_Device_Library/Class/CDC/Src/usbd_cdc.c:799:11:USBD_CDC_GetDeviceQualifierDescriptor	0	static
../src/lib/cube_f103/Middlewares/ST/STM32_USB_Device_Library/Class/CDC/Src/usbd_cdc.c:712:17:USBD_CDC_DataOut	16	static
../src/lib/cube_f103/Middlewares/ST/STM32_USB_Device_Library/Class/CDC/Src/usbd_cdc.c:678:17:USBD_CDC_DataIn	24	static
../src/lib/cube_f103/Middlewares/ST/STM32_USB_Device_Library/Class/CDC/Src/usbd_cdc.c:584:17:USBD_CDC_Setup	40	static
../src/lib/cube_f103/Middlewares/ST/STM32_USB_Device_Library/Class/CDC/Src/usbd_cdc.c:550:17:USBD_CDC_DeInit	16	static
../src/lib/cube_f103/Middlewares/ST/STM32_USB_Device_Library/Class/CDC/Src/usbd_cdc.c:472:17:USBD_CDC_Init	24	static
../src/lib/cube_f103/Middlewares/ST/STM32_USB_Device_Library/Class/CDC/Src/usbd_cdc.c:811:10:USBD_CDC_RegisterInterface	0	static
../src/lib/cube_f103/Middlewares/ST/STM32_USB_Device_Library/Class/CDC/Src/usbd_cdc.c:831:10:USBD_CDC_SetTxBuffer	0	static
../src/lib/cube_f103/Middlewares/ST/STM32_USB_Device_Library/Class/CDC/Src/usbd_cdc.c:850:10:USBD_CDC_SetRxBuffer	0	static
../src/lib/cube_f103/Middlewares/ST/STM32_USB_Device_Library/Class/CDC/Src/usbd_cdc.c:866:10:USBD_CDC_TransmitPacket	8	static
../src/lib/cube_f103/Middlewares/ST/STM32_USB_Device_Library/Class/CDC/Src/usbd_cdc.c:904:10:USBD_CDC_ReceivePacket	8	static
