../src/lib/cube_f103/USB_DEVICE/App/usbd_cdc_if.c:41:10:cdcAvailable	16	static
../src/lib/cube_f103/USB_DEVICE/App/usbd_cdc_if.c:50:10:cdcRead	16	static
../src/lib/cube_f103/USB_DEVICE/App/usbd_cdc_if.c:64:6:cdcDataIn	24	static
../src/lib/cube_f103/USB_DEVICE/App/usbd_cdc_if.c:78:10:cdcWrite	24	static
../src/lib/cube_f103/USB_DEVICE/App/usbd_cdc_if.c:107:10:cdcGetBaud	4	static
../src/lib/cube_f103/USB_DEVICE/App/usbd_cdc_if.c:242:15:CDC_Init_FS	8	static
../src/lib/cube_f103/USB_DEVICE/App/usbd_cdc_if.c:256:15:CDC_DeInit_FS	4	static
../src/lib/cube_f103/USB_DEVICE/App/usbd_cdc_if.c:270:15:CDC_Control_FS	16	static
../src/lib/cube_f103/USB_DEVICE/App/usbd_cdc_if.c:363:15:CDC_Receive_FS	24	static
../src/lib/cube_f103/USB_DEVICE/App/usbd_cdc_if.c:389:9:CDC_Transmit_FS	24	static
