Archive member included to satisfy reference by file (symbol)

d:/st/stm32cubeide_1.9.0/stm32cubeide/plugins/com.st.stm32cube.ide.mcu.externaltools.gnu-tools-for-stm32.10.3-2021.10.win32_1.0.0.202111181127/tools/bin/../lib/gcc/arm-none-eabi/10.3.1/../../../../arm-none-eabi/lib/thumb/v7-m/nofp\libc_nano.a(lib_a-errno.o)
                              ./src/bsp/syscalls.o (__errno)
d:/st/stm32cubeide_1.9.0/stm32cubeide/plugins/com.st.stm32cube.ide.mcu.externaltools.gnu-tools-for-stm32.10.3-2021.10.win32_1.0.0.202111181127/tools/bin/../lib/gcc/arm-none-eabi/10.3.1/../../../../arm-none-eabi/lib/thumb/v7-m/nofp\libc_nano.a(lib_a-exit.o)
                              d:/st/stm32cubeide_1.9.0/stm32cubeide/plugins/com.st.stm32cube.ide.mcu.externaltools.gnu-tools-for-stm32.10.3-2021.10.win32_1.0.0.202111181127/tools/bin/../lib/gcc/arm-none-eabi/10.3.1/../../../../arm-none-eabi/lib/thumb/v7-m/nofp/crt0.o (exit)
d:/st/stm32cubeide_1.9.0/stm32cubeide/plugins/com.st.stm32cube.ide.mcu.externaltools.gnu-tools-for-stm32.10.3-2021.10.win32_1.0.0.202111181127/tools/bin/../lib/gcc/arm-none-eabi/10.3.1/../../../../arm-none-eabi/lib/thumb/v7-m/nofp\libc_nano.a(lib_a-impure.o)
                              d:/st/stm32cubeide_1.9.0/stm32cubeide/plugins/com.st.stm32cube.ide.mcu.externaltools.gnu-tools-for-stm32.10.3-2021.10.win32_1.0.0.202111181127/tools/bin/../lib/gcc/arm-none-eabi/10.3.1/../../../../arm-none-eabi/lib/thumb/v7-m/nofp\libc_nano.a(lib_a-exit.o) (_global_impure_ptr)
d:/st/stm32cubeide_1.9.0/stm32cubeide/plugins/com.st.stm32cube.ide.mcu.externaltools.gnu-tools-for-stm32.10.3-2021.10.win32_1.0.0.202111181127/tools/bin/../lib/gcc/arm-none-eabi/10.3.1/../../../../arm-none-eabi/lib/thumb/v7-m/nofp\libc_nano.a(lib_a-init.o)
                              d:/st/stm32cubeide_1.9.0/stm32cubeide/plugins/com.st.stm32cube.ide.mcu.externaltools.gnu-tools-for-stm32.10.3-2021.10.win32_1.0.0.202111181127/tools/bin/../lib/gcc/arm-none-eabi/10.3.1/../../../../arm-none-eabi/lib/thumb/v7-m/nofp/crt0.o (__libc_init_array)
d:/st/stm32cubeide_1.9.0/stm32cubeide/plugins/com.st.stm32cube.ide.mcu.externaltools.gnu-tools-for-stm32.10.3-2021.10.win32_1.0.0.202111181127/tools/bin/../lib/gcc/arm-none-eabi/10.3.1/../../../../arm-none-eabi/lib/thumb/v7-m/nofp\libc_nano.a(lib_a-memset.o)
                              d:/st/stm32cubeide_1.9.0/stm32cubeide/plugins/com.st.stm32cube.ide.mcu.externaltools.gnu-tools-for-stm32.10.3-2021.10.win32_1.0.0.202111181127/tools/bin/../lib/gcc/arm-none-eabi/10.3.1/../../../../arm-none-eabi/lib/thumb/v7-m/nofp/crt0.o (memset)
d:/st/stm32cubeide_1.9.0/stm32cubeide/plugins/com.st.stm32cube.ide.mcu.externaltools.gnu-tools-for-stm32.10.3-2021.10.win32_1.0.0.202111181127/tools/bin/../lib/gcc/arm-none-eabi/10.3.1/../../../../arm-none-eabi/lib/thumb/v7-m/nofp\libc_nano.a(lib_a-vsnprintf.o)
                              ./src/hw/driver/uart.o (vsnprintf)
d:/st/stm32cubeide_1.9.0/stm32cubeide/plugins/com.st.stm32cube.ide.mcu.externaltools.gnu-tools-for-stm32.10.3-2021.10.win32_1.0.0.202111181127/tools/bin/../lib/gcc/arm-none-eabi/10.3.1/../../../../arm-none-eabi/lib/thumb/v7-m/nofp\libc_nano.a(lib_a-nano-svfprintf.o)
                              d:/st/stm32cubeide_1.9.0/stm32cubeide/plugins/com.st.stm32cube.ide.mcu.externaltools.gnu-tools-for-stm32.10.3-2021.10.win32_1.0.0.202111181127/tools/bin/../lib/gcc/arm-none-eabi/10.3.1/../../../../arm-none-eabi/lib/thumb/v7-m/nofp\libc_nano.a(lib_a-vsnprintf.o) (_svfprintf_r)
d:/st/stm32cubeide_1.9.0/stm32cubeide/plugins/com.st.stm32cube.ide.mcu.externaltools.gnu-tools-for-stm32.10.3-2021.10.win32_1.0.0.202111181127/tools/bin/../lib/gcc/arm-none-eabi/10.3.1/../../../../arm-none-eabi/lib/thumb/v7-m/nofp\libc_nano.a(lib_a-nano-vfprintf_i.o)
                              d:/st/stm32cubeide_1.9.0/stm32cubeide/plugins/com.st.stm32cube.ide.mcu.externaltools.gnu-tools-for-stm32.10.3-2021.10.win32_1.0.0.202111181127/tools/bin/../lib/gcc/arm-none-eabi/10.3.1/../../../../arm-none-eabi/lib/thumb/v7-m/nofp\libc_nano.a(lib_a-nano-svfprintf.o) (_printf_i)
d:/st/stm32cubeide_1.9.0/stm32cubeide/plugins/com.st.stm32cube.ide.mcu.externaltools.gnu-tools-for-stm32.10.3-2021.10.win32_1.0.0.202111181127/tools/bin/../lib/gcc/arm-none-eabi/10.3.1/../../../../arm-none-eabi/lib/thumb/v7-m/nofp\libc_nano.a(lib_a-memchr-stub.o)
                              d:/st/stm32cubeide_1.9.0/stm32cubeide/plugins/com.st.stm32cube.ide.mcu.externaltools.gnu-tools-for-stm32.10.3-2021.10.win32_1.0.0.202111181127/tools/bin/../lib/gcc/arm-none-eabi/10.3.1/../../../../arm-none-eabi/lib/thumb/v7-m/nofp\libc_nano.a(lib_a-nano-svfprintf.o) (memchr)
d:/st/stm32cubeide_1.9.0/stm32cubeide/plugins/com.st.stm32cube.ide.mcu.externaltools.gnu-tools-for-stm32.10.3-2021.10.win32_1.0.0.202111181127/tools/bin/../lib/gcc/arm-none-eabi/10.3.1/../../../../arm-none-eabi/lib/thumb/v7-m/nofp\libc_nano.a(lib_a-memcpy-stub.o)
[...]
Memory Configuration

Name             Origin             Length             Attributes
RAM              0x0000000020000000 0x0000000000005000 xrw
FLASH            0x0000000008000000 0x0000000000010000 xr
*default*        0x0000000000000000 0xffffffffffffffff

Linker script and memory map

LOAD d:/st/stm32cubeide_1.9.0/stm32cubeide/plugins/com.st.stm32cube.ide.mcu.externaltools.gnu-tools-for-stm32.10.3-2021.10.win32_1.0.0.202111181127/tools/bin/../lib/gcc/arm-none-eabi/10.3.1/thumb/v7-m/nofp/crti.o
LOAD d:/st/stm32cubeide_1.9.0/stm32cubeide/plugins/com.st.stm32cube.ide.mcu.externaltools.gnu-tools-for-stm32.10.3-2021.10.win32_1.0.0.202111181127/tools/bin/../lib/gcc/arm-none-eabi/10.3.1/thumb/v7-m/nofp/crtbegin.o
LOAD d:/st/stm32cubeide_1.9.0/stm32cubeide/plugins/com.st.stm32cube.ide.mcu.externaltools.gnu-tools-for-stm32.10.3-2021.10.win32_1.0.0.202111181127/tools/bin/../lib/gcc/arm-none-eabi/10.3.1/../../../../arm-none-eabi/lib/thumb/v7-m/nofp/crt0.o
LOAD ./src/ap/ap.o
LOAD ./src/bsp/bsp.o
LOAD ./src/bsp/stm32f1xx_hal_msp.o
LOAD ./src/bsp/stm32f1xx_it.o
LOAD ./src/bsp/syscalls.o
LOAD ./src/bsp/sysmem.o
LOAD ./src/bsp/system_stm32f1xx.o
LOAD ./src/bsp/startup/startup_stm32f103c8tx.o
LOAD ./src/hw/driver/led.o
LOAD ./src/hw/driver/uart.o
LOAD ./src/hw/hw.o
LOAD ./src/lib/cube_f103/Drivers/STM32F1xx_HAL_Driver/Src/stm32f1xx_hal.o
LOAD ./src/lib/cube_f103/Drivers/STM32F1xx_HAL_Driver/Src/stm32f1xx_hal_cortex.o
LOAD ./src/lib/cube_f103/Drivers/STM32F1xx_HAL_Driver/Src/stm32f1xx_hal_dma.o
LOAD ./src/lib/cube_f103/Drivers/STM32F1xx_HAL_Driver/Src/stm32f1xx_hal_exti.o
LOAD ./src/lib/cube_f103/Drivers/STM32F1xx_HAL_Driver/Src/stm32f1xx_hal_flash.o
LOAD ./src/lib/cube_f103/Drivers/STM32F1xx_HAL_Driver/Src/stm32f1xx_hal_flash_ex.o
LOAD ./src/lib/cube_f103/Drivers/STM32F1xx_HAL_Driver/Src/stm32f1xx_hal_gpio.o
LOAD ./src/lib/cube_f103/Drivers/STM32F1xx_HAL_Driver/Src/stm32f1xx_hal_gpio_ex.o
LOAD ./src/lib/cube_f103/Drivers/STM32F1xx_HAL_Driver/Src/stm32f1xx_hal_pcd.o
LOAD ./src/lib/cube_f103/Drivers/STM32F1xx_HAL_Driver/Src/stm32f1xx_hal_pcd_ex.o
LOAD ./src/lib/cube_f103/Drivers/STM32F1xx_HAL_Driver/Src/stm32f1xx_hal_pwr.o
LOAD ./src/lib/cube_f103/Drivers/STM32F1xx_HAL_Driver/Src/stm32f1xx_hal_rcc.o
LOAD ./src/lib/cube_f103/Drivers/STM32F1xx_HAL_Driver/Src/stm32f1xx_hal_rcc_ex.o
LOAD ./src/lib/cube_f103/Drivers/STM32F1xx_HAL_Driver/Src/stm32f1xx_hal_tim.o
LOAD ./src/lib/cube_f103/Drivers/STM32F1xx_HAL_Driver/Src/stm32f1xx_hal_tim_ex.o
LOAD ./src/lib/cube_f103/Drivers/STM32F1xx_HAL_Driver/Src/stm32f1xx_ll_usb.o
LOAD ./src/lib/cube_f103/Middlewares/ST/STM32_USB_Device_Library/Class/CDC/Src/usbd_cdc.o
LOAD ./src/lib/cube_f103/Middlewares/ST/STM32_USB_Device_Library/Core/Src/usbd_core.o
LOAD ./src/lib/cube_f103/Middlewares/ST/STM32_USB_Device_Library/Core/Src/usbd_ctlreq.o
LOAD ./src/lib/cube_f103/Middlewares/ST/STM32_USB_Device_Library/Core/Src/usbd_ioreq.o
LOAD ./src/lib/cube_f103/USB_DEVICE/App/usb_device.o
LOAD ./src/lib/cube_f103/USB_DEVICE/App/usbd_cdc_if.o
LOAD ./src/lib/cube_f103/USB_DEVICE/App/usbd_desc.o
LOAD ./src/lib/cube_f103/USB_DEVICE/Target/usbd_conf.o
LOAD ./src/main.o
START GROUP
LOAD d:/st/stm32cubeide_1.9.0/stm32cubeide/plugins/com.st.stm32cube.ide.mcu.externaltools.gnu-tools-for-stm32.10.3-2021.10.win32_1.0.0.202111181127/tools/bin/../lib/gcc/arm-none-eabi/10.3.1/../../../../arm-none-eabi/lib/thumb/v7-m/nofp\libc_nano.a
LOAD d:/st/stm32cubeide_1.9.0/stm32cubeide/plugins/com.st.stm32cube.ide.mcu.externaltools.gnu-tools-for-stm32.10.3-2021.10.win32_1.0.0.202111181127/tools/bin/../lib/gcc/arm-none-eabi/10.3.1/../../../../arm-none-eabi/lib/thumb/v7-m/nofp\libm.a
END GROUP
START GROUP
LOAD d:/st/stm32cubeide_1.9.0/stm32cubeide/plugins/com.st.stm32cube.ide.mcu.externaltools.gnu-tools-for-stm32.10.3-2021.10.win32_1.0.0.202111181127/tools/bin/../lib/gcc/arm-none-eabi/10.3.1/thumb/v7-m/nofp\libgcc.a
LOAD d:/st/stm32cubeide_1.9.0/stm32cubeide/plugins/com.st.stm32cube.ide.mcu.externaltools.gnu-tools-for-stm32.10.3-2021.10.win32_1.0.0.202111181127/tools/bin/../lib/gcc/arm-none-eabi/10.3.1/../../../../arm-none-eabi/lib/thumb/v7-m/nofp\libc_nano.a
END GROUP
START GROUP
LOAD d:/st/stm32cubeide_1.9.0/stm32cubeide/plugins/com.st.stm32cube.ide.mcu.externaltools.gnu-tools-for-stm32.10.3-2021.10.win32_1.0.0.202111181127/tools/bin/../lib/gcc/arm-none-eabi/10.3.1/thumb/v7-m/nofp\libgcc.a
LOAD d:/st/stm32cubeide_1.9.0/stm32cubeide/plugins/com.st.stm32cube.ide.mcu.externaltools.gnu-tools-for-stm32.10.3-2021.10.win32_1.0.0.202111181127/tools/bin/../lib/gcc/arm-none-eabi/10.3.1/../../../../arm-none-eabi/lib/thumb/v7-m/nofp\libc_nano.a
LOAD d:/st/stm32cubeide_1.9.0/stm32cubeide/plugins/com.st.stm32cube.ide.mcu.externaltools.gnu-tools-for-stm32.10.3-2021.10.win32_1.0.0.202111181127/tools/bin/../lib/gcc/arm-none-eabi/10.3.1/../../../../arm-none-eabi/lib/thumb/v7-m/nofp\libnosys.a
END GROUP
START GROUP
LOAD d:/st/stm32cubeide_1.9.0/stm32cubeide/plugins/com.st.stm32cube.ide.mcu.externaltools.gnu-tools-for-stm32.10.3-2021.10.win32_1.0.0.202111181127/tools/bin/../lib/gcc/arm-none-eabi/10.3.1/thumb/v7-m/nofp\libgcc.a
LOAD d:/st/stm32cubeide_1.9.0/stm32cubeide/plugins/com.st.stm32cube.ide.mcu.externaltools.gnu-tools-for-stm32.10.3-2021.10.win32_1.0.0.202111181127/tools/bin/../lib/gcc/arm-none-eabi/10.3.1/../../../../arm-none-eabi/lib/thumb/v7-m/nofp\libc_nano.a
LOAD d:/st/stm32cubeide_1.9.0/stm32cubeide/plugins/com.st.stm32cube.ide.mcu.externaltools.gnu-tools-for-stm32.10.3-2021.10.win32_1.0.0.202111181127/tools/bin/../lib/gcc/arm-none-eabi/10.3.1/../../../../arm-none-eabi/lib/thumb/v7-m/nofp\libnosys.a
END GROUP
LOAD d:/st/stm32cubeide_1.9.0/stm32cubeide/plugins/com.st.stm32cube.ide.mcu.externaltools.gnu-tools-for-stm32.10.3-2021.10.win32_1.0.0.202111181127/tools/bin/../lib/gcc/arm-none-eabi/10.3.1/thumb/v7-m/nofp/crtend.o
LOAD d:/st/stm32cubeide_1.9.0/stm32cubeide/plugins/com.st.stm32cube.ide.mcu.externaltools.gnu-tools-for-stm32.10.3-2021.10.win32_1.0.0.202111181127/tools/bin/../lib/gcc/arm-none-eabi/10.3.1/thumb/v7-m/nofp/crtn.o
                0x0000000020005000                _estack = (ORIGIN (RAM) + LENGTH (RAM))
                0x0000000000000200                _Min_Heap_Size = 0x200
                0x0000000000000400                _Min_Stack_Size = 0x400

.isr_vector     0x0000000008000000      0x10c
                0x0000000008000000                . = ALIGN (0x4)
 *(.isr_vector)
 .isr_vector    0x0000000008000000      0x10c ./src/bsp/startup/startup_stm32f103c8tx.o
                0x0000000008000000                g_pfnVectors
                0x000000000800010c                . = ALIGN (0x4)

.text           0x000000000800010c     0x87dc
                0x000000000800010c                . = ALIGN (0x4)
 *(.text)
 .text          0x000000000800010c       0x40 d:/st/stm32cubeide_1.9.0/stm32cubeide/plugins/com.st.stm32cube.ide.mcu.externaltools.gnu-tools-for-stm32.10.3-2021.10.win32_1.0.0.202111181127/tools/bin/../lib/gcc/arm-none-eabi/10.3.1/thumb/v7-m/nofp/crtbegin.o
 *(.text*)
 .text.apInit   0x000000000800014c       0x12 ./src/ap/ap.o
                0x000000000800014c                apInit
 *fill*         0x000000000800015e        0x2 
 .text.apMain   0x0000000008000160       0xa4 ./src/ap/ap.o
                0x0000000008000160                apMain
 .text.bspInit  0x0000000008000204       0xdc ./src/bsp/bsp.o
                0x0000000008000204                bspInit
 .text.delay    0x00000000080002e0       0x16 ./src/bsp/bsp.o
                0x00000000080002e0                delay
 .text.millis   0x00000000080002f6        0xe ./src/bsp/bsp.o
                0x00000000080002f6                millis
 .text.SystemClock_Config
                0x0000000008000304       0xb4 ./src/bsp/bsp.o
                0x0000000008000304                SystemClock_Config
 .text.Error_Handler
                0x00000000080003b8        0xa ./src/bsp/bsp.o
                0x00000000080003b8                Error_Handler
 *fill*         0x00000000080003c2        0x2 
 .text.HAL_MspInit
                0x00000000080003c4       0x64 ./src/bsp/stm32f1xx_hal_msp.o
                0x00000000080003c4                HAL_MspInit
 .text.NMI_Handler
                0x0000000008000428        0x6 ./src/bsp/stm32f1xx_it.o
                0x0000000008000428                NMI_Handler
 .text.HardFault_Handler
                0x000000000800042e        0x6 ./src/bsp/stm32f1xx_it.o
                0x000000000800042e                HardFault_Handler
 .text.MemManage_Handler
                0x0000000008000434        0x6 ./src/bsp/stm32f1xx_it.o
                0x0000000008000434                MemManage_Handler
 .text.BusFault_Handler
                0x000000000800043a        0x6 ./src/bsp/stm32f1xx_it.o
                0x000000000800043a                BusFault_Handler
 .text.UsageFault_Handler
                0x0000000008000440        0x6 ./src/bsp/stm32f1xx_it.o
                0x0000000008000440                UsageFault_Handler
 .text.SVC_Handler
                0x0000000008000446        0xc ./src/bsp/stm32f1xx_it.o
                0x0000000008000446                SVC_Handler
 .text.DebugMon_Handler
                0x0000000008000452        0xc ./src/bsp/stm32f1xx_it.o
                0x0000000008000452                DebugMon_Handler
 .text.PendSV_Handler
                0x000000000800045e        0xc ./src/bsp/stm32f1xx_it.o
                0x000000000800045e                PendSV_Handler
 .text.SysTick_Handler
                0x000000000800046a        0xc ./src/bsp/stm32f1xx_it.o
                0x000000000800046a                SysTick_Handler
 *fill*         0x0000000008000476        0x2 
 .text.USB_LP_CAN1_RX0_IRQHandler
                0x0000000008000478       0x14 ./src/bsp/stm32f1xx_it.o
                0x0000000008000478                USB_LP_CAN1_RX0_IRQHandler
 .text._sbrk    0x000000000800048c       0x6c ./src/bsp/sysmem.o
                0x000000000800048c                _sbrk
 .text.SystemInit
                0x00000000080004f8        0xc ./src/bsp/system_stm32f1xx.o
                0x00000000080004f8                SystemInit
 .text.Reset_Handler
                0x0000000008000504       0x48 ./src/bsp/startup/startup_stm32f103c8tx.o
                0x0000000008000504                Reset_Handler
 .text.Default_Handler
                0x000000000800054c        0x2 ./src/bsp/startup/startup_stm32f103c8tx.o
                0x000000000800054c                RTC_Alarm_IRQHandler
                0x000000000800054c                EXTI2_IRQHandler
                0x000000000800054c                TIM1_CC_IRQHandler
                0x000000000800054c                PVD_IRQHandler
                0x000000000800054c                EXTI3_IRQHandler
                0x000000000800054c                EXTI0_IRQHandler
                0x000000000800054c                I2C2_EV_IRQHandler
                0x000000000800054c                ADC1_2_IRQHandler
                0x000000000800054c                SPI1_IRQHandler
                0x000000000800054c                TAMPER_IRQHandler
                0x000000000800054c                DMA1_Channel4_IRQHandler
                0x000000000800054c                USART3_IRQHandler
                0x000000000800054c                RTC_IRQHandler
                0x000000000800054c                DMA1_Channel7_IRQHandler
                0x000000000800054c                CAN1_RX1_IRQHandler
                0x000000000800054c                TIM4_IRQHandler
                0x000000000800054c                I2C1_EV_IRQHandler
                0x000000000800054c                DMA1_Channel6_IRQHandler
                0x000000000800054c                TIM3_IRQHandler
                0x000000000800054c                RCC_IRQHandler
                0x000000000800054c                TIM1_TRG_COM_IRQHandler
                0x000000000800054c                DMA1_Channel1_IRQHandler
                0x000000000800054c                Default_Handler
                0x000000000800054c                EXTI15_10_IRQHandler
                0x000000000800054c                EXTI9_5_IRQHandler
                0x000000000800054c                SPI2_IRQHandler
                0x000000000800054c                DMA1_Channel5_IRQHandler
                0x000000000800054c                EXTI4_IRQHandler
                0x000000000800054c                USB_HP_CAN1_TX_IRQHandler
                0x000000000800054c                DMA1_Channel3_IRQHandler
                0x000000000800054c                TIM1_UP_IRQHandler
                0x000000000800054c                WWDG_IRQHandler
                0x000000000800054c                TIM2_IRQHandler
                0x000000000800054c                TIM1_BRK_IRQHandler
                0x000000000800054c                EXTI1_IRQHandler
                0x000000000800054c                USART2_IRQHandler
                0x000000000800054c                I2C2_ER_IRQHandler
                0x000000000800054c                DMA1_Channel2_IRQHandler
                0x000000000800054c                CAN1_SCE_IRQHandler
                0x000000000800054c                FLASH_IRQHandler
                0x000000000800054c                USART1_IRQHandler
                0x000000000800054c                I2C1_ER_IRQHandler
                0x000000000800054c                USBWakeUp_IRQHandler
 *fill*         0x000000000800054e        0x2 
 .text.ledInit  0x0000000008000550       0xb8 ./src/hw/driver/led.o
                0x0000000008000550                ledInit
 .text.ledOff   0x0000000008000608       0x40 ./src/hw/driver/led.o
                0x0000000008000608                ledOff
 .text.ledToggle
                0x0000000008000648       0x38 ./src/hw/driver/led.o
                0x0000000008000648                ledToggle
 .text.uartInit
                0x0000000008000680       0x34 ./src/hw/driver/uart.o
                0x0000000008000680                uartInit
 .text.uartOpen
                0x00000000080006b4       0x34 ./src/hw/driver/uart.o
                0x00000000080006b4                uartOpen
 .text.uartAvailable
                0x00000000080006e8       0x26 ./src/hw/driver/uart.o
                0x00000000080006e8                uartAvailable
 .text.uartRead
                0x000000000800070e       0x28 ./src/hw/driver/uart.o
                0x000000000800070e                uartRead
 .text.uartWrite
                0x0000000008000736       0x2e ./src/hw/driver/uart.o
                0x0000000008000736                uartWrite
 .text.uartPrintf
                0x0000000008000764       0x70 ./src/hw/driver/uart.o
                0x0000000008000764                uartPrintf
 .text.uartGetBaud
                0x00000000080007d4       0x26 ./src/hw/driver/uart.o
                0x00000000080007d4                uartGetBaud
 .text.hwInit   0x00000000080007fa       0x14 ./src/hw/hw.o
                0x00000000080007fa                hwInit
 *fill*         0x000000000800080e        0x2 
 .text.HAL_Init
                0x0000000008000810       0x2c ./src/lib/cube_f103/Drivers/STM32F1xx_HAL_Driver/Src/stm32f1xx_hal.o
                0x0000000008000810                HAL_Init
 .text.HAL_InitTick
                0x000000000800083c       0x60 ./src/lib/cube_f103/Drivers/STM32F1xx_HAL_Driver/Src/stm32f1xx_hal.o
                0x000000000800083c                HAL_InitTick
 .text.HAL_IncTick
                0x000000000800089c       0x24 ./src/lib/cube_f103/Drivers/STM32F1xx_HAL_Driver/Src/stm32f1xx_hal.o
                0x000000000800089c                HAL_IncTick
 .text.HAL_GetTick
                0x00000000080008c0       0x14 ./src/lib/cube_f103/Drivers/STM32F1xx_HAL_Driver/Src/stm32f1xx_hal.o
                0x00000000080008c0                HAL_GetTick
 .text.HAL_Delay
                0x00000000080008d4       0x48 ./src/lib/cube_f103/Drivers/STM32F1xx_HAL_Driver/Src/stm32f1xx_hal.o
                0x00000000080008d4                HAL_Delay
 .text.__NVIC_SetPriorityGrouping
                0x000000000800091c       0x48 ./src/lib/cube_f103/Drivers/STM32F1xx_HAL_Driver/Src/stm32f1xx_hal_cortex.o
 .text.__NVIC_GetPriorityGrouping
                0x0000000008000964       0x1c ./src/lib/cube_f103/Drivers/STM32F1xx_HAL_Driver/Src/stm32f1xx_hal_cortex.o
 .text.__NVIC_EnableIRQ
                0x0000000008000980       0x38 ./src/lib/cube_f103/Drivers/STM32F1xx_HAL_Driver/Src/stm32f1xx_hal_cortex.o
 .text.__NVIC_SetPriority
                0x00000000080009b8       0x54 ./src/lib/cube_f103/Drivers/STM32F1xx_HAL_Driver/Src/stm32f1xx_hal_cortex.o
 .text.NVIC_EncodePriority
                0x0000000008000a0c       0x64 ./src/lib/cube_f103/Drivers/STM32F1xx_HAL_Driver/Src/stm32f1xx_hal_cortex.o
 .text.SysTick_Config
                0x0000000008000a70       0x44 ./src/lib/cube_f103/Drivers/STM32F1xx_HAL_Driver/Src/stm32f1xx_hal_cortex.o
 .text.HAL_NVIC_SetPriorityGrouping
                0x0000000008000ab4       0x16 ./src/lib/cube_f103/Drivers/STM32F1xx_HAL_Driver/Src/stm32f1xx_hal_cortex.o
                0x0000000008000ab4                HAL_NVIC_SetPriorityGrouping
 .text.HAL_NVIC_SetPriority
                0x0000000008000aca       0x38 ./src/lib/cube_f103/Drivers/STM32F1xx_HAL_Driver/Src/stm32f1xx_hal_cortex.o
                0x0000000008000aca                HAL_NVIC_SetPriority
 .text.HAL_NVIC_EnableIRQ
                0x0000000008000b02       0x1c ./src/lib/cube_f103/Drivers/STM32F1xx_HAL_Driver/Src/stm32f1xx_hal_cortex.o
                0x0000000008000b02                HAL_NVIC_EnableIRQ
 .text.HAL_SYSTICK_Config
                0x0000000008000b1e       0x18 ./src/lib/cube_f103/Drivers/STM32F1xx_HAL_Driver/Src/stm32f1xx_hal_cortex.o
                0x0000000008000b1e                HAL_SYSTICK_Config
 *fill*         0x0000000008000b36        0x2 
 .text.HAL_GPIO_Init
                0x0000000008000b38      0x308 ./src/lib/cube_f103/Drivers/STM32F1xx_HAL_Driver/Src/stm32f1xx_hal_gpio.o
                0x0000000008000b38                HAL_GPIO_Init
 .text.HAL_GPIO_WritePin
                0x0000000008000e40       0x30 ./src/lib/cube_f103/Drivers/STM32F1xx_HAL_Driver/Src/stm32f1xx_hal_gpio.o
                0x0000000008000e40                HAL_GPIO_WritePin
 .text.HAL_GPIO_TogglePin
                0x0000000008000e70       0x32 ./src/lib/cube_f103/Drivers/STM32F1xx_HAL_Driver/Src/stm32f1xx_hal_gpio.o
                0x0000000008000e70                HAL_GPIO_TogglePin
 .text.HAL_PCD_Init
                0x0000000008000ea2      0x216 ./src/lib/cube_f103/Drivers/STM32F1xx_HAL_Driver/Src/stm32f1xx_hal_pcd.o
                0x0000000008000ea2                HAL_PCD_Init
 .text.HAL_PCD_Start
                0x00000000080010b8       0x4c ./src/lib/cube_f103/Drivers/STM32F1xx_HAL_Driver/Src/stm32f1xx_hal_pcd.o
                0x00000000080010b8                HAL_PCD_Start
 .text.HAL_PCD_IRQHandler
                0x0000000008001104      0x2a6 ./src/lib/cube_f103/Drivers/STM32F1xx_HAL_Driver/Src/stm32f1xx_hal_pcd.o
                0x0000000008001104                HAL_PCD_IRQHandler
 .text.HAL_PCD_SetAddress
                0x00000000080013aa       0x4a ./src/lib/cube_f103/Drivers/STM32F1xx_HAL_Driver/Src/stm32f1xx_hal_pcd.o
                0x00000000080013aa                HAL_PCD_SetAddress
 .text.HAL_PCD_EP_Open
                0x00000000080013f4       0xcc ./src/lib/cube_f103/Drivers/STM32F1xx_HAL_Driver/Src/stm32f1xx_hal_pcd.o
                0x00000000080013f4                HAL_PCD_EP_Open
 .text.HAL_PCD_EP_Close
                0x00000000080014c0       0x90 ./src/lib/cube_f103/Drivers/STM32F1xx_HAL_Driver/Src/stm32f1xx_hal_pcd.o
                0x00000000080014c0                HAL_PCD_EP_Close
 .text.HAL_PCD_EP_Receive
                0x0000000008001550       0x7a ./src/lib/cube_f103/Drivers/STM32F1xx_HAL_Driver/Src/stm32f1xx_hal_pcd.o
                0x0000000008001550                HAL_PCD_EP_Receive
 .text.HAL_PCD_EP_GetRxCount
                0x00000000080015ca       0x2e ./src/lib/cube_f103/Drivers/STM32F1xx_HAL_Driver/Src/stm32f1xx_hal_pcd.o
                0x00000000080015ca                HAL_PCD_EP_GetRxCount
 .text.HAL_PCD_EP_Transmit
                0x00000000080015f8       0x86 ./src/lib/cube_f103/Drivers/STM32F1xx_HAL_Driver/Src/stm32f1xx_hal_pcd.o
                0x00000000080015f8                HAL_PCD_EP_Transmit
 .text.HAL_PCD_EP_SetStall
                0x000000000800167e       0xc0 ./src/lib/cube_f103/Drivers/STM32F1xx_HAL_Driver/Src/stm32f1xx_hal_pcd.o
                0x000000000800167e                HAL_PCD_EP_SetStall
 .text.HAL_PCD_EP_ClrStall
                0x000000000800173e       0xa8 ./src/lib/cube_f103/Drivers/STM32F1xx_HAL_Driver/Src/stm32f1xx_hal_pcd.o
                0x000000000800173e                HAL_PCD_EP_ClrStall
 .text.PCD_EP_ISR_Handler
                0x00000000080017e6      0x600 ./src/lib/cube_f103/Drivers/STM32F1xx_HAL_Driver/Src/stm32f1xx_hal_pcd.o
 .text.HAL_PCD_EP_DB_Receive
                0x0000000008001de6      0x21a ./src/lib/cube_f103/Drivers/STM32F1xx_HAL_Driver/Src/stm32f1xx_hal_pcd.o
 .text.HAL_PCD_EP_DB_Transmit
                0x0000000008002000      0x7a4 ./src/lib/cube_f103/Drivers/STM32F1xx_HAL_Driver/Src/stm32f1xx_hal_pcd.o
 .text.HAL_PCDEx_PMAConfig
                0x00000000080027a4       0x84 ./src/lib/cube_f103/Drivers/STM32F1xx_HAL_Driver/Src/stm32f1xx_hal_pcd_ex.o
                0x00000000080027a4                HAL_PCDEx_PMAConfig
 .text.HAL_RCC_OscConfig
                0x0000000008002828      0x504 ./src/lib/cube_f103/Drivers/STM32F1xx_HAL_Driver/Src/stm32f1xx_hal_rcc.o
                0x0000000008002828                HAL_RCC_OscConfig
 .text.HAL_RCC_ClockConfig
                0x0000000008002d2c      0x1d4 ./src/lib/cube_f103/Drivers/STM32F1xx_HAL_Driver/Src/stm32f1xx_hal_rcc.o
                0x0000000008002d2c                HAL_RCC_ClockConfig
 .text.HAL_RCC_GetSysClockFreq
                0x0000000008002f00       0xbc ./src/lib/cube_f103/Drivers/STM32F1xx_HAL_Driver/Src/stm32f1xx_hal_rcc.o
                0x0000000008002f00                HAL_RCC_GetSysClockFreq
 .text.RCC_Delay
                0x0000000008002fbc       0x3c ./src/lib/cube_f103/Drivers/STM32F1xx_HAL_Driver/Src/stm32f1xx_hal_rcc.o
 .text.HAL_RCCEx_PeriphCLKConfig
                0x0000000008002ff8      0x16c ./src/lib/cube_f103/Drivers/STM32F1xx_HAL_Driver/Src/stm32f1xx_hal_rcc_ex.o
                0x0000000008002ff8                HAL_RCCEx_PeriphCLKConfig
 .text.USB_CoreInit
                0x0000000008003164       0x20 ./src/lib/cube_f103/Drivers/STM32F1xx_HAL_Driver/Src/stm32f1xx_ll_usb.o
                0x0000000008003164                USB_CoreInit
 .text.USB_EnableGlobalInt
                0x0000000008003184       0x2c ./src/lib/cube_f103/Drivers/STM32F1xx_HAL_Driver/Src/stm32f1xx_ll_usb.o
                0x0000000008003184                USB_EnableGlobalInt
 .text.USB_DisableGlobalInt
                0x00000000080031b0       0x34 ./src/lib/cube_f103/Drivers/STM32F1xx_HAL_Driver/Src/stm32f1xx_ll_usb.o
                0x00000000080031b0                USB_DisableGlobalInt
 .text.USB_SetCurrentMode
                0x00000000080031e4       0x18 ./src/lib/cube_f103/Drivers/STM32F1xx_HAL_Driver/Src/stm32f1xx_ll_usb.o
                0x00000000080031e4                USB_SetCurrentMode
 .text.USB_DevInit
                0x00000000080031fc       0x40 ./src/lib/cube_f103/Drivers/STM32F1xx_HAL_Driver/Src/stm32f1xx_ll_usb.o
                0x00000000080031fc                USB_DevInit
 .text.USB_ActivateEndpoint
                0x000000000800323c      0x6d4 ./src/lib/cube_f103/Drivers/STM32F1xx_HAL_Driver/Src/stm32f1xx_ll_usb.o
                0x000000000800323c                USB_ActivateEndpoint
 .text.USB_DeactivateEndpoint
                0x0000000008003910      0x3d8 ./src/lib/cube_f103/Drivers/STM32F1xx_HAL_Driver/Src/stm32f1xx_ll_usb.o
                0x0000000008003910                USB_DeactivateEndpoint
 .text.USB_EPStartXfer
                0x0000000008003ce8     0x1c70 ./src/lib/cube_f103/Drivers/STM32F1xx_HAL_Driver/Src/stm32f1xx_ll_usb.o
                0x0000000008003ce8                USB_EPStartXfer
 .text.USB_EPSetStall
                0x0000000008005958       0xa0 ./src/lib/cube_f103/Drivers/STM32F1xx_HAL_Driver/Src/stm32f1xx_ll_usb.o
                0x0000000008005958                USB_EPSetStall
 .text.USB_EPClearStall
                0x00000000080059f8      0x15a ./src/lib/cube_f103/Drivers/STM32F1xx_HAL_Driver/Src/stm32f1xx_ll_usb.o
                0x00000000080059f8                USB_EPClearStall
 .text.USB_SetDevAddress
                0x0000000008005b52       0x26 ./src/lib/cube_f103/Drivers/STM32F1xx_HAL_Driver/Src/stm32f1xx_ll_usb.o
                0x0000000008005b52                USB_SetDevAddress
 .text.USB_DevConnect
                0x0000000008005b78       0x14 ./src/lib/cube_f103/Drivers/STM32F1xx_HAL_Driver/Src/stm32f1xx_ll_usb.o
                0x0000000008005b78                USB_DevConnect
 .text.USB_DevDisconnect
                0x0000000008005b8c       0x14 ./src/lib/cube_f103/Drivers/STM32F1xx_HAL_Driver/Src/stm32f1xx_ll_usb.o
                0x0000000008005b8c                USB_DevDisconnect
 .text.USB_ReadInterrupts
                0x0000000008005ba0       0x1e ./src/lib/cube_f103/Drivers/STM32F1xx_HAL_Driver/Src/stm32f1xx_ll_usb.o
                0x0000000008005ba0                USB_ReadInterrupts
 .text.USB_EP0_OutStart
                0x0000000008005bbe       0x16 ./src/lib/cube_f103/Drivers/STM32F1xx_HAL_Driver/Src/stm32f1xx_ll_usb.o
                0x0000000008005bbe                USB_EP0_OutStart
 .text.USB_WritePMA
                0x0000000008005bd4       0x8a ./src/lib/cube_f103/Drivers/STM32F1xx_HAL_Driver/Src/stm32f1xx_ll_usb.o
                0x0000000008005bd4                USB_WritePMA
 .text.USB_ReadPMA
                0x0000000008005c5e       0x9e ./src/lib/cube_f103/Drivers/STM32F1xx_HAL_Driver/Src/stm32f1xx_ll_usb.o
                0x0000000008005c5e                USB_ReadPMA
 .text.USBD_CDC_Init
                0x0000000008005cfc       0xf4 ./src/lib/cube_f103/Middlewares/ST/STM32_USB_Device_Library/Class/CDC/Src/usbd_cdc.o
 .text.USBD_CDC_DeInit
                0x0000000008005df0       0x6e ./src/lib/cube_f103/Middlewares/ST/STM32_USB_Device_Library/Class/CDC/Src/usbd_cdc.o
 .text.USBD_CDC_Setup
                0x0000000008005e5e      0x146 ./src/lib/cube_f103/Middlewares/ST/STM32_USB_Device_Library/Class/CDC/Src/usbd_cdc.o
 .text.USBD_CDC_DataIn
                0x0000000008005fa4       0xa6 ./src/lib/cube_f103/Middlewares/ST/STM32_USB_Device_Library/Class/CDC/Src/usbd_cdc.o
 .text.USBD_CDC_DataOut
                0x000000000800604a       0x56 ./src/lib/cube_f103/Middlewares/ST/STM32_USB_Device_Library/Class/CDC/Src/usbd_cdc.o
 .text.USBD_CDC_EP0_RxReady
                0x00000000080060a0       0x50 ./src/lib/cube_f103/Middlewares/ST/STM32_USB_Device_Library/Class/CDC/Src/usbd_cdc.o
 .text.USBD_CDC_GetFSCfgDesc
                0x00000000080060f0       0x20 ./src/lib/cube_f103/Middlewares/ST/STM32_USB_Device_Library/Class/CDC/Src/usbd_cdc.o
 .text.USBD_CDC_GetHSCfgDesc
                0x0000000008006110       0x20 ./src/lib/cube_f103/Middlewares/ST/STM32_USB_Device_Library/Class/CDC/Src/usbd_cdc.o
 .text.USBD_CDC_GetOtherSpeedCfgDesc
                0x0000000008006130       0x20 ./src/lib/cube_f103/Middlewares/ST/STM32_USB_Device_Library/Class/CDC/Src/usbd_cdc.o
 .text.USBD_CDC_GetDeviceQualifierDescriptor
                0x0000000008006150       0x20 ./src/lib/cube_f103/Middlewares/ST/STM32_USB_Device_Library/Class/CDC/Src/usbd_cdc.o
                0x0000000008006150                USBD_CDC_GetDeviceQualifierDescriptor
 .text.USBD_CDC_RegisterInterface
                0x0000000008006170       0x2c ./src/lib/cube_f103/Middlewares/ST/STM32_USB_Device_Library/Class/CDC/Src/usbd_cdc.o
                0x0000000008006170                USBD_CDC_RegisterInterface
 .text.USBD_CDC_SetTxBuffer
                0x000000000800619c       0x32 ./src/lib/cube_f103/Middlewares/ST/STM32_USB_Device_Library/Class/CDC/Src/usbd_cdc.o
                0x000000000800619c                USBD_CDC_SetTxBuffer
 .text.USBD_CDC_SetRxBuffer
                0x00000000080061ce       0x26 ./src/lib/cube_f103/Middlewares/ST/STM32_USB_Device_Library/Class/CDC/Src/usbd_cdc.o
                0x00000000080061ce                USBD_CDC_SetRxBuffer
 .text.USBD_CDC_TransmitPacket
                0x00000000080061f4       0x5e ./src/lib/cube_f103/Middlewares/ST/STM32_USB_Device_Library/Class/CDC/Src/usbd_cdc.o
                0x00000000080061f4                USBD_CDC_TransmitPacket
 .text.USBD_CDC_ReceivePacket
                0x0000000008006252       0x54 ./src/lib/cube_f103/Middlewares/ST/STM32_USB_Device_Library/Class/CDC/Src/usbd_cdc.o
                0x0000000008006252                USBD_CDC_ReceivePacket
 .text.USBD_Init
                0x00000000080062a6       0x56 ./src/lib/cube_f103/Middlewares/ST/STM32_USB_Device_Library/Core/Src/usbd_core.o
                0x00000000080062a6                USBD_Init
 .text.USBD_RegisterClass
                0x00000000080062fc       0x32 ./src/lib/cube_f103/Middlewares/ST/STM32_USB_Device_Library/Core/Src/usbd_core.o
                0x00000000080062fc                USBD_RegisterClass
 .text.USBD_Start
                0x000000000800632e       0x18 ./src/lib/cube_f103/Middlewares/ST/STM32_USB_Device_Library/Core/Src/usbd_core.o
                0x000000000800632e                USBD_Start
 .text.USBD_RunTestMode
                0x0000000008006346       0x14 ./src/lib/cube_f103/Middlewares/ST/STM32_USB_Device_Library/Core/Src/usbd_core.o
                0x0000000008006346                USBD_RunTestMode
 .text.USBD_SetClassConfig
                0x000000000800635a       0x3e ./src/lib/cube_f103/Middlewares/ST/STM32_USB_Device_Library/Core/Src/usbd_core.o
                0x000000000800635a                USBD_SetClassConfig
 .text.USBD_ClrClassConfig
                0x0000000008006398       0x26 ./src/lib/cube_f103/Middlewares/ST/STM32_USB_Device_Library/Core/Src/usbd_core.o
                0x0000000008006398                USBD_ClrClassConfig
 .text.USBD_LL_SetupStage
                0x00000000080063be       0x9a ./src/lib/cube_f103/Middlewares/ST/STM32_USB_Device_Library/Core/Src/usbd_core.o
                0x00000000080063be                USBD_LL_SetupStage
 .text.USBD_LL_DataOutStage
                0x0000000008006458       0xe2 ./src/lib/cube_f103/Middlewares/ST/STM32_USB_Device_Library/Core/Src/usbd_core.o
                0x0000000008006458                USBD_LL_DataOutStage
 .text.USBD_LL_DataInStage
                0x000000000800653a      0x14a ./src/lib/cube_f103/Middlewares/ST/STM32_USB_Device_Library/Core/Src/usbd_core.o
                0x000000000800653a                USBD_LL_DataInStage
 .text.USBD_LL_Reset
                0x0000000008006684       0x82 ./src/lib/cube_f103/Middlewares/ST/STM32_USB_Device_Library/Core/Src/usbd_core.o
                0x0000000008006684                USBD_LL_Reset
 .text.USBD_LL_SetSpeed
                0x0000000008006706       0x1e ./src/lib/cube_f103/Middlewares/ST/STM32_USB_Device_Library/Core/Src/usbd_core.o
                0x0000000008006706                USBD_LL_SetSpeed
 .text.USBD_LL_Suspend
                0x0000000008006724       0x28 ./src/lib/cube_f103/Middlewares/ST/STM32_USB_Device_Library/Core/Src/usbd_core.o
                0x0000000008006724                USBD_LL_Suspend
 .text.USBD_LL_Resume
                0x000000000800674c       0x2a ./src/lib/cube_f103/Middlewares/ST/STM32_USB_Device_Library/Core/Src/usbd_core.o
                0x000000000800674c                USBD_LL_Resume
 .text.USBD_LL_SOF
                0x0000000008006776       0x34 ./src/lib/cube_f103/Middlewares/ST/STM32_USB_Device_Library/Core/Src/usbd_core.o
                0x0000000008006776                USBD_LL_SOF
 *fill*         0x00000000080067aa        0x2 
 .text.USBD_StdDevReq
                0x00000000080067ac       0xd4 ./src/lib/cube_f103/Middlewares/ST/STM32_USB_Device_Library/Core/Src/usbd_ctlreq.o
                0x00000000080067ac                USBD_StdDevReq
 .text.USBD_StdItfReq
                0x0000000008006880       0x90 ./src/lib/cube_f103/Middlewares/ST/STM32_USB_Device_Library/Core/Src/usbd_ctlreq.o
                0x0000000008006880                USBD_StdItfReq
 .text.USBD_StdEPReq
                0x0000000008006910      0x2c6 ./src/lib/cube_f103/Middlewares/ST/STM32_USB_Device_Library/Core/Src/usbd_ctlreq.o
                0x0000000008006910                USBD_StdEPReq
 *fill*         0x0000000008006bd6        0x2 
 .text.USBD_GetDescriptor
                0x0000000008006bd8      0x2d0 ./src/lib/cube_f103/Middlewares/ST/STM32_USB_Device_Library/Core/Src/usbd_ctlreq.o
 .text.USBD_SetAddress
                0x0000000008006ea8       0x86 ./src/lib/cube_f103/Middlewares/ST/STM32_USB_Device_Library/Core/Src/usbd_ctlreq.o
 *fill*         0x0000000008006f2e        0x2 
 .text.USBD_SetConfig
                0x0000000008006f30      0x11c ./src/lib/cube_f103/Middlewares/ST/STM32_USB_Device_Library/Core/Src/usbd_ctlreq.o
 .text.USBD_GetConfig
                0x000000000800704c       0x6a ./src/lib/cube_f103/Middlewares/ST/STM32_USB_Device_Library/Core/Src/usbd_ctlreq.o
 .text.USBD_GetStatus
                0x00000000080070b6       0x66 ./src/lib/cube_f103/Middlewares/ST/STM32_USB_Device_Library/Core/Src/usbd_ctlreq.o
 .text.USBD_SetFeature
                0x000000000800711c       0x28 ./src/lib/cube_f103/Middlewares/ST/STM32_USB_Device_Library/Core/Src/usbd_ctlreq.o
 .text.USBD_ClrFeature
                0x0000000008007144       0x42 ./src/lib/cube_f103/Middlewares/ST/STM32_USB_Device_Library/Core/Src/usbd_ctlreq.o
 .text.USBD_ParseSetupRequest
                0x0000000008007186       0x78 ./src/lib/cube_f103/Middlewares/ST/STM32_USB_Device_Library/Core/Src/usbd_ctlreq.o
                0x0000000008007186                USBD_ParseSetupRequest
 .text.USBD_CtlError
                0x00000000080071fe       0x22 ./src/lib/cube_f103/Middlewares/ST/STM32_USB_Device_Library/Core/Src/usbd_ctlreq.o
                0x00000000080071fe                USBD_CtlError
 .text.USBD_GetString
                0x0000000008007220       0x84 ./src/lib/cube_f103/Middlewares/ST/STM32_USB_Device_Library/Core/Src/usbd_ctlreq.o
                0x0000000008007220                USBD_GetString
 .text.USBD_GetLen
                0x00000000080072a4       0x2e ./src/lib/cube_f103/Middlewares/ST/STM32_USB_Device_Library/Core/Src/usbd_ctlreq.o
 .text.USBD_CtlSendData
                0x00000000080072d2       0x38 ./src/lib/cube_f103/Middlewares/ST/STM32_USB_Device_Library/Core/Src/usbd_ioreq.o
                0x00000000080072d2                USBD_CtlSendData
 .text.USBD_CtlContinueSendData
                0x000000000800730a       0x24 ./src/lib/cube_f103/Middlewares/ST/STM32_USB_Device_Library/Core/Src/usbd_ioreq.o
                0x000000000800730a                USBD_CtlContinueSendData
 .text.USBD_CtlPrepareRx
                0x000000000800732e       0x3c ./src/lib/cube_f103/Middlewares/ST/STM32_USB_Device_Library/Core/Src/usbd_ioreq.o
                0x000000000800732e                USBD_CtlPrepareRx
 .text.USBD_CtlContinueRx
                0x000000000800736a       0x24 ./src/lib/cube_f103/Middlewares/ST/STM32_USB_Device_Library/Core/Src/usbd_ioreq.o
                0x000000000800736a                USBD_CtlContinueRx
 .text.USBD_CtlSendStatus
                0x000000000800738e       0x26 ./src/lib/cube_f103/Middlewares/ST/STM32_USB_Device_Library/Core/Src/usbd_ioreq.o
                0x000000000800738e                USBD_CtlSendStatus
 .text.USBD_CtlReceiveStatus
                0x00000000080073b4       0x26 ./src/lib/cube_f103/Middlewares/ST/STM32_USB_Device_Library/Core/Src/usbd_ioreq.o
                0x00000000080073b4                USBD_CtlReceiveStatus
 *fill*         0x00000000080073da        0x2 
 .text.MX_USB_DEVICE_Init
                0x00000000080073dc       0x60 ./src/lib/cube_f103/USB_DEVICE/App/usb_device.o
                0x00000000080073dc                MX_USB_DEVICE_Init
 .text.cdcAvailable
                0x000000000800743c       0x38 ./src/lib/cube_f103/USB_DEVICE/App/usbd_cdc_if.o
                0x000000000800743c                cdcAvailable
 .text.cdcRead  0x0000000008007474       0x50 ./src/lib/cube_f103/USB_DEVICE/App/usbd_cdc_if.o
                0x0000000008007474                cdcRead
 .text.cdcDataIn
                0x00000000080074c4       0x54 ./src/lib/cube_f103/USB_DEVICE/App/usbd_cdc_if.o
                0x00000000080074c4                cdcDataIn
 .text.cdcWrite
                0x0000000008007518       0x50 ./src/lib/cube_f103/USB_DEVICE/App/usbd_cdc_if.o
                0x0000000008007518                cdcWrite
 .text.cdcGetBaud
                0x0000000008007568       0x14 ./src/lib/cube_f103/USB_DEVICE/App/usbd_cdc_if.o
                0x0000000008007568                cdcGetBaud
 .text.CDC_Init_FS
                0x000000000800757c       0x28 ./src/lib/cube_f103/USB_DEVICE/App/usbd_cdc_if.o
 .text.CDC_DeInit_FS
                0x00000000080075a4        0xe ./src/lib/cube_f103/USB_DEVICE/App/usbd_cdc_if.o
 *fill*         0x00000000080075b2        0x2 
 .text.CDC_Control_FS
                0x00000000080075b4      0x170 ./src/lib/cube_f103/USB_DEVICE/App/usbd_cdc_if.o
 .text.CDC_Receive_FS
                0x0000000008007724       0x4c ./src/lib/cube_f103/USB_DEVICE/App/usbd_cdc_if.o
 .text.CDC_Transmit_FS
                0x0000000008007770       0x4c ./src/lib/cube_f103/USB_DEVICE/App/usbd_cdc_if.o
                0x0000000008007770                CDC_Transmit_FS
 .text.USBD_FS_DeviceDescriptor
                0x00000000080077bc       0x24 ./src/lib/cube_f103/USB_DEVICE/App/usbd_desc.o
                0x00000000080077bc                USBD_FS_DeviceDescriptor
 .text.USBD_FS_LangIDStrDescriptor
                0x00000000080077e0       0x24 ./src/lib/cube_f103/USB_DEVICE/App/usbd_desc.o
                0x00000000080077e0                USBD_FS_LangIDStrDescriptor
 .text.USBD_FS_ProductStrDescriptor
                0x0000000008007804       0x3c ./src/lib/cube_f103/USB_DEVICE/App/usbd_desc.o
                0x0000000008007804                USBD_FS_ProductStrDescriptor
 .text.USBD_FS_ManufacturerStrDescriptor
                0x0000000008007840       0x28 ./src/lib/cube_f103/USB_DEVICE/App/usbd_desc.o
                0x0000000008007840                USBD_FS_ManufacturerStrDescriptor
 .text.USBD_FS_SerialStrDescriptor
                0x0000000008007868       0x24 ./src/lib/cube_f103/USB_DEVICE/App/usbd_desc.o
                0x0000000008007868                USBD_FS_SerialStrDescriptor
 .text.USBD_FS_ConfigStrDescriptor
                0x000000000800788c       0x3c ./src/lib/cube_f103/USB_DEVICE/App/usbd_desc.o
                0x000000000800788c                USBD_FS_ConfigStrDescriptor
 .text.USBD_FS_InterfaceStrDescriptor
                0x00000000080078c8       0x3c ./src/lib/cube_f103/USB_DEVICE/App/usbd_desc.o
                0x00000000080078c8                USBD_FS_InterfaceStrDescriptor
 .text.Get_SerialNum
                0x0000000008007904       0x58 ./src/lib/cube_f103/USB_DEVICE/App/usbd_desc.o
 .text.IntToUnicode
                0x000000000800795c       0x7c ./src/lib/cube_f103/USB_DEVICE/App/usbd_desc.o
 .text.HAL_PCD_MspInit
                0x00000000080079d8       0x4c ./src/lib/cube_f103/USB_DEVICE/Target/usbd_conf.o
                0x00000000080079d8                HAL_PCD_MspInit
 .text.HAL_PCD_SetupStageCallback
                0x0000000008007a24       0x24 ./src/lib/cube_f103/USB_DEVICE/Target/usbd_conf.o
                0x0000000008007a24                HAL_PCD_SetupStageCallback
 .text.HAL_PCD_DataOutStageCallback
                0x0000000008007a48       0x36 ./src/lib/cube_f103/USB_DEVICE/Target/usbd_conf.o
                0x0000000008007a48                HAL_PCD_DataOutStageCallback
 .text.HAL_PCD_DataInStageCallback
                0x0000000008007a7e       0x34 ./src/lib/cube_f103/USB_DEVICE/Target/usbd_conf.o
                0x0000000008007a7e                HAL_PCD_DataInStageCallback
 .text.HAL_PCD_SOFCallback
                0x0000000008007ab2       0x1c ./src/lib/cube_f103/USB_DEVICE/Target/usbd_conf.o
                0x0000000008007ab2                HAL_PCD_SOFCallback
 .text.HAL_PCD_ResetCallback
                0x0000000008007ace       0x3c ./src/lib/cube_f103/USB_DEVICE/Target/usbd_conf.o
                0x0000000008007ace                HAL_PCD_ResetCallback
 *fill*         0x0000000008007b0a        0x2 
 .text.HAL_PCD_SuspendCallback
                0x0000000008007b0c       0x34 ./src/lib/cube_f103/USB_DEVICE/Target/usbd_conf.o
                0x0000000008007b0c                HAL_PCD_SuspendCallback
 .text.HAL_PCD_ResumeCallback
                0x0000000008007b40       0x1c ./src/lib/cube_f103/USB_DEVICE/Target/usbd_conf.o
                0x0000000008007b40                HAL_PCD_ResumeCallback
 .text.USBD_LL_Init
                0x0000000008007b5c       0xb4 ./src/lib/cube_f103/USB_DEVICE/Target/usbd_conf.o
                0x0000000008007b5c                USBD_LL_Init
 .text.USBD_LL_Start
                0x0000000008007c10       0x36 ./src/lib/cube_f103/USB_DEVICE/Target/usbd_conf.o
                0x0000000008007c10                USBD_LL_Start
 .text.USBD_LL_OpenEP
                0x0000000008007c46       0x4c ./src/lib/cube_f103/USB_DEVICE/Target/usbd_conf.o
                0x0000000008007c46                USBD_LL_OpenEP
 .text.USBD_LL_CloseEP
                0x0000000008007c92       0x3e ./src/lib/cube_f103/USB_DEVICE/Target/usbd_conf.o
                0x0000000008007c92                USBD_LL_CloseEP
 .text.USBD_LL_StallEP
                0x0000000008007cd0       0x3e ./src/lib/cube_f103/USB_DEVICE/Target/usbd_conf.o
                0x0000000008007cd0                USBD_LL_StallEP
 .text.USBD_LL_ClearStallEP
                0x0000000008007d0e       0x3e ./src/lib/cube_f103/USB_DEVICE/Target/usbd_conf.o
                0x0000000008007d0e                USBD_LL_ClearStallEP
 .text.USBD_LL_IsStallEP
                0x0000000008007d4c       0x58 ./src/lib/cube_f103/USB_DEVICE/Target/usbd_conf.o
                0x0000000008007d4c                USBD_LL_IsStallEP
 .text.USBD_LL_SetUSBAddress
                0x0000000008007da4       0x3e ./src/lib/cube_f103/USB_DEVICE/Target/usbd_conf.o
                0x0000000008007da4                USBD_LL_SetUSBAddress
 .text.USBD_LL_Transmit
                0x0000000008007de2       0x46 ./src/lib/cube_f103/USB_DEVICE/Target/usbd_conf.o
                0x0000000008007de2                USBD_LL_Transmit
 .text.USBD_LL_PrepareReceive
                0x0000000008007e28       0x46 ./src/lib/cube_f103/USB_DEVICE/Target/usbd_conf.o
                0x0000000008007e28                USBD_LL_PrepareReceive
 .text.USBD_LL_GetRxDataSize
                0x0000000008007e6e       0x26 ./src/lib/cube_f103/USB_DEVICE/Target/usbd_conf.o
                0x0000000008007e6e                USBD_LL_GetRxDataSize
 .text.USBD_static_malloc
                0x0000000008007e94       0x18 ./src/lib/cube_f103/USB_DEVICE/Target/usbd_conf.o
                0x0000000008007e94                USBD_static_malloc
 .text.USBD_static_free
                0x0000000008007eac       0x12 ./src/lib/cube_f103/USB_DEVICE/Target/usbd_conf.o
                0x0000000008007eac                USBD_static_free
 .text.HAL_PCDEx_SetConnectionState
                0x0000000008007ebe       0x16 ./src/lib/cube_f103/USB_DEVICE/Target/usbd_conf.o
                0x0000000008007ebe                HAL_PCDEx_SetConnectionState
 .text.USBD_Get_USB_Status
                0x0000000008007ed4       0x58 ./src/lib/cube_f103/USB_DEVICE/Target/usbd_conf.o
 .text.main     0x0000000008007f2c       0x16 ./src/main.o
                0x0000000008007f2c                main
 *fill*         0x0000000008007f42        0x2 
 .text.__errno  0x0000000008007f44        0xc d:/st/stm32cubeide_1.9.0/stm32cubeide/plugins/com.st.stm32cube.ide.mcu.externaltools.gnu-tools-for-stm32.10.3-2021.10.win32_1.0.0.202111181127/tools/bin/../lib/gcc/arm-none-eabi/10.3.1/../../../../arm-none-eabi/lib/thumb/v7-m/nofp\libc_nano.a(lib_a-errno.o)
                0x0000000008007f44                __errno
 .text.__libc_init_array
                0x0000000008007f50       0x48 d:/st/stm32cubeide_1.9.0/stm32cubeide/plugins/com.st.stm32cube.ide.mcu.externaltools.gnu-tools-for-stm32.10.3-2021.10.win32_1.0.0.202111181127/tools/bin/../lib/gcc/arm-none-eabi/10.3.1/../../../../arm-none-eabi/lib/thumb/v7-m/nofp\libc_nano.a(lib_a-init.o)
                0x0000000008007f50                __libc_init_array
 .text.memset   0x0000000008007f98       0x10 d:/st/stm32cubeide_1.9.0/stm32cubeide/plugins/com.st.stm32cube.ide.mcu.externaltools.gnu-tools-for-stm32.10.3-2021.10.win32_1.0.0.202111181127/tools/bin/../lib/gcc/arm-none-eabi/10.3.1/../../../../arm-none-eabi/lib/thumb/v7-m/nofp\libc_nano.a(lib_a-memset.o)
                0x0000000008007f98                memset
 .text._vsnprintf_r
                0x0000000008007fa8       0x56 d:/st/stm32cubeide_1.9.0/stm32cubeide/plugins/com.st.stm32cube.ide.mcu.externaltools.gnu-tools-for-stm32.10.3-2021.10.win32_1.0.0.202111181127/tools/bin/../lib/gcc/arm-none-eabi/10.3.1/../../../../arm-none-eabi/lib/thumb/v7-m/nofp\libc_nano.a(lib_a-vsnprintf.o)
                0x0000000008007fa8                _vsniprintf_r
                0x0000000008007fa8                _vsnprintf_r
 *fill*         0x0000000008007ffe        0x2 
 .text.vsnprintf
                0x0000000008008000       0x1c d:/st/stm32cubeide_1.9.0/stm32cubeide/plugins/com.st.stm32cube.ide.mcu.externaltools.gnu-tools-for-stm32.10.3-2021.10.win32_1.0.0.202111181127/tools/bin/../lib/gcc/arm-none-eabi/10.3.1/../../../../arm-none-eabi/lib/thumb/v7-m/nofp\libc_nano.a(lib_a-vsnprintf.o)
                0x0000000008008000                vsniprintf
                0x0000000008008000                vsnprintf
 .text.__ssputs_r
                0x000000000800801c       0xb6 d:/st/stm32cubeide_1.9.0/stm32cubeide/plugins/com.st.stm32cube.ide.mcu.externaltools.gnu-tools-for-stm32.10.3-2021.10.win32_1.0.0.202111181127/tools/bin/../lib/gcc/arm-none-eabi/10.3.1/../../../../arm-none-eabi/lib/thumb/v7-m/nofp\libc_nano.a(lib_a-nano-svfprintf.o)
                0x000000000800801c                __ssputs_r
 *fill*         0x00000000080080d2        0x2 
 .text._svfprintf_r
                0x00000000080080d4      0x200 d:/st/stm32cubeide_1.9.0/stm32cubeide/plugins/com.st.stm32cube.ide.mcu.externaltools.gnu-tools-for-stm32.10.3-2021.10.win32_1.0.0.202111181127/tools/bin/../lib/gcc/arm-none-eabi/10.3.1/../../../../arm-none-eabi/lib/thumb/v7-m/nofp\libc_nano.a(lib_a-nano-svfprintf.o)
                0x00000000080080d4                _svfiprintf_r
                0x00000000080080d4                _svfprintf_r
 .text._printf_common
                0x00000000080082d4       0xde d:/st/stm32cubeide_1.9.0/stm32cubeide/plugins/com.st.stm32cube.ide.mcu.externaltools.gnu-tools-for-stm32.10.3-2021.10.win32_1.0.0.202111181127/tools/bin/../lib/gcc/arm-none-eabi/10.3.1/../../../../arm-none-eabi/lib/thumb/v7-m/nofp\libc_nano.a(lib_a-nano-vfprintf_i.o)
                0x00000000080082d4                _printf_common
 *fill*         0x00000000080083b2        0x2 
 .text._printf_i
                0x00000000080083b4      0x24c d:/st/stm32cubeide_1.9.0/stm32cubeide/plugins/com.st.stm32cube.ide.mcu.externaltools.gnu-tools-for-stm32.10.3-2021.10.win32_1.0.0.202111181127/tools/bin/../lib/gcc/arm-none-eabi/10.3.1/../../../../arm-none-eabi/lib/thumb/v7-m/nofp\libc_nano.a(lib_a-nano-vfprintf_i.o)
                0x00000000080083b4                _printf_i
 .text.memchr   0x0000000008008600       0x1c d:/st/stm32cubeide_1.9.0/stm32cubeide/plugins/com.st.stm32cube.ide.mcu.externaltools.gnu-tools-for-stm32.10.3-2021.10.win32_1.0.0.202111181127/tools/bin/../lib/gcc/arm-none-eabi/10.3.1/../../../../arm-none-eabi/lib/thumb/v7-m/nofp\libc_nano.a(lib_a-memchr-stub.o)
                0x0000000008008600                memchr
 .text.memcpy   0x000000000800861c       0x1c d:/st/stm32cubeide_1.9.0/stm32cubeide/plugins/com.st.stm32cube.ide.mcu.externaltools.gnu-tools-for-stm32.10.3-2021.10.win32_1.0.0.202111181127/tools/bin/../lib/gcc/arm-none-eabi/10.3.1/../../../../arm-none-eabi/lib/thumb/v7-m/nofp\libc_nano.a(lib_a-memcpy-stub.o)
                0x000000000800861c                memcpy
 .text.memmove  0x0000000008008638       0x34 d:/st/stm32cubeide_1.9.0/stm32cubeide/plugins/com.st.stm32cube.ide.mcu.externaltools.gnu-tools-for-stm32.10.3-2021.10.win32_1.0.0.202111181127/tools/bin/../lib/gcc/arm-none-eabi/10.3.1/../../../../arm-none-eabi/lib/thumb/v7-m/nofp\libc_nano.a(lib_a-memmove.o)
                0x0000000008008638                memmove
 .text._free_r  0x000000000800866c       0x90 d:/st/stm32cubeide_1.9.0/stm32cubeide/plugins/com.st.stm32cube.ide.mcu.externaltools.gnu-tools-for-stm32.10.3-2021.10.win32_1.0.0.202111181127/tools/bin/../lib/gcc/arm-none-eabi/10.3.1/../../../../arm-none-eabi/lib/thumb/v7-m/nofp\libc_nano.a(lib_a-nano-freer.o)
                0x000000000800866c                _free_r
 .text.sbrk_aligned
                0x00000000080086fc       0x40 d:/st/stm32cubeide_1.9.0/stm32cubeide/plugins/com.st.stm32cube.ide.mcu.externaltools.gnu-tools-for-stm32.10.3-2021.10.win32_1.0.0.202111181127/tools/bin/../lib/gcc/arm-none-eabi/10.3.1/../../../../arm-none-eabi/lib/thumb/v7-m/nofp\libc_nano.a(lib_a-nano-mallocr.o)
 .text._malloc_r
                0x000000000800873c       0xe8 d:/st/stm32cubeide_1.9.0/stm32cubeide/plugins/com.st.stm32cube.ide.mcu.externaltools.gnu-tools-for-stm32.10.3-2021.10.win32_1.0.0.202111181127/tools/bin/../lib/gcc/arm-none-eabi/10.3.1/../../../../arm-none-eabi/lib/thumb/v7-m/nofp\libc_nano.a(lib_a-nano-mallocr.o)
                0x000000000800873c                _malloc_r
 .text._realloc_r
                0x0000000008008824       0x5e d:/st/stm32cubeide_1.9.0/stm32cubeide/plugins/com.st.stm32cube.ide.mcu.externaltools.gnu-tools-for-stm32.10.3-2021.10.win32_1.0.0.202111181127/tools/bin/../lib/gcc/arm-none-eabi/10.3.1/../../../../arm-none-eabi/lib/thumb/v7-m/nofp\libc_nano.a(lib_a-nano-reallocr.o)
                0x0000000008008824                _realloc_r
 *fill*         0x0000000008008882        0x2 
 .text._sbrk_r  0x0000000008008884       0x20 d:/st/stm32cubeide_1.9.0/stm32cubeide/plugins/com.st.stm32cube.ide.mcu.externaltools.gnu-tools-for-stm32.10.3-2021.10.win32_1.0.0.202111181127/tools/bin/../lib/gcc/arm-none-eabi/10.3.1/../../../../arm-none-eabi/lib/thumb/v7-m/nofp\libc_nano.a(lib_a-sbrkr.o)
                0x0000000008008884                _sbrk_r
 .text.__malloc_lock
                0x00000000080088a4        0xc d:/st/stm32cubeide_1.9.0/stm32cubeide/plugins/com.st.stm32cube.ide.mcu.externaltools.gnu-tools-for-stm32.10.3-2021.10.win32_1.0.0.202111181127/tools/bin/../lib/gcc/arm-none-eabi/10.3.1/../../../../arm-none-eabi/lib/thumb/v7-m/nofp\libc_nano.a(lib_a-mlock.o)
                0x00000000080088a4                __malloc_lock
 .text.__malloc_unlock
                0x00000000080088b0        0xc d:/st/stm32cubeide_1.9.0/stm32cubeide/plugins/com.st.stm32cube.ide.mcu.externaltools.gnu-tools-for-stm32.10.3-2021.10.win32_1.0.0.202111181127/tools/bin/../lib/gcc/arm-none-eabi/10.3.1/../../../../arm-none-eabi/lib/thumb/v7-m/nofp\libc_nano.a(lib_a-mlock.o)
                0x00000000080088b0                __malloc_unlock
 .text._malloc_usable_size_r
                0x00000000080088bc       0x10 d:/st/stm32cubeide_1.9.0/stm32cubeide/plugins/com.st.stm32cube.ide.mcu.externaltools.gnu-tools-for-stm32.10.3-2021.10.win32_1.0.0.202111181127/tools/bin/../lib/gcc/arm-none-eabi/10.3.1/../../../../arm-none-eabi/lib/thumb/v7-m/nofp\libc_nano.a(lib_a-nano-msizer.o)
                0x00000000080088bc                _malloc_usable_size_r
 .text.__retarget_lock_acquire_recursive
                0x00000000080088cc        0x2 d:/st/stm32cubeide_1.9.0/stm32cubeide/plugins/com.st.stm32cube.ide.mcu.externaltools.gnu-tools-for-stm32.10.3-2021.10.win32_1.0.0.202111181127/tools/bin/../lib/gcc/arm-none-eabi/10.3.1/../../../../arm-none-eabi/lib/thumb/v7-m/nofp\libc_nano.a(lib_a-lock.o)
                0x00000000080088cc                __retarget_lock_acquire_recursive
 .text.__retarget_lock_release_recursive
                0x00000000080088ce        0x2 d:/st/stm32cubeide_1.9.0/stm32cubeide/plugins/com.st.stm32cube.ide.mcu.externaltools.gnu-tools-for-stm32.10.3-2021.10.win32_1.0.0.202111181127/tools/bin/../lib/gcc/arm-none-eabi/10.3.1/../../../../arm-none-eabi/lib/thumb/v7-m/nofp\libc_nano.a(lib_a-lock.o)
                0x00000000080088ce                __retarget_lock_release_recursive
 *(.glue_7)
 .glue_7        0x00000000080088d0        0x0 linker stubs
 *(.glue_7t)
 .glue_7t       0x00000000080088d0        0x0 linker stubs
 *(.eh_frame)
 .eh_frame      0x00000000080088d0        0x0 d:/st/stm32cubeide_1.9.0/stm32cubeide/plugins/com.st.stm32cube.ide.mcu.externaltools.gnu-tools-for-stm32.10.3-2021.10.win32_1.0.0.202111181127/tools/bin/../lib/gcc/arm-none-eabi/10.3.1/thumb/v7-m/nofp/crtbegin.o
 *(.init)
 .init          0x00000000080088d0        0x4 d:/st/stm32cubeide_1.9.0/stm32cubeide/plugins/com.st.stm32cube.ide.mcu.externaltools.gnu-tools-for-stm32.10.3-2021.10.win32_1.0.0.202111181127/tools/bin/../lib/gcc/arm-none-eabi/10.3.1/thumb/v7-m/nofp/crti.o
                0x00000000080088d0                _init
 .init          0x00000000080088d4        0x8 d:/st/stm32cubeide_1.9.0/stm32cubeide/plugins/com.st.stm32cube.ide.mcu.externaltools.gnu-tools-for-stm32.10.3-2021.10.win32_1.0.0.202111181127/tools/bin/../lib/gcc/arm-none-eabi/10.3.1/thumb/v7-m/nofp/crtn.o
 *(.fini)
 .fini          0x00000000080088dc        0x4 d:/st/stm32cubeide_1.9.0/stm32cubeide/plugins/com.st.stm32cube.ide.mcu.externaltools.gnu-tools-for-stm32.10.3-2021.10.win32_1.0.0.202111181127/tools/bin/../lib/gcc/arm-none-eabi/10.3.1/thumb/v7-m/nofp/crti.o
                0x00000000080088dc                _fini
 .fini          0x00000000080088e0        0x8 d:/st/stm32cubeide_1.9.0/stm32cubeide/plugins/com.st.stm32cube.ide.mcu.externaltools.gnu-tools-for-stm32.10.3-2021.10.win32_1.0.0.202111181127/tools/bin/../lib/gcc/arm-none-eabi/10.3.1/thumb/v7-m/nofp/crtn.o
                0x00000000080088e8                . = ALIGN (0x4)
                0x00000000080088e8                _etext = .

.vfp11_veneer   0x00000000080088e8        0x0
 .vfp11_veneer  0x00000000080088e8        0x0 linker stubs

.v4_bx          0x00000000080088e8        0x0
 .v4_bx         0x00000000080088e8        0x0 linker stubs

.iplt           0x00000000080088e8        0x0
 .iplt          0x00000000080088e8        0x0 d:/st/stm32cubeide_1.9.0/stm32cubeide/plugins/com.st.stm32cube.ide.mcu.externaltools.gnu-tools-for-stm32.10.3-2021.10.win32_1.0.0.202111181127/tools/bin/../lib/gcc/arm-none-eabi/10.3.1/thumb/v7-m/nofp/crtbegin.o

.rodata         0x00000000080088e8       0xd8
                0x00000000080088e8                . = ALIGN (0x4)
 *(.rodata)
 .rodata        0x00000000080088e8       0x3a ./src/ap/ap.o
 *fill*         0x0000000008008922        0x2 
 .rodata        0x0000000008008924       0x10 ./src/lib/cube_f103/Drivers/STM32F1xx_HAL_Driver/Src/stm32f1xx_hal_rcc.o
 .rodata        0x0000000008008934       0x46 ./src/lib/cube_f103/USB_DEVICE/App/usbd_desc.o
 *(.rodata*)
 *fill*         0x000000000800897a        0x2 
 .rodata.AHBPrescTable
                0x000000000800897c       0x10 ./src/bsp/system_stm32f1xx.o
                0x000000000800897c                AHBPrescTable
 .rodata._svfprintf_r.str1.1
                0x000000000800898c       0x11 d:/st/stm32cubeide_1.9.0/stm32cubeide/plugins/com.st.stm32cube.ide.mcu.externaltools.gnu-tools-for-stm32.10.3-2021.10.win32_1.0.0.202111181127/tools/bin/../lib/gcc/arm-none-eabi/10.3.1/../../../../arm-none-eabi/lib/thumb/v7-m/nofp\libc_nano.a(lib_a-nano-svfprintf.o)
 .rodata._printf_i.str1.1
                0x000000000800899d       0x22 d:/st/stm32cubeide_1.9.0/stm32cubeide/plugins/com.st.stm32cube.ide.mcu.externaltools.gnu-tools-for-stm32.10.3-2021.10.win32_1.0.0.202111181127/tools/bin/../lib/gcc/arm-none-eabi/10.3.1/../../../../arm-none-eabi/lib/thumb/v7-m/nofp\libc_nano.a(lib_a-nano-vfprintf_i.o)
                0x00000000080089c0                . = ALIGN (0x4)
 *fill*         0x00000000080089bf        0x1 

.rel.dyn        0x00000000080089c0        0x0
 .rel.iplt      0x00000000080089c0        0x0 d:/st/stm32cubeide_1.9.0/stm32cubeide/plugins/com.st.stm32cube.ide.mcu.externaltools.gnu-tools-for-stm32.10.3-2021.10.win32_1.0.0.202111181127/tools/bin/../lib/gcc/arm-none-eabi/10.3.1/thumb/v7-m/nofp/crtbegin.o

.ARM.extab      0x00000000080089c0        0x0
                0x00000000080089c0                . = ALIGN (0x4)
 *(.ARM.extab* .gnu.linkonce.armextab.*)
                0x00000000080089c0                . = ALIGN (0x4)

.ARM            0x00000000080089c0        0x0
                0x00000000080089c0                . = ALIGN (0x4)
                0x00000000080089c0                __exidx_start = .
 *(.ARM.exidx*)
                0x00000000080089c0                __exidx_end = .
                0x00000000080089c0                . = ALIGN (0x4)

.preinit_array  0x00000000080089c0        0x0
                0x00000000080089c0                . = ALIGN (0x4)
                0x00000000080089c0                PROVIDE (__preinit_array_start = .)
 *(.preinit_array*)
                0x00000000080089c0                PROVIDE (__preinit_array_end = .)
                0x00000000080089c0                . = ALIGN (0x4)

.init_array     0x00000000080089c0        0x4
                0x00000000080089c0                . = ALIGN (0x4)
                0x00000000080089c0                PROVIDE (__init_array_start = .)
 *(SORT_BY_NAME(.init_array.*))
 *(.init_array*)
 .init_array    0x00000000080089c0        0x4 d:/st/stm32cubeide_1.9.0/stm32cubeide/plugins/com.st.stm32cube.ide.mcu.externaltools.gnu-tools-for-stm32.10.3-2021.10.win32_1.0.0.202111181127/tools/bin/../lib/gcc/arm-none-eabi/10.3.1/thumb/v7-m/nofp/crtbegin.o
                0x00000000080089c4                PROVIDE (__init_array_end = .)
                0x00000000080089c4                . = ALIGN (0x4)

.fini_array     0x00000000080089c4        0x4
                0x00000000080089c4                . = ALIGN (0x4)
                [!provide]                        PROVIDE (__fini_array_start = .)
 *(SORT_BY_NAME(.fini_array.*))
 *(.fini_array*)
 .fini_array    0x00000000080089c4        0x4 d:/st/stm32cubeide_1.9.0/stm32cubeide/plugins/com.st.stm32cube.ide.mcu.externaltools.gnu-tools-for-stm32.10.3-2021.10.win32_1.0.0.202111181127/tools/bin/../lib/gcc/arm-none-eabi/10.3.1/thumb/v7-m/nofp/crtbegin.o
                [!provide]                        PROVIDE (__fini_array_end = .)
                0x00000000080089c8                . = ALIGN (0x4)
                0x00000000080089c8                _sidata = LOADADDR (.data)

.data           0x0000000020000000      0x1fc load address 0x00000000080089c8
                0x0000000020000000                . = ALIGN (0x4)
                0x0000000020000000                _sdata = .
 *(.data)
 *(.data*)
 .data.SystemCoreClock
                0x0000000020000000        0x4 ./src/bsp/system_stm32f1xx.o
                0x0000000020000000                SystemCoreClock
 .data.led_tbl  0x0000000020000004       0x10 ./src/hw/driver/led.o
                0x0000000020000004                led_tbl
 .data.uwTickPrio
                0x0000000020000014        0x4 ./src/lib/cube_f103/Drivers/STM32F1xx_HAL_Driver/Src/stm32f1xx_hal.o
                0x0000000020000014                uwTickPrio
 .data.uwTickFreq
                0x0000000020000018        0x1 ./src/lib/cube_f103/Drivers/STM32F1xx_HAL_Driver/Src/stm32f1xx_hal.o
                0x0000000020000018                uwTickFreq
 *fill*         0x0000000020000019        0x3 
 .data.USBD_CDC_DeviceQualifierDesc
                0x000000002000001c        0xa ./src/lib/cube_f103/Middlewares/ST/STM32_USB_Device_Library/Class/CDC/Src/usbd_cdc.o
 *fill*         0x0000000020000026        0x2 
 .data.USBD_CDC
                0x0000000020000028       0x38 ./src/lib/cube_f103/Middlewares/ST/STM32_USB_Device_Library/Class/CDC/Src/usbd_cdc.o
                0x0000000020000028                USBD_CDC
 .data.USBD_CDC_CfgHSDesc
                0x0000000020000060       0x43 ./src/lib/cube_f103/Middlewares/ST/STM32_USB_Device_Library/Class/CDC/Src/usbd_cdc.o
                0x0000000020000060                USBD_CDC_CfgHSDesc
 *fill*         0x00000000200000a3        0x1 
 .data.USBD_CDC_CfgFSDesc
                0x00000000200000a4       0x43 ./src/lib/cube_f103/Middlewares/ST/STM32_USB_Device_Library/Class/CDC/Src/usbd_cdc.o
                0x00000000200000a4                USBD_CDC_CfgFSDesc
 *fill*         0x00000000200000e7        0x1 
 .data.USBD_CDC_OtherSpeedCfgDesc
                0x00000000200000e8       0x43 ./src/lib/cube_f103/Middlewares/ST/STM32_USB_Device_Library/Class/CDC/Src/usbd_cdc.o
                0x00000000200000e8                USBD_CDC_OtherSpeedCfgDesc
 *fill*         0x000000002000012b        0x1 
 .data.LineCoding
                0x000000002000012c        0x8 ./src/lib/cube_f103/USB_DEVICE/App/usbd_cdc_if.o
                0x000000002000012c                LineCoding
 .data.rx_len   0x0000000020000134        0x4 ./src/lib/cube_f103/USB_DEVICE/App/usbd_cdc_if.o
                0x0000000020000134                rx_len
 .data.USBD_Interface_fops_FS
                0x0000000020000138       0x10 ./src/lib/cube_f103/USB_DEVICE/App/usbd_cdc_if.o
                0x0000000020000138                USBD_Interface_fops_FS
 .data.FS_Desc  0x0000000020000148       0x1c ./src/lib/cube_f103/USB_DEVICE/App/usbd_desc.o
                0x0000000020000148                FS_Desc
 .data.USBD_FS_DeviceDesc
                0x0000000020000164       0x12 ./src/lib/cube_f103/USB_DEVICE/App/usbd_desc.o
                0x0000000020000164                USBD_FS_DeviceDesc
 *fill*         0x0000000020000176        0x2 
 .data.USBD_LangIDDesc
                0x0000000020000178        0x4 ./src/lib/cube_f103/USB_DEVICE/App/usbd_desc.o
                0x0000000020000178                USBD_LangIDDesc
 .data.USBD_StringSerial
                0x000000002000017c       0x1a ./src/lib/cube_f103/USB_DEVICE/App/usbd_desc.o
                0x000000002000017c                USBD_StringSerial
 *fill*         0x0000000020000196        0x2 
 .data._impure_ptr
                0x0000000020000198        0x4 d:/st/stm32cubeide_1.9.0/stm32cubeide/plugins/com.st.stm32cube.ide.mcu.externaltools.gnu-tools-for-stm32.10.3-2021.10.win32_1.0.0.202111181127/tools/bin/../lib/gcc/arm-none-eabi/10.3.1/../../../../arm-none-eabi/lib/thumb/v7-m/nofp\libc_nano.a(lib_a-impure.o)
                0x0000000020000198                _impure_ptr
 .data.impure_data
                0x000000002000019c       0x60 d:/st/stm32cubeide_1.9.0/stm32cubeide/plugins/com.st.stm32cube.ide.mcu.externaltools.gnu-tools-for-stm32.10.3-2021.10.win32_1.0.0.202111181127/tools/bin/../lib/gcc/arm-none-eabi/10.3.1/../../../../arm-none-eabi/lib/thumb/v7-m/nofp\libc_nano.a(lib_a-impure.o)
 *(.RamFunc)
 *(.RamFunc*)
                0x00000000200001fc                . = ALIGN (0x4)
                0x00000000200001fc                _edata = .

.igot.plt       0x00000000200001fc        0x0 load address 0x0000000008008bc4
 .igot.plt      0x00000000200001fc        0x0 d:/st/stm32cubeide_1.9.0/stm32cubeide/plugins/com.st.stm32cube.ide.mcu.externaltools.gnu-tools-for-stm32.10.3-2021.10.win32_1.0.0.202111181127/tools/bin/../lib/gcc/arm-none-eabi/10.3.1/thumb/v7-m/nofp/crtbegin.o
                0x00000000200001fc                . = ALIGN (0x4)

.bss            0x00000000200001fc     0x1014 load address 0x0000000008008bc4
                0x00000000200001fc                _sbss = .
                0x00000000200001fc                __bss_start__ = _sbss
 *(.bss)
 .bss           0x00000000200001fc       0x1c d:/st/stm32cubeide_1.9.0/stm32cubeide/plugins/com.st.stm32cube.ide.mcu.externaltools.gnu-tools-for-stm32.10.3-2021.10.win32_1.0.0.202111181127/tools/bin/../lib/gcc/arm-none-eabi/10.3.1/thumb/v7-m/nofp/crtbegin.o
 *(.bss*)
 .bss.__sbrk_heap_end
                0x0000000020000218        0x4 ./src/bsp/sysmem.o
 .bss.is_open   0x000000002000021c        0x1 ./src/hw/driver/uart.o
 *fill*         0x000000002000021d        0x3 
 .bss.uwTick    0x0000000020000220        0x4 ./src/lib/cube_f103/Drivers/STM32F1xx_HAL_Driver/Src/stm32f1xx_hal.o
                0x0000000020000220                uwTick
 .bss.cfgidx.0  0x0000000020000224        0x1 ./src/lib/cube_f103/Middlewares/ST/STM32_USB_Device_Library/Core/Src/usbd_ctlreq.o
 *fill*         0x0000000020000225        0x3 
 .bss.hUsbDeviceFS
                0x0000000020000228      0x2c4 ./src/lib/cube_f103/USB_DEVICE/App/usb_device.o
                0x0000000020000228                hUsbDeviceFS
 .bss.rx_in     0x00000000200004ec        0x4 ./src/lib/cube_f103/USB_DEVICE/App/usbd_cdc_if.o
                0x00000000200004ec                rx_in
 .bss.rx_out    0x00000000200004f0        0x4 ./src/lib/cube_f103/USB_DEVICE/App/usbd_cdc_if.o
                0x00000000200004f0                rx_out
 .bss.rx_buf    0x00000000200004f4      0x200 ./src/lib/cube_f103/USB_DEVICE/App/usbd_cdc_if.o
                0x00000000200004f4                rx_buf
 .bss.UserRxBufferFS
                0x00000000200006f4      0x200 ./src/lib/cube_f103/USB_DEVICE/App/usbd_cdc_if.o
                0x00000000200006f4                UserRxBufferFS
 .bss.UserTxBufferFS
                0x00000000200008f4      0x200 ./src/lib/cube_f103/USB_DEVICE/App/usbd_cdc_if.o
                0x00000000200008f4                UserTxBufferFS
 .bss.USBD_StrDesc
                0x0000000020000af4      0x200 ./src/lib/cube_f103/USB_DEVICE/App/usbd_desc.o
                0x0000000020000af4                USBD_StrDesc
 .bss.hpcd_USB_FS
                0x0000000020000cf4      0x2ec ./src/lib/cube_f103/USB_DEVICE/Target/usbd_conf.o
                0x0000000020000cf4                hpcd_USB_FS
 .bss.mem.0     0x0000000020000fe0      0x220 ./src/lib/cube_f103/USB_DEVICE/Target/usbd_conf.o
 .bss.__malloc_free_list
                0x0000000020001200        0x4 d:/st/stm32cubeide_1.9.0/stm32cubeide/plugins/com.st.stm32cube.ide.mcu.externaltools.gnu-tools-for-stm32.10.3-2021.10.win32_1.0.0.202111181127/tools/bin/../lib/gcc/arm-none-eabi/10.3.1/../../../../arm-none-eabi/lib/thumb/v7-m/nofp\libc_nano.a(lib_a-nano-mallocr.o)
                0x0000000020001200                __malloc_free_list
 .bss.__malloc_sbrk_start
                0x0000000020001204        0x4 d:/st/stm32cubeide_1.9.0/stm32cubeide/plugins/com.st.stm32cube.ide.mcu.externaltools.gnu-tools-for-stm32.10.3-2021.10.win32_1.0.0.202111181127/tools/bin/../lib/gcc/arm-none-eabi/10.3.1/../../../../arm-none-eabi/lib/thumb/v7-m/nofp\libc_nano.a(lib_a-nano-mallocr.o)
                0x0000000020001204                __malloc_sbrk_start
 .bss.errno     0x0000000020001208        0x4 d:/st/stm32cubeide_1.9.0/stm32cubeide/plugins/com.st.stm32cube.ide.mcu.externaltools.gnu-tools-for-stm32.10.3-2021.10.win32_1.0.0.202111181127/tools/bin/../lib/gcc/arm-none-eabi/10.3.1/../../../../arm-none-eabi/lib/thumb/v7-m/nofp\libc_nano.a(lib_a-reent.o)
                0x0000000020001208                errno
 .bss.__lock___malloc_recursive_mutex
                0x000000002000120c        0x1 d:/st/stm32cubeide_1.9.0/stm32cubeide/plugins/com.st.stm32cube.ide.mcu.externaltools.gnu-tools-for-stm32.10.3-2021.10.win32_1.0.0.202111181127/tools/bin/../lib/gcc/arm-none-eabi/10.3.1/../../../../arm-none-eabi/lib/thumb/v7-m/nofp\libc_nano.a(lib_a-lock.o)
                0x000000002000120c                __lock___malloc_recursive_mutex
 *(COMMON)
                0x0000000020001210                . = ALIGN (0x4)
 *fill*         0x000000002000120d        0x3 
                0x0000000020001210                _ebss = .
                0x0000000020001210                __bss_end__ = _ebss

._user_heap_stack
                0x0000000020001210      0x600 load address 0x0000000008008bc4
                0x0000000020001210                . = ALIGN (0x8)
                [!provide]                        PROVIDE (end = .)
                0x0000000020001210                PROVIDE (_end = .)
                0x0000000020001410                . = (. + _Min_Heap_Size)
 *fill*         0x0000000020001210      0x200 
                0x0000000020001810                . = (. + _Min_Stack_Size)
 *fill*         0x0000000020001410      0x400 
                0x0000000020001810                . = ALIGN (0x8)

/DISCARD/
 libc.a(*)
 libm.a(*)
 libgcc.a(*)

.ARM.attributes
                0x0000000000000000       0x29
 *(.ARM.attributes)
 .ARM.attributes
                0x0000000000000000       0x1d d:/st/stm32cubeide_1.9.0/stm32cubeide/plugins/com.st.stm32cube.ide.mcu.externaltools.gnu-tools-for-stm32.10.3-2021.10.win32_1.0.0.202111181127/tools/bin/../lib/gcc/arm-none-eabi/10.3.1/thumb/v7-m/nofp/crti.o
 .ARM.attributes
                0x000000000000001d       0x2d d:/st/stm32cubeide_1.9.0/stm32cubeide/plugins/com.st.stm32cube.ide.mcu.externaltools.gnu-tools-for-stm32.10.3-2021.10.win32_1.0.0.202111181127/tools/bin/../lib/gcc/arm-none-eabi/10.3.1/thumb/v7-m/nofp/crtbegin.o
 .ARM.attributes
                0x000000000000004a       0x2d ./src/ap/ap.o
 .ARM.attributes
                0x0000000000000077       0x2d ./src/bsp/bsp.o
 .ARM.attributes
                0x00000000000000a4       0x2d ./src/bsp/stm32f1xx_hal_msp.o
 .ARM.attributes
                0x00000000000000d1       0x2d ./src/bsp/stm32f1xx_it.o
 .ARM.attributes
                0x00000000000000fe       0x2d ./src/bsp/sysmem.o
 .ARM.attributes
                0x000000000000012b       0x2d ./src/bsp/system_stm32f1xx.o
 .ARM.attributes
                0x0000000000000158       0x21 ./src/bsp/startup/startup_stm32f103c8tx.o
 .ARM.attributes
                0x0000000000000179       0x2d ./src/hw/driver/led.o
 .ARM.attributes
                0x00000000000001a6       0x2d ./src/hw/driver/uart.o
 .ARM.attributes
                0x00000000000001d3       0x2d ./src/hw/hw.o
 .ARM.attributes
                0x0000000000000200       0x2d ./src/lib/cube_f103/Drivers/STM32F1xx_HAL_Driver/Src/stm32f1xx_hal.o
 .ARM.attributes
                0x000000000000022d       0x2d ./src/lib/cube_f103/Drivers/STM32F1xx_HAL_Driver/Src/stm32f1xx_hal_cortex.o
 .ARM.attributes
                0x000000000000025a       0x2d ./src/lib/cube_f103/Drivers/STM32F1xx_HAL_Driver/Src/stm32f1xx_hal_gpio.o
 .ARM.attributes
                0x0000000000000287       0x2d ./src/lib/cube_f103/Drivers/STM32F1xx_HAL_Driver/Src/stm32f1xx_hal_pcd.o
 .ARM.attributes
                0x00000000000002b4       0x2d ./src/lib/cube_f103/Drivers/STM32F1xx_HAL_Driver/Src/stm32f1xx_hal_pcd_ex.o
 .ARM.attributes
                0x00000000000002e1       0x2d ./src/lib/cube_f103/Drivers/STM32F1xx_HAL_Driver/Src/stm32f1xx_hal_rcc.o
 .ARM.attributes
                0x000000000000030e       0x2d ./src/lib/cube_f103/Drivers/STM32F1xx_HAL_Driver/Src/stm32f1xx_hal_rcc_ex.o
 .ARM.attributes
                0x000000000000033b       0x2d ./src/lib/cube_f103/Drivers/STM32F1xx_HAL_Driver/Src/stm32f1xx_ll_usb.o
 .ARM.attributes
                0x0000000000000368       0x2d ./src/lib/cube_f103/Middlewares/ST/STM32_USB_Device_Library/Class/CDC/Src/usbd_cdc.o
 .ARM.attributes
                0x0000000000000395       0x2d ./src/lib/cube_f103/Middlewares/ST/STM32_USB_Device_Library/Core/Src/usbd_core.o
 .ARM.attributes
                0x00000000000003c2       0x2d ./src/lib/cube_f103/Middlewares/ST/STM32_USB_Device_Library/Core/Src/usbd_ctlreq.o
 .ARM.attributes
                0x00000000000003ef       0x2d ./src/lib/cube_f103/Middlewares/ST/STM32_USB_Device_Library/Core/Src/usbd_ioreq.o
 .ARM.attributes
                0x000000000000041c       0x2d ./src/lib/cube_f103/USB_DEVICE/App/usb_device.o
 .ARM.attributes
                0x0000000000000449       0x2d ./src/lib/cube_f103/USB_DEVICE/App/usbd_cdc_if.o
 .ARM.attributes
                0x0000000000000476       0x2d ./src/lib/cube_f103/USB_DEVICE/App/usbd_desc.o
 .ARM.attributes
                0x00000000000004a3       0x2d ./src/lib/cube_f103/USB_DEVICE/Target/usbd_conf.o
 .ARM.attributes
                0x00000000000004d0       0x2d ./src/main.o
 .ARM.attributes
                0x00000000000004fd       0x2d d:/st/stm32cubeide_1.9.0/stm32cubeide/plugins/com.st.stm32cube.ide.mcu.externaltools.gnu-tools-for-stm32.10.3-2021.10.win32_1.0.0.202111181127/tools/bin/../lib/gcc/arm-none-eabi/10.3.1/../../../../arm-none-eabi/lib/thumb/v7-m/nofp\libc_nano.a(lib_a-errno.o)
 .ARM.attributes
                0x000000000000052a       0x2d d:/st/stm32cubeide_1.9.0/stm32cubeide/plugins/com.st.stm32cube.ide.mcu.externaltools.gnu-tools-for-stm32.10.3-2021.10.win32_1.0.0.202111181127/tools/bin/../lib/gcc/arm-none-eabi/10.3.1/../../../../arm-none-eabi/lib/thumb/v7-m/nofp\libc_nano.a(lib_a-impure.o)
 .ARM.attributes
                0x0000000000000557       0x2d d:/st/stm32cubeide_1.9.0/stm32cubeide/plugins/com.st.stm32cube.ide.mcu.externaltools.gnu-tools-for-stm32.10.3-2021.10.win32_1.0.0.202111181127/tools/bin/../lib/gcc/arm-none-eabi/10.3.1/../../../../arm-none-eabi/lib/thumb/v7-m/nofp\libc_nano.a(lib_a-init.o)
 .ARM.attributes
                0x0000000000000584       0x2d d:/st/stm32cubeide_1.9.0/stm32cubeide/plugins/com.st.stm32cube.ide.mcu.externaltools.gnu-tools-for-stm32.10.3-2021.10.win32_1.0.0.202111181127/tools/bin/../lib/gcc/arm-none-eabi/10.3.1/../../../../arm-none-eabi/lib/thumb/v7-m/nofp\libc_nano.a(lib_a-memset.o)
 .ARM.attributes
                0x00000000000005b1       0x2d d:/st/stm32cubeide_1.9.0/stm32cubeide/plugins/com.st.stm32cube.ide.mcu.externaltools.gnu-tools-for-stm32.10.3-2021.10.win32_1.0.0.202111181127/tools/bin/../lib/gcc/arm-none-eabi/10.3.1/../../../../arm-none-eabi/lib/thumb/v7-m/nofp\libc_nano.a(lib_a-vsnprintf.o)
 .ARM.attributes
                0x00000000000005de       0x2d d:/st/stm32cubeide_1.9.0/stm32cubeide/plugins/com.st.stm32cube.ide.mcu.externaltools.gnu-tools-for-stm32.10.3-2021.10.win32_1.0.0.202111181127/tools/bin/../lib/gcc/arm-none-eabi/10.3.1/../../../../arm-none-eabi/lib/thumb/v7-m/nofp\libc_nano.a(lib_a-nano-svfprintf.o)
 .ARM.attributes
                0x000000000000060b       0x2d d:/st/stm32cubeide_1.9.0/stm32cubeide/plugins/com.st.stm32cube.ide.mcu.externaltools.gnu-tools-for-stm32.10.3-2021.10.win32_1.0.0.202111181127/tools/bin/../lib/gcc/arm-none-eabi/10.3.1/../../../../arm-none-eabi/lib/thumb/v7-m/nofp\libc_nano.a(lib_a-nano-vfprintf_i.o)
 .ARM.attributes
                0x0000000000000638       0x2d d:/st/stm32cubeide_1.9.0/stm32cubeide/plugins/com.st.stm32cube.ide.mcu.externaltools.gnu-tools-for-stm32.10.3-2021.10.win32_1.0.0.202111181127/tools/bin/../lib/gcc/arm-none-eabi/10.3.1/../../../../arm-none-eabi/lib/thumb/v7-m/nofp\libc_nano.a(lib_a-memchr-stub.o)
 .ARM.attributes
                0x0000000000000665       0x2d d:/st/stm32cubeide_1.9.0/stm32cubeide/plugins/com.st.stm32cube.ide.mcu.externaltools.gnu-tools-for-stm32.10.3-2021.10.win32_1.0.0.202111181127/tools/bin/../lib/gcc/arm-none-eabi/10.3.1/../../../../arm-none-eabi/lib/thumb/v7-m/nofp\libc_nano.a(lib_a-memcpy-stub.o)
 .ARM.attributes
                0x0000000000000692       0x2d d:/st/stm32cubeide_1.9.0/stm32cubeide/plugins/com.st.stm32cube.ide.mcu.externaltools.gnu-tools-for-stm32.10.3-2021.10.win32_1.0.0.202111181127/tools/bin/../lib/gcc/arm-none-eabi/10.3.1/../../../../arm-none-eabi/lib/thumb/v7-m/nofp\libc_nano.a(lib_a-memmove.o)
 .ARM.attributes
                0x00000000000006bf       0x2d d:/st/stm32cubeide_1.9.0/stm32cubeide/plugins/com.st.stm32cube.ide.mcu.externaltools.gnu-tools-for-stm32.10.3-2021.10.win32_1.0.0.202111181127/tools/bin/../lib/gcc/arm-none-eabi/10.3.1/../../../../arm-none-eabi/lib/thumb/v7-m/nofp\libc_nano.a(lib_a-nano-freer.o)
 .ARM.attributes
                0x00000000000006ec       0x2d d:/st/stm32cubeide_1.9.0/stm32cubeide/plugins/com.st.stm32cube.ide.mcu.externaltools.gnu-tools-for-stm32.10.3-2021.10.win32_1.0.0.202111181127/tools/bin/../lib/gcc/arm-none-eabi/10.3.1/../../../../arm-none-eabi/lib/thumb/v7-m/nofp\libc_nano.a(lib_a-nano-mallocr.o)
 .ARM.attributes
                0x0000000000000719       0x2d d:/st/stm32cubeide_1.9.0/stm32cubeide/plugins/com.st.stm32cube.ide.mcu.externaltools.gnu-tools-for-stm32.10.3-2021.10.win32_1.0.0.202111181127/tools/bin/../lib/gcc/arm-none-eabi/10.3.1/../../../../arm-none-eabi/lib/thumb/v7-m/nofp\libc_nano.a(lib_a-nano-reallocr.o)
 .ARM.attributes
                0x0000000000000746       0x2d d:/st/stm32cubeide_1.9.0/stm32cubeide/plugins/com.st.stm32cube.ide.mcu.externaltools.gnu-tools-for-stm32.10.3-2021.10.win32_1.0.0.202111181127/tools/bin/../lib/gcc/arm-none-eabi/10.3.1/../../../../arm-none-eabi/lib/thumb/v7-m/nofp\libc_nano.a(lib_a-sbrkr.o)
 .ARM.attributes
                0x0000000000000773       0x2d d:/st/stm32cubeide_1.9.0/stm32cubeide/plugins/com.st.stm32cube.ide.mcu.externaltools.gnu-tools-for-stm32.10.3-2021.10.win32_1.0.0.202111181127/tools/bin/../lib/gcc/arm-none-eabi/10.3.1/../../../../arm-none-eabi/lib/thumb/v7-m/nofp\libc_nano.a(lib_a-mlock.o)
 .ARM.attributes
                0x00000000000007a0       0x2d d:/st/stm32cubeide_1.9.0/stm32cubeide/plugins/com.st.stm32cube.ide.mcu.externaltools.gnu-tools-for-stm32.10.3-2021.10.win32_1.0.0.202111181127/tools/bin/../lib/gcc/arm-none-eabi/10.3.1/../../../../arm-none-eabi/lib/thumb/v7-m/nofp\libc_nano.a(lib_a-nano-msizer.o)
 .ARM.attributes
                0x00000000000007cd       0x2d d:/st/stm32cubeide_1.9.0/stm32cubeide/plugins/com.st.stm32cube.ide.mcu.externaltools.gnu-tools-for-stm32.10.3-2021.10.win32_1.0.0.202111181127/tools/bin/../lib/gcc/arm-none-eabi/10.3.1/../../../../arm-none-eabi/lib/thumb/v7-m/nofp\libc_nano.a(lib_a-reent.o)
 .ARM.attributes
                0x00000000000007fa       0x2d d:/st/stm32cubeide_1.9.0/stm32cubeide/plugins/com.st.stm32cube.ide.mcu.externaltools.gnu-tools-for-stm32.10.3-2021.10.win32_1.0.0.202111181127/tools/bin/../lib/gcc/arm-none-eabi/10.3.1/../../../../arm-none-eabi/lib/thumb/v7-m/nofp\libc_nano.a(lib_a-lock.o)
 .ARM.attributes
                0x0000000000000827       0x1d d:/st/stm32cubeide_1.9.0/stm32cubeide/plugins/com.st.stm32cube.ide.mcu.externaltools.gnu-tools-for-stm32.10.3-2021.10.win32_1.0.0.202111181127/tools/bin/../lib/gcc/arm-none-eabi/10.3.1/thumb/v7-m/nofp/crtn.o
OUTPUT(stm32f103_fw.elf elf32-littlearm)
LOAD linker stubs
LOAD d:/st/stm32cubeide_1.9.0/stm32cubeide/plugins/com.st.stm32cube.ide.mcu.externaltools.gnu-tools-for-stm32.10.3-2021.10.win32_1.0.0.202111181127/tools/bin/../lib/gcc/arm-none-eabi/10.3.1/../../../../arm-none-eabi/lib/thumb/v7-m/nofp\libc.a
LOAD d:/st/stm32cubeide_1.9.0/stm32cubeide/plugins/com.st.stm32cube.ide.mcu.externaltools.gnu-tools-for-stm32.10.3-2021.10.win32_1.0.0.202111181127/tools/bin/../lib/gcc/arm-none-eabi/10.3.1/../../../../arm-none-eabi/lib/thumb/v7-m/nofp\libm.a
LOAD d:/st/stm32cubeide_1.9.0/stm32cubeide/plugins/com.st.stm32cube.ide.mcu.externaltools.gnu-tools-for-stm32.10.3-2021.10.win32_1.0.0.202111181127/tools/bin/../lib/gcc/arm-none-eabi/10.3.1/thumb/v7-m/nofp\libgcc.a

.debug_info     0x0000000000000000     0xd352
 .debug_info    0x0000000000000000      0x1b2 ./src/ap/ap.o
 .debug_info    0x00000000000001b2      0x5ef ./src/bsp/bsp.o
 .debug_info    0x00000000000007a1      0x217 ./src/bsp/stm32f1xx_hal_msp.o
 .debug_info    0x00000000000009b8      0x668 ./src/bsp/stm32f1xx_it.o
 .debug_info    0x0000000000001020      0x171 ./src/bsp/sysmem.o
 .debug_info    0x0000000000001191      0x236 ./src/bsp/system_stm32f1xx.o
 .debug_info    0x00000000000013c7       0x22 ./src/bsp/startup/startup_stm32f103c8tx.o
 .debug_info    0x00000000000013e9      0x41b ./src/hw/driver/led.o
 .debug_info    0x0000000000001804      0x38b ./src/hw/driver/uart.o
 .debug_info    0x0000000000001b8f       0xb7 ./src/hw/hw.o
 .debug_info    0x0000000000001c46      0x734 ./src/lib/cube_f103/Drivers/STM32F1xx_HAL_Driver/Src/stm32f1xx_hal.o
 .debug_info    0x000000000000237a      0xb20 ./src/lib/cube_f103/Drivers/STM32F1xx_HAL_Driver/Src/stm32f1xx_hal_cortex.o
 .debug_info    0x0000000000002e9a      0x615 ./src/lib/cube_f103/Drivers/STM32F1xx_HAL_Driver/Src/stm32f1xx_hal_gpio.o
 .debug_info    0x00000000000034af     0x16ab ./src/lib/cube_f103/Drivers/STM32F1xx_HAL_Driver/Src/stm32f1xx_hal_pcd.o
 .debug_info    0x0000000000004b5a      0x728 ./src/lib/cube_f103/Drivers/STM32F1xx_HAL_Driver/Src/stm32f1xx_hal_pcd_ex.o
 .debug_info    0x0000000000005282      0x860 ./src/lib/cube_f103/Drivers/STM32F1xx_HAL_Driver/Src/stm32f1xx_hal_rcc.o
 .debug_info    0x0000000000005ae2      0x3e0 ./src/lib/cube_f103/Drivers/STM32F1xx_HAL_Driver/Src/stm32f1xx_hal_rcc_ex.o
 .debug_info    0x0000000000005ec2     0x190d ./src/lib/cube_f103/Drivers/STM32F1xx_HAL_Driver/Src/stm32f1xx_ll_usb.o
 .debug_info    0x00000000000077cf     0x10f1 ./src/lib/cube_f103/Middlewares/ST/STM32_USB_Device_Library/Class/CDC/Src/usbd_cdc.o
 .debug_info    0x00000000000088c0      0xb02 ./src/lib/cube_f103/Middlewares/ST/STM32_USB_Device_Library/Core/Src/usbd_core.o
 .debug_info    0x00000000000093c2      0x9b6 ./src/lib/cube_f103/Middlewares/ST/STM32_USB_Device_Library/Core/Src/usbd_ctlreq.o
 .debug_info    0x0000000000009d78      0x715 ./src/lib/cube_f103/Middlewares/ST/STM32_USB_Device_Library/Core/Src/usbd_ioreq.o
 .debug_info    0x000000000000a48d      0x679 ./src/lib/cube_f103/USB_DEVICE/App/usb_device.o
 .debug_info    0x000000000000ab06      0x9e7 ./src/lib/cube_f103/USB_DEVICE/App/usbd_cdc_if.o
 .debug_info    0x000000000000b4ed      0x484 ./src/lib/cube_f103/USB_DEVICE/App/usbd_desc.o
 .debug_info    0x000000000000b971     0x1935 ./src/lib/cube_f103/USB_DEVICE/Target/usbd_conf.o
 .debug_info    0x000000000000d2a6       0xac ./src/main.o

.debug_abbrev   0x0000000000000000     0x2e6d
 .debug_abbrev  0x0000000000000000       0xe2 ./src/ap/ap.o
 .debug_abbrev  0x00000000000000e2      0x1f5 ./src/bsp/bsp.o
 .debug_abbrev  0x00000000000002d7       0xd4 ./src/bsp/stm32f1xx_hal_msp.o
 .debug_abbrev  0x00000000000003ab      0x188 ./src/bsp/stm32f1xx_it.o
 .debug_abbrev  0x0000000000000533       0xbb ./src/bsp/sysmem.o
 .debug_abbrev  0x00000000000005ee      0x13b ./src/bsp/system_stm32f1xx.o
 .debug_abbrev  0x0000000000000729       0x12 ./src/bsp/startup/startup_stm32f103c8tx.o
 .debug_abbrev  0x000000000000073b      0x19b ./src/hw/driver/led.o
 .debug_abbrev  0x00000000000008d6      0x175 ./src/hw/driver/uart.o
 .debug_abbrev  0x0000000000000a4b       0x6f ./src/hw/hw.o
 .debug_abbrev  0x0000000000000aba      0x1fb ./src/lib/cube_f103/Drivers/STM32F1xx_HAL_Driver/Src/stm32f1xx_hal.o
 .debug_abbrev  0x0000000000000cb5      0x2ed ./src/lib/cube_f103/Drivers/STM32F1xx_HAL_Driver/Src/stm32f1xx_hal_cortex.o
 .debug_abbrev  0x0000000000000fa2      0x1bb ./src/lib/cube_f103/Drivers/STM32F1xx_HAL_Driver/Src/stm32f1xx_hal_gpio.o
 .debug_abbrev  0x000000000000115d      0x2b9 ./src/lib/cube_f103/Drivers/STM32F1xx_HAL_Driver/Src/stm32f1xx_hal_pcd.o
 .debug_abbrev  0x0000000000001416      0x17f ./src/lib/cube_f103/Drivers/STM32F1xx_HAL_Driver/Src/stm32f1xx_hal_pcd_ex.o
 .debug_abbrev  0x0000000000001595      0x2a8 ./src/lib/cube_f103/Drivers/STM32F1xx_HAL_Driver/Src/stm32f1xx_hal_rcc.o
 .debug_abbrev  0x000000000000183d      0x182 ./src/lib/cube_f103/Drivers/STM32F1xx_HAL_Driver/Src/stm32f1xx_hal_rcc_ex.o
 .debug_abbrev  0x00000000000019bf      0x1cd ./src/lib/cube_f103/Drivers/STM32F1xx_HAL_Driver/Src/stm32f1xx_ll_usb.o
 .debug_abbrev  0x0000000000001b8c      0x2c0 ./src/lib/cube_f103/Middlewares/ST/STM32_USB_Device_Library/Class/CDC/Src/usbd_cdc.o
 .debug_abbrev  0x0000000000001e4c      0x236 ./src/lib/cube_f103/Middlewares/ST/STM32_USB_Device_Library/Core/Src/usbd_core.o
 .debug_abbrev  0x0000000000002082      0x257 ./src/lib/cube_f103/Middlewares/ST/STM32_USB_Device_Library/Core/Src/usbd_ctlreq.o
 .debug_abbrev  0x00000000000022d9      0x183 ./src/lib/cube_f103/Middlewares/ST/STM32_USB_Device_Library/Core/Src/usbd_ioreq.o
 .debug_abbrev  0x000000000000245c      0x183 ./src/lib/cube_f103/USB_DEVICE/App/usb_device.o
 .debug_abbrev  0x00000000000025df      0x333 ./src/lib/cube_f103/USB_DEVICE/App/usbd_cdc_if.o
 .debug_abbrev  0x0000000000002912      0x1fa ./src/lib/cube_f103/USB_DEVICE/App/usbd_desc.o
 .debug_abbrev  0x0000000000002b0c      0x305 ./src/lib/cube_f103/USB_DEVICE/Target/usbd_conf.o
 .debug_abbrev  0x0000000000002e11       0x5c ./src/main.o

.debug_aranges  0x0000000000000000      0xba0
 .debug_aranges
                0x0000000000000000       0x28 ./src/ap/ap.o
 .debug_aranges
                0x0000000000000028       0x40 ./src/bsp/bsp.o
 .debug_aranges
                0x0000000000000068       0x20 ./src/bsp/stm32f1xx_hal_msp.o
 .debug_aranges
                0x0000000000000088       0x68 ./src/bsp/stm32f1xx_it.o
 .debug_aranges
                0x00000000000000f0       0x20 ./src/bsp/sysmem.o
 .debug_aranges
                0x0000000000000110       0x28 ./src/bsp/system_stm32f1xx.o
 .debug_aranges
                0x0000000000000138       0x28 ./src/bsp/startup/startup_stm32f103c8tx.o
 .debug_aranges
                0x0000000000000160       0x38 ./src/hw/driver/led.o
 .debug_aranges
                0x0000000000000198       0x50 ./src/hw/driver/uart.o
 .debug_aranges
                0x00000000000001e8       0x20 ./src/hw/hw.o
 .debug_aranges
                0x0000000000000208       0xe0 ./src/lib/cube_f103/Drivers/STM32F1xx_HAL_Driver/Src/stm32f1xx_hal.o
 .debug_aranges
                0x00000000000002e8      0x100 ./src/lib/cube_f103/Drivers/STM32F1xx_HAL_Driver/Src/stm32f1xx_hal_cortex.o
 .debug_aranges
                0x00000000000003e8       0x58 ./src/lib/cube_f103/Drivers/STM32F1xx_HAL_Driver/Src/stm32f1xx_hal_gpio.o
 .debug_aranges
                0x0000000000000440      0x138 ./src/lib/cube_f103/Drivers/STM32F1xx_HAL_Driver/Src/stm32f1xx_hal_pcd.o
 .debug_aranges
                0x0000000000000578       0x38 ./src/lib/cube_f103/Drivers/STM32F1xx_HAL_Driver/Src/stm32f1xx_hal_pcd_ex.o
 .debug_aranges
                0x00000000000005b0       0x90 ./src/lib/cube_f103/Drivers/STM32F1xx_HAL_Driver/Src/stm32f1xx_hal_rcc.o
 .debug_aranges
                0x0000000000000640       0x30 ./src/lib/cube_f103/Drivers/STM32F1xx_HAL_Driver/Src/stm32f1xx_hal_rcc_ex.o
 .debug_aranges
                0x0000000000000670       0xf0 ./src/lib/cube_f103/Drivers/STM32F1xx_HAL_Driver/Src/stm32f1xx_ll_usb.o
 .debug_aranges
                0x0000000000000760       0x90 ./src/lib/cube_f103/Middlewares/ST/STM32_USB_Device_Library/Class/CDC/Src/usbd_cdc.o
 .debug_aranges
                0x00000000000007f0       0xb8 ./src/lib/cube_f103/Middlewares/ST/STM32_USB_Device_Library/Core/Src/usbd_core.o
 .debug_aranges
                0x00000000000008a8       0x88 ./src/lib/cube_f103/Middlewares/ST/STM32_USB_Device_Library/Core/Src/usbd_ctlreq.o
 .debug_aranges
                0x0000000000000930       0x50 ./src/lib/cube_f103/Middlewares/ST/STM32_USB_Device_Library/Core/Src/usbd_ioreq.o
 .debug_aranges
                0x0000000000000980       0x20 ./src/lib/cube_f103/USB_DEVICE/App/usb_device.o
 .debug_aranges
                0x00000000000009a0       0x68 ./src/lib/cube_f103/USB_DEVICE/App/usbd_cdc_if.o
 .debug_aranges
                0x0000000000000a08       0x60 ./src/lib/cube_f103/USB_DEVICE/App/usbd_desc.o
 .debug_aranges
                0x0000000000000a68      0x118 ./src/lib/cube_f103/USB_DEVICE/Target/usbd_conf.o
 .debug_aranges
                0x0000000000000b80       0x20 ./src/main.o

.debug_ranges   0x0000000000000000      0x9f8
 .debug_ranges  0x0000000000000000       0x18 ./src/ap/ap.o
 .debug_ranges  0x0000000000000018       0x30 ./src/bsp/bsp.o
 .debug_ranges  0x0000000000000048       0x10 ./src/bsp/stm32f1xx_hal_msp.o
 .debug_ranges  0x0000000000000058       0x58 ./src/bsp/stm32f1xx_it.o
 .debug_ranges  0x00000000000000b0       0x10 ./src/bsp/sysmem.o
 .debug_ranges  0x00000000000000c0       0x18 ./src/bsp/system_stm32f1xx.o
 .debug_ranges  0x00000000000000d8       0x20 ./src/bsp/startup/startup_stm32f103c8tx.o
 .debug_ranges  0x00000000000000f8       0x28 ./src/hw/driver/led.o
 .debug_ranges  0x0000000000000120       0x40 ./src/hw/driver/uart.o
 .debug_ranges  0x0000000000000160       0x10 ./src/hw/hw.o
 .debug_ranges  0x0000000000000170       0xd0 ./src/lib/cube_f103/Drivers/STM32F1xx_HAL_Driver/Src/stm32f1xx_hal.o
 .debug_ranges  0x0000000000000240       0xf0 ./src/lib/cube_f103/Drivers/STM32F1xx_HAL_Driver/Src/stm32f1xx_hal_cortex.o
 .debug_ranges  0x0000000000000330       0x48 ./src/lib/cube_f103/Drivers/STM32F1xx_HAL_Driver/Src/stm32f1xx_hal_gpio.o
 .debug_ranges  0x0000000000000378      0x128 ./src/lib/cube_f103/Drivers/STM32F1xx_HAL_Driver/Src/stm32f1xx_hal_pcd.o
 .debug_ranges  0x00000000000004a0       0x28 ./src/lib/cube_f103/Drivers/STM32F1xx_HAL_Driver/Src/stm32f1xx_hal_pcd_ex.o
 .debug_ranges  0x00000000000004c8       0x80 ./src/lib/cube_f103/Drivers/STM32F1xx_HAL_Driver/Src/stm32f1xx_hal_rcc.o
 .debug_ranges  0x0000000000000548       0x20 ./src/lib/cube_f103/Drivers/STM32F1xx_HAL_Driver/Src/stm32f1xx_hal_rcc_ex.o
 .debug_ranges  0x0000000000000568       0xe0 ./src/lib/cube_f103/Drivers/STM32F1xx_HAL_Driver/Src/stm32f1xx_ll_usb.o
 .debug_ranges  0x0000000000000648       0x80 ./src/lib/cube_f103/Middlewares/ST/STM32_USB_Device_Library/Class/CDC/Src/usbd_cdc.o
 .debug_ranges  0x00000000000006c8       0xa8 ./src/lib/cube_f103/Middlewares/ST/STM32_USB_Device_Library/Core/Src/usbd_core.o
 .debug_ranges  0x0000000000000770       0x78 ./src/lib/cube_f103/Middlewares/ST/STM32_USB_Device_Library/Core/Src/usbd_ctlreq.o
 .debug_ranges  0x00000000000007e8       0x40 ./src/lib/cube_f103/Middlewares/ST/STM32_USB_Device_Library/Core/Src/usbd_ioreq.o
 .debug_ranges  0x0000000000000828       0x10 ./src/lib/cube_f103/USB_DEVICE/App/usb_device.o
 .debug_ranges  0x0000000000000838       0x58 ./src/lib/cube_f103/USB_DEVICE/App/usbd_cdc_if.o
 .debug_ranges  0x0000000000000890       0x50 ./src/lib/cube_f103/USB_DEVICE/App/usbd_desc.o
 .debug_ranges  0x00000000000008e0      0x108 ./src/lib/cube_f103/USB_DEVICE/Target/usbd_conf.o
 .debug_ranges  0x00000000000009e8       0x10 ./src/main.o

.debug_macro    0x0000000000000000    0x1b00a
 .debug_macro   0x0000000000000000      0x367 ./src/ap/ap.o
 .debug_macro   0x0000000000000367      0xa60 ./src/ap/ap.o
 .debug_macro   0x0000000000000dc7       0x22 ./src/ap/ap.o
 .debug_macro   0x0000000000000de9       0x4c ./src/ap/ap.o
 .debug_macro   0x0000000000000e35       0x18 ./src/ap/ap.o
 .debug_macro   0x0000000000000e4d       0x94 ./src/ap/ap.o
 .debug_macro   0x0000000000000ee1       0x3c ./src/ap/ap.o
 .debug_macro   0x0000000000000f1d       0x34 ./src/ap/ap.o
 .debug_macro   0x0000000000000f51       0x16 ./src/ap/ap.o
 .debug_macro   0x0000000000000f67       0x57 ./src/ap/ap.o
 .debug_macro   0x0000000000000fbe       0x97 ./src/ap/ap.o
 .debug_macro   0x0000000000001055      0x341 ./src/ap/ap.o
 .debug_macro   0x0000000000001396       0xfd ./src/ap/ap.o
 .debug_macro   0x0000000000001493       0x10 ./src/ap/ap.o
 .debug_macro   0x00000000000014a3       0x16 ./src/ap/ap.o
 .debug_macro   0x00000000000014b9       0x43 ./src/ap/ap.o
 .debug_macro   0x00000000000014fc       0x34 ./src/ap/ap.o
 .debug_macro   0x0000000000001530       0x10 ./src/ap/ap.o
 .debug_macro   0x0000000000001540       0x58 ./src/ap/ap.o
 .debug_macro   0x0000000000001598       0x71 ./src/ap/ap.o
 .debug_macro   0x0000000000001609       0x1c ./src/ap/ap.o
 .debug_macro   0x0000000000001625      0x12a ./src/ap/ap.o
 .debug_macro   0x000000000000174f       0x10 ./src/ap/ap.o
 .debug_macro   0x000000000000175f       0x6a ./src/ap/ap.o
 .debug_macro   0x00000000000017c9       0x1c ./src/ap/ap.o
 .debug_macro   0x00000000000017e5       0x52 ./src/ap/ap.o
 .debug_macro   0x0000000000001837       0x22 ./src/ap/ap.o
 .debug_macro   0x0000000000001859       0x10 ./src/ap/ap.o
 .debug_macro   0x0000000000001869       0x52 ./src/ap/ap.o
 .debug_macro   0x00000000000018bb       0xd5 ./src/ap/ap.o
 .debug_macro   0x0000000000001990       0x1c ./src/ap/ap.o
 .debug_macro   0x00000000000019ac       0x3d ./src/ap/ap.o
 .debug_macro   0x00000000000019e9       0x16 ./src/ap/ap.o
 .debug_macro   0x00000000000019ff      0x145 ./src/ap/ap.o
 .debug_macro   0x0000000000001b44      0x103 ./src/ap/ap.o
 .debug_macro   0x0000000000001c47      0x1df ./src/ap/ap.o
 .debug_macro   0x0000000000001e26       0x22 ./src/ap/ap.o
 .debug_macro   0x0000000000001e48       0x4c ./src/ap/ap.o
 .debug_macro   0x0000000000001e94       0x34 ./src/ap/ap.o
 .debug_macro   0x0000000000001ec8      0x215 ./src/ap/ap.o
 .debug_macro   0x00000000000020dd       0x2e ./src/ap/ap.o
 .debug_macro   0x000000000000210b       0x22 ./src/ap/ap.o
 .debug_macro   0x000000000000212d       0x1c ./src/ap/ap.o
 .debug_macro   0x0000000000002149       0x22 ./src/ap/ap.o
 .debug_macro   0x000000000000216b       0xbd ./src/ap/ap.o
 .debug_macro   0x0000000000002228      0xd23 ./src/ap/ap.o
 .debug_macro   0x0000000000002f4b     0xe09e ./src/ap/ap.o
 .debug_macro   0x0000000000010fe9       0x6d ./src/ap/ap.o
 .debug_macro   0x0000000000011056     0x3468 ./src/ap/ap.o
 .debug_macro   0x00000000000144be       0x56 ./src/ap/ap.o
 .debug_macro   0x0000000000014514      0x5be ./src/ap/ap.o
 .debug_macro   0x0000000000014ad2      0x289 ./src/ap/ap.o
 .debug_macro   0x0000000000014d5b      0x1cb ./src/ap/ap.o
 .debug_macro   0x0000000000014f26      0x114 ./src/ap/ap.o
 .debug_macro   0x000000000001503a      0x1b2 ./src/ap/ap.o
 .debug_macro   0x00000000000151ec       0x27 ./src/ap/ap.o
 .debug_macro   0x0000000000015213      0x136 ./src/ap/ap.o
 .debug_macro   0x0000000000015349      0x1bc ./src/ap/ap.o
 .debug_macro   0x0000000000015505       0x34 ./src/ap/ap.o
 .debug_macro   0x0000000000015539       0x3c ./src/ap/ap.o
 .debug_macro   0x0000000000015575       0x57 ./src/ap/ap.o
 .debug_macro   0x00000000000155cc       0x88 ./src/ap/ap.o
 .debug_macro   0x0000000000015654      0x241 ./src/ap/ap.o
 .debug_macro   0x0000000000015895      0x141 ./src/ap/ap.o
 .debug_macro   0x00000000000159d6       0x65 ./src/ap/ap.o
 .debug_macro   0x0000000000015a3b      0x249 ./src/ap/ap.o
 .debug_macro   0x0000000000015c84       0x83 ./src/ap/ap.o
 .debug_macro   0x0000000000015d07       0x1c ./src/ap/ap.o
 .debug_macro   0x0000000000015d23       0x10 ./src/ap/ap.o
 .debug_macro   0x0000000000015d33      0x401 ./src/bsp/bsp.o
 .debug_macro   0x0000000000016134       0x16 ./src/bsp/bsp.o
 .debug_macro   0x000000000001614a       0x35 ./src/bsp/bsp.o
 .debug_macro   0x000000000001617f       0x16 ./src/bsp/bsp.o
 .debug_macro   0x0000000000016195       0x29 ./src/bsp/bsp.o
 .debug_macro   0x00000000000161be       0x16 ./src/bsp/bsp.o