18:23:02 **** Incremental Build of configuration Debug for project stm32f103_fw ****
make -j8 all 
arm-none-eabi-gcc "../src/ap/ap.c" -mcpu=cortex-m3 -std=gnu11 -g3 -DSTM32F103xB -c -I"D:/00_STM32/STM32F103/stm32f103_fw/src" -I"D:/00_STM32/STM32F103/stm32f103_fw/src/common/hw/Include" -I"D:/00_STM32/STM32F103/stm32f103_fw/src/ap" -I"D:/00_STM32/STM32F103/stm32f103_fw/src/bsp" -I"D:/00_STM32/STM32F103/stm32f103_fw/src/common" -I"D:/00_STM32/STM32F103/stm32f103_fw/src/common/core" -I"D:/00_STM32/STM32F103/stm32f103_fw/src/hw" -I"D:/00_STM32/STM32F103/stm32f103_fw/src/lib" -I"D:/00_STM32/STM32F103/stm32f103_fw/src/lib/cube_f103/Drivers/CMSIS/Device/ST/STM32F1xx/Include" -I"D:/00_STM32/STM32F103/stm32f103_fw/src/lib/cube_f103/Drivers/CMSIS/Include" -I"D:/00_STM32/STM32F103/stm32f103_fw/src/lib/cube_f103/Drivers/STM32F1xx_HAL_Driver/Inc" -I"D:/00_STM32/STM32F103/stm32f103_fw/src/lib/cube_f103/Middlewares/ST/STM32_USB_Device_Library/Class/CDC/Inc" -I"D:/00_STM32/STM32F103/stm32f103_fw/src/lib/cube_f103/Middlewares/ST/STM32_USB_Device_Library/Core/Inc" -I"D:/00_STM32/STM32F103/stm32f103_fw/src/lib/cube_f103/USB_DEVICE/App" -I"D:/00_STM32/STM32F103/stm32f103_fw/src/lib/cube_f103/USB_DEVICE/Target" -O0 -ffunction-sections -fdata-sections -Wall -fstack-usage -MMD -MP -MF"src/ap/ap.d" -MT"src/ap/ap.o" --specs=nano.specs -mfloat-abi=soft -mthumb -o "src/ap/ap.o"
arm-none-eabi-gcc -o "stm32f103_fw.elf" @"objects.list"   -mcpu=cortex-m3 -T"D:\00_STM32\STM32F103\stm32f103_fw\src\bsp\ldscript\STM32F103C8TX_FLASH.ld" --specs=nosys.specs -Wl,-Map="stm32f103_fw.map" -Wl,--gc-sections -static --specs=nano.specs -mfloat-abi=soft -mthumb -Wl,--start-group -lc -lm -Wl,--end-group
Finished building target: stm32f103_fw.elf
 
arm-none-eabi-size   stm32f103_fw.elf 
arm-none-eabi-objdump -h -S  stm32f103_fw.elf  > "stm32f103_fw.list"
   text	   data	    bss	    dec	    hex	filename
  40512	    524	   6036	  47072	   b7e0	stm32f103_fw.elf
Finished building: default.size.stdout
 
Finished building: stm32f103_fw.list
 

18:23:03 Build Finished. 0 errors, 0 warnings. (took 1s.666ms)

