Archive member included to satisfy reference by file (symbol)

d:/st/stm32cubeide_1.9.0/stm32cubeide/plugins/com.st.stm32cube.ide.mcu.externaltools.gnu-tools-for-stm32.10.3-2021.10.win32_1.0.0.202111181127/tools/bin/../lib/gcc/arm-none-eabi/10.3.1/../../../../arm-none-eabi/lib/thumb/v7-m/nofp\libc_nano.a(lib_a-errno.o)
                              ./src/bsp/syscalls.o (__errno)
d:/st/stm32cubeide_1.9.0/stm32cubeide/plugins/com.st.stm32cube.ide.mcu.externaltools.gnu-tools-for-stm32.10.3-2021.10.win32_1.0.0.202111181127/tools/bin/../lib/gcc/arm-none-eabi/10.3.1/../../../../arm-none-eabi/lib/thumb/v7-m/nofp\libc_nano.a(lib_a-exit.o)
                              d:/st/stm32cubeide_1.9.0/stm32cubeide/plugins/com.st.stm32cube.ide.mcu.externaltools.gnu-tools-for-stm32.10.3-2021.10.win32_1.0.0.202111181127/tools/bin/../lib/gcc/arm-none-eabi/10.3.1/../../../../arm-none-eabi/lib/thumb/v7-m/nofp/crt0.o (exit)
d:/st/stm32cubeide_1.9.0/stm32cubeide/plugins/com.st.stm32cube.ide.mcu.externaltools.gnu-tools-for-stm32.10.3-2021.10.win32_1.0.0.202111181127/tools/bin/../lib/gcc/arm-none-eabi/10.3.1/../../../../arm-none-eabi/lib/thumb/v7-m/nofp\libc_nano.a(lib_a-impure.o)
                              d:/st/stm32cubeide_1.9.0/stm32cubeide/plugins/com.st.stm32cube.ide.mcu.externaltools.gnu-tools-for-stm32.10.3-2021.10.win32_1.0.0.202111181127/tools/bin/../lib/gcc/arm-none-eabi/10.3.1/../../../../arm-none-eabi/lib/thumb/v7-m/nofp\libc_nano.a(lib_a-exit.o) (_global_impure_ptr)
d:/st/stm32cubeide_1.9.0/stm32cubeide/plugins/com.st.stm32cube.ide.mcu.externaltools.gnu-tools-for-stm32.10.3-2021.10.win32_1.0.0.202111181127/tools/bin/../lib/gcc/arm-none-eabi/10.3.1/../../../../arm-none-eabi/lib/thumb/v7-m/nofp\libc_nano.a(lib_a-init.o)
                              d:/st/stm32cubeide_1.9.0/stm32cubeide/plugins/com.st.stm32cube.ide.mcu.externaltools.gnu-tools-for-stm32.10.3-2021.10.win32_1.0.0.202111181127/tools/bin/../lib/gcc/arm-none-eabi/10.3.1/../../../../arm-none-eabi/lib/thumb/v7-m/nofp/crt0.o (__libc_init_array)
d:/st/stm32cubeide_1.9.0/stm32cubeide/plugins/com.st.stm32cube.ide.mcu.externaltools.gnu-tools-for-stm32.10.3-2021.10.win32_1.0.0.202111181127/tools/bin/../lib/gcc/arm-none-eabi/10.3.1/../../../../arm-none-eabi/lib/thumb/v7-m/nofp\libc_nano.a(lib_a-memset.o)
                              d:/st/stm32cubeide_1.9.0/stm32cubeide/plugins/com.st.stm32cube.ide.mcu.externaltools.gnu-tools-for-stm32.10.3-2021.10.win32_1.0.0.202111181127/tools/bin/../lib/gcc/arm-none-eabi/10.3.1/../../../../arm-none-eabi/lib/thumb/v7-m/nofp/crt0.o (memset)
d:/st/stm32cubeide_1.9.0/stm32cubeide/plugins/com.st.stm32cube.ide.mcu.externaltools.gnu-tools-for-stm32.10.3-2021.10.win32_1.0.0.202111181127/tools/bin/../lib/gcc/arm-none-eabi/10.3.1/../../../../arm-none-eabi/lib/thumb/v7-m/nofp\libc_nano.a(lib_a-vsnprintf.o)
                              ./src/hw/driver/uart.o (vsnprintf)
d:/st/stm32cubeide_1.9.0/stm32cubeide/plugins/com.st.stm32cube.ide.mcu.externaltools.gnu-tools-for-stm32.10.3-2021.10.win32_1.0.0.202111181127/tools/bin/../lib/gcc/arm-none-eabi/10.3.1/../../../../arm-none-eabi/lib/thumb/v7-m/nofp\libc_nano.a(lib_a-nano-svfprintf.o)
                              d:/st/stm32cubeide_1.9.0/stm32cubeide/plugins/com.st.stm32cube.ide.mcu.externaltools.gnu-tools-for-stm32.10.3-2021.10.win32_1.0.0.202111181127/tools/bin/../lib/gcc/arm-none-eabi/10.3.1/../../../../arm-none-eabi/lib/thumb/v7-m/nofp\libc_nano.a(lib_a-vsnprintf.o) (_svfprintf_r)
d:/st/stm32cubeide_1.9.0/stm32cubeide/plugins/com.st.stm32cube.ide.mcu.externaltools.gnu-tools-for-stm32.10.3-2021.10.win32_1.0.0.202111181127/tools/bin/../lib/gcc/arm-none-eabi/10.3.1/../../../../arm-none-eabi/lib/thumb/v7-m/nofp\libc_nano.a(lib_a-nano-vfprintf_i.o)
                              d:/st/stm32cubeide_1.9.0/stm32cubeide/plugins/com.st.stm32cube.ide.mcu.externaltools.gnu-tools-for-stm32.10.3-2021.10.win32_1.0.0.202111181127/tools/bin/../lib/gcc/arm-none-eabi/10.3.1/../../../../arm-none-eabi/lib/thumb/v7-m/nofp\libc_nano.a(lib_a-nano-svfprintf.o) (_printf_i)
d:/st/stm32cubeide_1.9.0/stm32cubeide/plugins/com.st.stm32cube.ide.mcu.externaltools.gnu-tools-for-stm32.10.3-2021.10.win32_1.0.0.202111181127/tools/bin/../lib/gcc/arm-none-eabi/10.3.1/../../../../arm-none-eabi/lib/thumb/v7-m/nofp\libc_nano.a(lib_a-memchr-stub.o)
                              d:/st/stm32cubeide_1.9.0/stm32cubeide/plugins/com.st.stm32cube.ide.mcu.externaltools.gnu-tools-for-stm32.10.3-2021.10.win32_1.0.0.202111181127/tools/bin/../lib/gcc/arm-none-eabi/10.3.1/../../../../arm-none-eabi/lib/thumb/v7-m/nofp\libc_nano.a(lib_a-nano-svfprintf.o) (memchr)
d:/st/stm32cubeide_1.9.0/stm32cubeide/plugins/com.st.stm32cube.ide.mcu.externaltools.gnu-tools-for-stm32.10.3-2021.10.win32_1.0.0.202111181127/tools/bin/../lib/gcc/arm-none-eabi/10.3.1/../../../../arm-none-eabi/lib/thumb/v7-m/nofp\libc_nano.a(lib_a-memcpy-stub.o)
[...]
Memory Configuration

Name             Origin             Length             Attributes
RAM              0x0000000020000000 0x0000000000005000 xrw
ROM              0x0000000008005000 0x000000000000b000 xr
*default*        0x0000000000000000 0xffffffffffffffff

Linker script and memory map

LOAD d:/st/stm32cubeide_1.9.0/stm32cubeide/plugins/com.st.stm32cube.ide.mcu.externaltools.gnu-tools-for-stm32.10.3-2021.10.win32_1.0.0.202111181127/tools/bin/../lib/gcc/arm-none-eabi/10.3.1/thumb/v7-m/nofp/crti.o
LOAD d:/st/stm32cubeide_1.9.0/stm32cubeide/plugins/com.st.stm32cube.ide.mcu.externaltools.gnu-tools-for-stm32.10.3-2021.10.win32_1.0.0.202111181127/tools/bin/../lib/gcc/arm-none-eabi/10.3.1/thumb/v7-m/nofp/crtbegin.o
LOAD d:/st/stm32cubeide_1.9.0/stm32cubeide/plugins/com.st.stm32cube.ide.mcu.externaltools.gnu-tools-for-stm32.10.3-2021.10.win32_1.0.0.202111181127/tools/bin/../lib/gcc/arm-none-eabi/10.3.1/../../../../arm-none-eabi/lib/thumb/v7-m/nofp/crt0.o
LOAD ./src/ap/ap.o
LOAD ./src/bsp/bsp.o
LOAD ./src/bsp/stm32f1xx_hal_msp.o
LOAD ./src/bsp/stm32f1xx_it.o
LOAD ./src/bsp/syscalls.o
LOAD ./src/bsp/sysmem.o
LOAD ./src/bsp/system_stm32f1xx.o
LOAD ./src/bsp/startup/startup_stm32f103c8tx.o
LOAD ./src/common/core/qbuffer.o
LOAD ./src/hw/driver/cdc.o
LOAD ./src/hw/driver/flash.o
LOAD ./src/hw/driver/led.o
LOAD ./src/hw/driver/reset.o
LOAD ./src/hw/driver/rtc.o
LOAD ./src/hw/driver/uart.o
LOAD ./src/hw/driver/usb.o
LOAD ./src/hw/hw.o
LOAD ./src/lib/cube_f103/Drivers/STM32F1xx_HAL_Driver/Src/stm32f1xx_hal.o
LOAD ./src/lib/cube_f103/Drivers/STM32F1xx_HAL_Driver/Src/stm32f1xx_hal_cortex.o
LOAD ./src/lib/cube_f103/Drivers/STM32F1xx_HAL_Driver/Src/stm32f1xx_hal_dma.o
LOAD ./src/lib/cube_f103/Drivers/STM32F1xx_HAL_Driver/Src/stm32f1xx_hal_exti.o
LOAD ./src/lib/cube_f103/Drivers/STM32F1xx_HAL_Driver/Src/stm32f1xx_hal_flash.o
LOAD ./src/lib/cube_f103/Drivers/STM32F1xx_HAL_Driver/Src/stm32f1xx_hal_flash_ex.o
LOAD ./src/lib/cube_f103/Drivers/STM32F1xx_HAL_Driver/Src/stm32f1xx_hal_gpio.o
LOAD ./src/lib/cube_f103/Drivers/STM32F1xx_HAL_Driver/Src/stm32f1xx_hal_gpio_ex.o
LOAD ./src/lib/cube_f103/Drivers/STM32F1xx_HAL_Driver/Src/stm32f1xx_hal_pcd.o
LOAD ./src/lib/cube_f103/Drivers/STM32F1xx_HAL_Driver/Src/stm32f1xx_hal_pcd_ex.o
LOAD ./src/lib/cube_f103/Drivers/STM32F1xx_HAL_Driver/Src/stm32f1xx_hal_pwr.o
LOAD ./src/lib/cube_f103/Drivers/STM32F1xx_HAL_Driver/Src/stm32f1xx_hal_rcc.o
LOAD ./src/lib/cube_f103/Drivers/STM32F1xx_HAL_Driver/Src/stm32f1xx_hal_rcc_ex.o
LOAD ./src/lib/cube_f103/Drivers/STM32F1xx_HAL_Driver/Src/stm32f1xx_hal_rtc.o
LOAD ./src/lib/cube_f103/Drivers/STM32F1xx_HAL_Driver/Src/stm32f1xx_hal_rtc_ex.o
LOAD ./src/lib/cube_f103/Drivers/STM32F1xx_HAL_Driver/Src/stm32f1xx_hal_tim.o
LOAD ./src/lib/cube_f103/Drivers/STM32F1xx_HAL_Driver/Src/stm32f1xx_hal_tim_ex.o
LOAD ./src/lib/cube_f103/Drivers/STM32F1xx_HAL_Driver/Src/stm32f1xx_hal_uart.o
LOAD ./src/lib/cube_f103/Drivers/STM32F1xx_HAL_Driver/Src/stm32f1xx_ll_usb.o
LOAD ./src/lib/cube_f103/Middlewares/ST/STM32_USB_Device_Library/Class/CDC/Src/usbd_cdc.o
LOAD ./src/lib/cube_f103/Middlewares/ST/STM32_USB_Device_Library/Core/Src/usbd_core.o
LOAD ./src/lib/cube_f103/Middlewares/ST/STM32_USB_Device_Library/Core/Src/usbd_ctlreq.o
LOAD ./src/lib/cube_f103/Middlewares/ST/STM32_USB_Device_Library/Core/Src/usbd_ioreq.o
LOAD ./src/lib/cube_f103/USB_DEVICE/App/usb_device.o
LOAD ./src/lib/cube_f103/USB_DEVICE/App/usbd_cdc_if.o
LOAD ./src/lib/cube_f103/USB_DEVICE/App/usbd_desc.o
LOAD ./src/lib/cube_f103/USB_DEVICE/Target/usbd_conf.o
LOAD ./src/main.o
START GROUP
LOAD d:/st/stm32cubeide_1.9.0/stm32cubeide/plugins/com.st.stm32cube.ide.mcu.externaltools.gnu-tools-for-stm32.10.3-2021.10.win32_1.0.0.202111181127/tools/bin/../lib/gcc/arm-none-eabi/10.3.1/../../../../arm-none-eabi/lib/thumb/v7-m/nofp\libc_nano.a
LOAD d:/st/stm32cubeide_1.9.0/stm32cubeide/plugins/com.st.stm32cube.ide.mcu.externaltools.gnu-tools-for-stm32.10.3-2021.10.win32_1.0.0.202111181127/tools/bin/../lib/gcc/arm-none-eabi/10.3.1/../../../../arm-none-eabi/lib/thumb/v7-m/nofp\libm.a
END GROUP
START GROUP
LOAD d:/st/stm32cubeide_1.9.0/stm32cubeide/plugins/com.st.stm32cube.ide.mcu.externaltools.gnu-tools-for-stm32.10.3-2021.10.win32_1.0.0.202111181127/tools/bin/../lib/gcc/arm-none-eabi/10.3.1/thumb/v7-m/nofp\libgcc.a
LOAD d:/st/stm32cubeide_1.9.0/stm32cubeide/plugins/com.st.stm32cube.ide.mcu.externaltools.gnu-tools-for-stm32.10.3-2021.10.win32_1.0.0.202111181127/tools/bin/../lib/gcc/arm-none-eabi/10.3.1/../../../../arm-none-eabi/lib/thumb/v7-m/nofp\libc_nano.a
END GROUP
START GROUP
LOAD d:/st/stm32cubeide_1.9.0/stm32cubeide/plugins/com.st.stm32cube.ide.mcu.externaltools.gnu-tools-for-stm32.10.3-2021.10.win32_1.0.0.202111181127/tools/bin/../lib/gcc/arm-none-eabi/10.3.1/thumb/v7-m/nofp\libgcc.a
LOAD d:/st/stm32cubeide_1.9.0/stm32cubeide/plugins/com.st.stm32cube.ide.mcu.externaltools.gnu-tools-for-stm32.10.3-2021.10.win32_1.0.0.202111181127/tools/bin/../lib/gcc/arm-none-eabi/10.3.1/../../../../arm-none-eabi/lib/thumb/v7-m/nofp\libc_nano.a
LOAD d:/st/stm32cubeide_1.9.0/stm32cubeide/plugins/com.st.stm32cube.ide.mcu.externaltools.gnu-tools-for-stm32.10.3-2021.10.win32_1.0.0.202111181127/tools/bin/../lib/gcc/arm-none-eabi/10.3.1/../../../../arm-none-eabi/lib/thumb/v7-m/nofp\libnosys.a
END GROUP
START GROUP
LOAD d:/st/stm32cubeide_1.9.0/stm32cubeide/plugins/com.st.stm32cube.ide.mcu.externaltools.gnu-tools-for-stm32.10.3-2021.10.win32_1.0.0.202111181127/tools/bin/../lib/gcc/arm-none-eabi/10.3.1/thumb/v7-m/nofp\libgcc.a
LOAD d:/st/stm32cubeide_1.9.0/stm32cubeide/plugins/com.st.stm32cube.ide.mcu.externaltools.gnu-tools-for-stm32.10.3-2021.10.win32_1.0.0.202111181127/tools/bin/../lib/gcc/arm-none-eabi/10.3.1/../../../../arm-none-eabi/lib/thumb/v7-m/nofp\libc_nano.a
LOAD d:/st/stm32cubeide_1.9.0/stm32cubeide/plugins/com.st.stm32cube.ide.mcu.externaltools.gnu-tools-for-stm32.10.3-2021.10.win32_1.0.0.202111181127/tools/bin/../lib/gcc/arm-none-eabi/10.3.1/../../../../arm-none-eabi/lib/thumb/v7-m/nofp\libnosys.a
END GROUP
LOAD d:/st/stm32cubeide_1.9.0/stm32cubeide/plugins/com.st.stm32cube.ide.mcu.externaltools.gnu-tools-for-stm32.10.3-2021.10.win32_1.0.0.202111181127/tools/bin/../lib/gcc/arm-none-eabi/10.3.1/thumb/v7-m/nofp/crtend.o
LOAD d:/st/stm32cubeide_1.9.0/stm32cubeide/plugins/com.st.stm32cube.ide.mcu.externaltools.gnu-tools-for-stm32.10.3-2021.10.win32_1.0.0.202111181127/tools/bin/../lib/gcc/arm-none-eabi/10.3.1/thumb/v7-m/nofp/crtn.o
                0x0000000020005000                _estack = (ORIGIN (RAM) + LENGTH (RAM))
                0x0000000000000200                _Min_Heap_Size = 0x200
                0x0000000000000400                _Min_Stack_Size = 0x400

.isr_vector     0x0000000008005000      0x10c
                0x0000000008005000                . = ALIGN (0x4)
 *(.isr_vector)
 .isr_vector    0x0000000008005000      0x10c ./src/bsp/startup/startup_stm32f103c8tx.o
                0x0000000008005000                g_pfnVectors
                0x000000000800510c                . = ALIGN (0x4)

.text           0x000000000800510c     0x3ea8
                0x000000000800510c                . = ALIGN (0x4)
 *(.text)
 .text          0x000000000800510c       0x40 d:/st/stm32cubeide_1.9.0/stm32cubeide/plugins/com.st.stm32cube.ide.mcu.externaltools.gnu-tools-for-stm32.10.3-2021.10.win32_1.0.0.202111181127/tools/bin/../lib/gcc/arm-none-eabi/10.3.1/thumb/v7-m/nofp/crtbegin.o
 *(.text*)
 .text.apInit   0x000000000800514c       0x1a ./src/ap/ap.o
                0x000000000800514c                apInit
 .text.apMain   0x0000000008005166       0x22 ./src/ap/ap.o
                0x0000000008005166                apMain
 .text.delay    0x0000000008005188        0x4 ./src/bsp/bsp.o
                0x0000000008005188                delay
 .text.millis   0x000000000800518c        0x4 ./src/bsp/bsp.o
                0x000000000800518c                millis
 .text.SystemClock_Config
                0x0000000008005190       0x78 ./src/bsp/bsp.o
                0x0000000008005190                SystemClock_Config
 .text.bspInit  0x0000000008005208       0x64 ./src/bsp/bsp.o
                0x0000000008005208                bspInit
 .text.Error_Handler
                0x000000000800526c        0x2 ./src/bsp/bsp.o
                0x000000000800526c                Error_Handler
 *fill*         0x000000000800526e        0x2 
 .text.HAL_MspInit
                0x0000000008005270       0x44 ./src/bsp/stm32f1xx_hal_msp.o
                0x0000000008005270                HAL_MspInit
 .text.NMI_Handler
                0x00000000080052b4        0x2 ./src/bsp/stm32f1xx_it.o
                0x00000000080052b4                NMI_Handler
 .text.HardFault_Handler
                0x00000000080052b6        0x2 ./src/bsp/stm32f1xx_it.o
                0x00000000080052b6                HardFault_Handler
 .text.MemManage_Handler
                0x00000000080052b8        0x2 ./src/bsp/stm32f1xx_it.o
                0x00000000080052b8                MemManage_Handler
 .text.BusFault_Handler
                0x00000000080052ba        0x2 ./src/bsp/stm32f1xx_it.o
                0x00000000080052ba                BusFault_Handler
 .text.UsageFault_Handler
                0x00000000080052bc        0x2 ./src/bsp/stm32f1xx_it.o
                0x00000000080052bc                UsageFault_Handler
 .text.SVC_Handler
                0x00000000080052be        0x2 ./src/bsp/stm32f1xx_it.o
                0x00000000080052be                SVC_Handler
 .text.DebugMon_Handler
                0x00000000080052c0        0x2 ./src/bsp/stm32f1xx_it.o
                0x00000000080052c0                DebugMon_Handler
 .text.PendSV_Handler
                0x00000000080052c2        0x2 ./src/bsp/stm32f1xx_it.o
                0x00000000080052c2                PendSV_Handler
 .text.SysTick_Handler
                0x00000000080052c4        0x4 ./src/bsp/stm32f1xx_it.o
                0x00000000080052c4                SysTick_Handler
 .text.DMA1_Channel5_IRQHandler
                0x00000000080052c8        0xc ./src/bsp/stm32f1xx_it.o
                0x00000000080052c8                DMA1_Channel5_IRQHandler
 .text.USB_LP_CAN1_RX0_IRQHandler
                0x00000000080052d4        0xc ./src/bsp/stm32f1xx_it.o
                0x00000000080052d4                USB_LP_CAN1_RX0_IRQHandler
 .text.USART1_IRQHandler
                0x00000000080052e0        0xc ./src/bsp/stm32f1xx_it.o
                0x00000000080052e0                USART1_IRQHandler
 .text.SystemInit
                0x00000000080052ec       0x10 ./src/bsp/system_stm32f1xx.o
                0x00000000080052ec                SystemInit
 .text.Reset_Handler
                0x00000000080052fc       0x48 ./src/bsp/startup/startup_stm32f103c8tx.o
                0x00000000080052fc                Reset_Handler
 .text.Default_Handler
                0x0000000008005344        0x2 ./src/bsp/startup/startup_stm32f103c8tx.o
                0x0000000008005344                RTC_Alarm_IRQHandler
                0x0000000008005344                EXTI2_IRQHandler
                0x0000000008005344                TIM1_CC_IRQHandler
                0x0000000008005344                PVD_IRQHandler
                0x0000000008005344                EXTI3_IRQHandler
                0x0000000008005344                EXTI0_IRQHandler
                0x0000000008005344                I2C2_EV_IRQHandler
                0x0000000008005344                ADC1_2_IRQHandler
                0x0000000008005344                SPI1_IRQHandler
                0x0000000008005344                TAMPER_IRQHandler
                0x0000000008005344                DMA1_Channel4_IRQHandler
                0x0000000008005344                USART3_IRQHandler
                0x0000000008005344                RTC_IRQHandler
                0x0000000008005344                DMA1_Channel7_IRQHandler
                0x0000000008005344                CAN1_RX1_IRQHandler
                0x0000000008005344                TIM4_IRQHandler
                0x0000000008005344                I2C1_EV_IRQHandler
                0x0000000008005344                DMA1_Channel6_IRQHandler
                0x0000000008005344                TIM3_IRQHandler
                0x0000000008005344                RCC_IRQHandler
                0x0000000008005344                TIM1_TRG_COM_IRQHandler
                0x0000000008005344                DMA1_Channel1_IRQHandler
                0x0000000008005344                Default_Handler
                0x0000000008005344                EXTI15_10_IRQHandler
                0x0000000008005344                EXTI9_5_IRQHandler
                0x0000000008005344                SPI2_IRQHandler
                0x0000000008005344                EXTI4_IRQHandler
                0x0000000008005344                USB_HP_CAN1_TX_IRQHandler
                0x0000000008005344                DMA1_Channel3_IRQHandler
                0x0000000008005344                TIM1_UP_IRQHandler
                0x0000000008005344                WWDG_IRQHandler
                0x0000000008005344                TIM2_IRQHandler
                0x0000000008005344                TIM1_BRK_IRQHandler
                0x0000000008005344                EXTI1_IRQHandler
                0x0000000008005344                USART2_IRQHandler
                0x0000000008005344                I2C2_ER_IRQHandler
                0x0000000008005344                DMA1_Channel2_IRQHandler
                0x0000000008005344                CAN1_SCE_IRQHandler
                0x0000000008005344                FLASH_IRQHandler
                0x0000000008005344                I2C1_ER_IRQHandler
                0x0000000008005344                USBWakeUp_IRQHandler
 .text.qbufferCreate
                0x0000000008005346        0xe ./src/common/core/qbuffer.o
                0x0000000008005346                qbufferCreate
 .text.flashInit
                0x0000000008005354       0x28 ./src/hw/driver/flash.o
                0x0000000008005354                flashInit
 .text.ledOff.part.0
                0x000000000800537c       0x10 ./src/hw/driver/led.o
 .text.ledInit  0x000000000800538c       0x48 ./src/hw/driver/led.o
                0x000000000800538c                ledInit
 .text.ledToggle
                0x00000000080053d4       0x14 ./src/hw/driver/led.o
                0x00000000080053d4                ledToggle
 .text.resetInit
                0x00000000080053e8       0x40 ./src/hw/driver/reset.o
                0x00000000080053e8                resetInit
 .text.rtcInit  0x0000000008005428       0x48 ./src/hw/driver/rtc.o
                0x0000000008005428                rtcInit
 .text.rtcBackupRegRead
                0x0000000008005470        0xc ./src/hw/driver/rtc.o
                0x0000000008005470                rtcBackupRegRead
 .text.rtcBackupRegWrite
                0x000000000800547c       0x10 ./src/hw/driver/rtc.o
                0x000000000800547c                rtcBackupRegWrite
 .text.HAL_RTC_MspInit
                0x000000000800548c       0x3c ./src/hw/driver/rtc.o
                0x000000000800548c                HAL_RTC_MspInit
 .text.uartInit
                0x00000000080054c8        0x4 ./src/hw/driver/uart.o
                0x00000000080054c8                uartInit
 .text.uartOpen
                0x00000000080054cc       0xac ./src/hw/driver/uart.o
                0x00000000080054cc                uartOpen
 .text.HAL_UART_ErrorCallback
                0x0000000008005578        0x2 ./src/hw/driver/uart.o
                0x0000000008005578                HAL_UART_ErrorCallback
 .text.HAL_UART_RxCpltCallback
                0x000000000800557a        0x2 ./src/hw/driver/uart.o
                0x000000000800557a                HAL_UART_RxCpltCallback
 .text.HAL_UART_MspInit
                0x000000000800557c       0xb8 ./src/hw/driver/uart.o
                0x000000000800557c                HAL_UART_MspInit
 .text.HAL_UART_MspDeInit
                0x0000000008005634       0x40 ./src/hw/driver/uart.o
                0x0000000008005634                HAL_UART_MspDeInit
 .text.usbInit  0x0000000008005674       0x50 ./src/hw/driver/usb.o
                0x0000000008005674                usbInit
 .text.hwInit   0x00000000080056c4       0x22 ./src/hw/hw.o
                0x00000000080056c4                hwInit
 *fill*         0x00000000080056e6        0x2 
 .text.HAL_InitTick
                0x00000000080056e8       0x48 ./src/lib/cube_f103/Drivers/STM32F1xx_HAL_Driver/Src/stm32f1xx_hal.o
                0x00000000080056e8                HAL_InitTick
 .text.HAL_Init
                0x0000000008005730       0x24 ./src/lib/cube_f103/Drivers/STM32F1xx_HAL_Driver/Src/stm32f1xx_hal.o
                0x0000000008005730                HAL_Init
 .text.HAL_IncTick
                0x0000000008005754       0x18 ./src/lib/cube_f103/Drivers/STM32F1xx_HAL_Driver/Src/stm32f1xx_hal.o
                0x0000000008005754                HAL_IncTick
 .text.HAL_GetTick
                0x000000000800576c        0xc ./src/lib/cube_f103/Drivers/STM32F1xx_HAL_Driver/Src/stm32f1xx_hal.o
                0x000000000800576c                HAL_GetTick
 .text.HAL_Delay
                0x0000000008005778       0x24 ./src/lib/cube_f103/Drivers/STM32F1xx_HAL_Driver/Src/stm32f1xx_hal.o
                0x0000000008005778                HAL_Delay
 .text.HAL_NVIC_SetPriorityGrouping
                0x000000000800579c       0x24 ./src/lib/cube_f103/Drivers/STM32F1xx_HAL_Driver/Src/stm32f1xx_hal_cortex.o
                0x000000000800579c                HAL_NVIC_SetPriorityGrouping
 .text.HAL_NVIC_SetPriority
                0x00000000080057c0       0x64 ./src/lib/cube_f103/Drivers/STM32F1xx_HAL_Driver/Src/stm32f1xx_hal_cortex.o
                0x00000000080057c0                HAL_NVIC_SetPriority
 .text.HAL_NVIC_EnableIRQ
                0x0000000008005824       0x1c ./src/lib/cube_f103/Drivers/STM32F1xx_HAL_Driver/Src/stm32f1xx_hal_cortex.o
                0x0000000008005824                HAL_NVIC_EnableIRQ
 .text.HAL_NVIC_DisableIRQ
                0x0000000008005840       0x28 ./src/lib/cube_f103/Drivers/STM32F1xx_HAL_Driver/Src/stm32f1xx_hal_cortex.o
                0x0000000008005840                HAL_NVIC_DisableIRQ
 .text.HAL_SYSTICK_Config
                0x0000000008005868       0x28 ./src/lib/cube_f103/Drivers/STM32F1xx_HAL_Driver/Src/stm32f1xx_hal_cortex.o
                0x0000000008005868                HAL_SYSTICK_Config
 .text.HAL_DMA_Init
                0x0000000008005890       0x5c ./src/lib/cube_f103/Drivers/STM32F1xx_HAL_Driver/Src/stm32f1xx_hal_dma.o
                0x0000000008005890                HAL_DMA_Init
 .text.HAL_DMA_DeInit
                0x00000000080058ec       0x50 ./src/lib/cube_f103/Drivers/STM32F1xx_HAL_Driver/Src/stm32f1xx_hal_dma.o
                0x00000000080058ec                HAL_DMA_DeInit
 .text.HAL_DMA_Start_IT
                0x000000000800593c       0x78 ./src/lib/cube_f103/Drivers/STM32F1xx_HAL_Driver/Src/stm32f1xx_hal_dma.o
                0x000000000800593c                HAL_DMA_Start_IT
 .text.HAL_DMA_Abort_IT
                0x00000000080059b4       0x8c ./src/lib/cube_f103/Drivers/STM32F1xx_HAL_Driver/Src/stm32f1xx_hal_dma.o
                0x00000000080059b4                HAL_DMA_Abort_IT
 .text.HAL_DMA_IRQHandler
                0x0000000008005a40      0x124 ./src/lib/cube_f103/Drivers/STM32F1xx_HAL_Driver/Src/stm32f1xx_hal_dma.o
                0x0000000008005a40                HAL_DMA_IRQHandler
 .text.HAL_GPIO_Init
                0x0000000008005b64      0x1b4 ./src/lib/cube_f103/Drivers/STM32F1xx_HAL_Driver/Src/stm32f1xx_hal_gpio.o
                0x0000000008005b64                HAL_GPIO_Init
 .text.HAL_GPIO_DeInit
                0x0000000008005d18       0xdc ./src/lib/cube_f103/Drivers/STM32F1xx_HAL_Driver/Src/stm32f1xx_hal_gpio.o
                0x0000000008005d18                HAL_GPIO_DeInit
 .text.HAL_GPIO_WritePin
                0x0000000008005df4        0xa ./src/lib/cube_f103/Drivers/STM32F1xx_HAL_Driver/Src/stm32f1xx_hal_gpio.o
                0x0000000008005df4                HAL_GPIO_WritePin
 .text.HAL_GPIO_TogglePin
                0x0000000008005dfe       0x12 ./src/lib/cube_f103/Drivers/STM32F1xx_HAL_Driver/Src/stm32f1xx_hal_gpio.o
                0x0000000008005dfe                HAL_GPIO_TogglePin
 .text.HAL_PCD_Init
                0x0000000008005e10       0xf2 ./src/lib/cube_f103/Drivers/STM32F1xx_HAL_Driver/Src/stm32f1xx_hal_pcd.o
                0x0000000008005e10                HAL_PCD_Init
 .text.HAL_PCD_Start
                0x0000000008005f02       0x32 ./src/lib/cube_f103/Drivers/STM32F1xx_HAL_Driver/Src/stm32f1xx_hal_pcd.o
                0x0000000008005f02                HAL_PCD_Start
 .text.HAL_PCD_SetAddress
                0x0000000008005f34       0x28 ./src/lib/cube_f103/Drivers/STM32F1xx_HAL_Driver/Src/stm32f1xx_hal_pcd.o
                0x0000000008005f34                HAL_PCD_SetAddress
 .text.HAL_PCD_IRQHandler
                0x0000000008005f5c      0x860 ./src/lib/cube_f103/Drivers/STM32F1xx_HAL_Driver/Src/stm32f1xx_hal_pcd.o
                0x0000000008005f5c                HAL_PCD_IRQHandler
 .text.HAL_PCD_EP_Open
                0x00000000080067bc       0x62 ./src/lib/cube_f103/Drivers/STM32F1xx_HAL_Driver/Src/stm32f1xx_hal_pcd.o
                0x00000000080067bc                HAL_PCD_EP_Open
 .text.HAL_PCD_EP_Close
                0x000000000800681e       0x50 ./src/lib/cube_f103/Drivers/STM32F1xx_HAL_Driver/Src/stm32f1xx_hal_pcd.o
                0x000000000800681e                HAL_PCD_EP_Close
 .text.HAL_PCD_EP_Receive
                0x000000000800686e       0x2e ./src/lib/cube_f103/Drivers/STM32F1xx_HAL_Driver/Src/stm32f1xx_hal_pcd.o
                0x000000000800686e                HAL_PCD_EP_Receive
 .text.HAL_PCD_EP_GetRxCount
                0x000000000800689c       0x10 ./src/lib/cube_f103/Drivers/STM32F1xx_HAL_Driver/Src/stm32f1xx_hal_pcd.o
                0x000000000800689c                HAL_PCD_EP_GetRxCount
 .text.HAL_PCD_EP_Transmit
                0x00000000080068ac       0x34 ./src/lib/cube_f103/Drivers/STM32F1xx_HAL_Driver/Src/stm32f1xx_hal_pcd.o
                0x00000000080068ac                HAL_PCD_EP_Transmit
 .text.HAL_PCD_EP_SetStall
                0x00000000080068e0       0x68 ./src/lib/cube_f103/Drivers/STM32F1xx_HAL_Driver/Src/stm32f1xx_hal_pcd.o
                0x00000000080068e0                HAL_PCD_EP_SetStall
 .text.HAL_PCD_EP_ClrStall
                0x0000000008006948       0x62 ./src/lib/cube_f103/Drivers/STM32F1xx_HAL_Driver/Src/stm32f1xx_hal_pcd.o
                0x0000000008006948                HAL_PCD_EP_ClrStall
 .text.HAL_PCDEx_PMAConfig
                0x00000000080069aa       0x32 ./src/lib/cube_f103/Drivers/STM32F1xx_HAL_Driver/Src/stm32f1xx_hal_pcd_ex.o
                0x00000000080069aa                HAL_PCDEx_PMAConfig
 .text.HAL_PWR_EnableBkUpAccess
                0x00000000080069dc        0xc ./src/lib/cube_f103/Drivers/STM32F1xx_HAL_Driver/Src/stm32f1xx_hal_pwr.o
                0x00000000080069dc                HAL_PWR_EnableBkUpAccess
 .text.HAL_RCC_OscConfig
                0x00000000080069e8      0x338 ./src/lib/cube_f103/Drivers/STM32F1xx_HAL_Driver/Src/stm32f1xx_hal_rcc.o
                0x00000000080069e8                HAL_RCC_OscConfig
 .text.HAL_RCC_GetSysClockFreq
                0x0000000008006d20       0x74 ./src/lib/cube_f103/Drivers/STM32F1xx_HAL_Driver/Src/stm32f1xx_hal_rcc.o
                0x0000000008006d20                HAL_RCC_GetSysClockFreq
 .text.HAL_RCC_ClockConfig
                0x0000000008006d94      0x138 ./src/lib/cube_f103/Drivers/STM32F1xx_HAL_Driver/Src/stm32f1xx_hal_rcc.o
                0x0000000008006d94                HAL_RCC_ClockConfig
 .text.HAL_RCC_GetPCLK1Freq
                0x0000000008006ecc       0x20 ./src/lib/cube_f103/Drivers/STM32F1xx_HAL_Driver/Src/stm32f1xx_hal_rcc.o
                0x0000000008006ecc                HAL_RCC_GetPCLK1Freq
 .text.HAL_RCC_GetPCLK2Freq
                0x0000000008006eec       0x20 ./src/lib/cube_f103/Drivers/STM32F1xx_HAL_Driver/Src/stm32f1xx_hal_rcc.o
                0x0000000008006eec                HAL_RCC_GetPCLK2Freq
 .text.HAL_RCCEx_PeriphCLKConfig
                0x0000000008006f0c       0xf4 ./src/lib/cube_f103/Drivers/STM32F1xx_HAL_Driver/Src/stm32f1xx_hal_rcc_ex.o
                0x0000000008006f0c                HAL_RCCEx_PeriphCLKConfig
 .text.HAL_RCCEx_GetPeriphCLKFreq
                0x0000000008007000       0xe4 ./src/lib/cube_f103/Drivers/STM32F1xx_HAL_Driver/Src/stm32f1xx_hal_rcc_ex.o
                0x0000000008007000                HAL_RCCEx_GetPeriphCLKFreq
 .text.RTC_EnterInitMode
                0x00000000080070e4       0x2e ./src/lib/cube_f103/Drivers/STM32F1xx_HAL_Driver/Src/stm32f1xx_hal_rtc.o
 .text.RTC_ExitInitMode
                0x0000000008007112       0x30 ./src/lib/cube_f103/Drivers/STM32F1xx_HAL_Driver/Src/stm32f1xx_hal_rtc.o
 .text.HAL_RTC_WaitForSynchro
                0x0000000008007142       0x36 ./src/lib/cube_f103/Drivers/STM32F1xx_HAL_Driver/Src/stm32f1xx_hal_rtc.o
                0x0000000008007142                HAL_RTC_WaitForSynchro
 .text.HAL_RTC_Init
                0x0000000008007178       0x9c ./src/lib/cube_f103/Drivers/STM32F1xx_HAL_Driver/Src/stm32f1xx_hal_rtc.o
                0x0000000008007178                HAL_RTC_Init
 .text.HAL_RTCEx_BKUPWrite
                0x0000000008007214       0x10 ./src/lib/cube_f103/Drivers/STM32F1xx_HAL_Driver/Src/stm32f1xx_hal_rtc_ex.o
                0x0000000008007214                HAL_RTCEx_BKUPWrite
 .text.HAL_RTCEx_BKUPRead
                0x0000000008007224       0x10 ./src/lib/cube_f103/Drivers/STM32F1xx_HAL_Driver/Src/stm32f1xx_hal_rtc_ex.o
                0x0000000008007224                HAL_RTCEx_BKUPRead
 .text.UART_EndRxTransfer
                0x0000000008007234       0x1a ./src/lib/cube_f103/Drivers/STM32F1xx_HAL_Driver/Src/stm32f1xx_hal_uart.o
 *fill*         0x000000000800724e        0x2 
 .text.UART_SetConfig
                0x0000000008007250       0x74 ./src/lib/cube_f103/Drivers/STM32F1xx_HAL_Driver/Src/stm32f1xx_hal_uart.o
 .text.HAL_UART_Init
                0x00000000080072c4       0x5c ./src/lib/cube_f103/Drivers/STM32F1xx_HAL_Driver/Src/stm32f1xx_hal_uart.o
                0x00000000080072c4                HAL_UART_Init
 .text.HAL_UART_DeInit
                0x0000000008007320       0x30 ./src/lib/cube_f103/Drivers/STM32F1xx_HAL_Driver/Src/stm32f1xx_hal_uart.o
                0x0000000008007320                HAL_UART_DeInit
 .text.HAL_UART_Receive_DMA
                0x0000000008007350       0x90 ./src/lib/cube_f103/Drivers/STM32F1xx_HAL_Driver/Src/stm32f1xx_hal_uart.o
                0x0000000008007350                HAL_UART_Receive_DMA
 .text.HAL_UART_TxCpltCallback
                0x00000000080073e0        0x2 ./src/lib/cube_f103/Drivers/STM32F1xx_HAL_Driver/Src/stm32f1xx_hal_uart.o
                0x00000000080073e0                HAL_UART_TxCpltCallback
 .text.UART_DMAReceiveCplt
                0x00000000080073e2       0x38 ./src/lib/cube_f103/Drivers/STM32F1xx_HAL_Driver/Src/stm32f1xx_hal_uart.o
 .text.UART_Receive_IT.isra.0
                0x000000000800741a       0x70 ./src/lib/cube_f103/Drivers/STM32F1xx_HAL_Driver/Src/stm32f1xx_hal_uart.o
 .text.HAL_UART_RxHalfCpltCallback
                0x000000000800748a        0x2 ./src/lib/cube_f103/Drivers/STM32F1xx_HAL_Driver/Src/stm32f1xx_hal_uart.o
                0x000000000800748a                HAL_UART_RxHalfCpltCallback
 .text.UART_DMARxHalfCplt
                0x000000000800748c        0xa ./src/lib/cube_f103/Drivers/STM32F1xx_HAL_Driver/Src/stm32f1xx_hal_uart.o
 .text.UART_DMAError
                0x0000000008007496       0x4a ./src/lib/cube_f103/Drivers/STM32F1xx_HAL_Driver/Src/stm32f1xx_hal_uart.o
 .text.HAL_UART_IRQHandler
                0x00000000080074e0      0x144 ./src/lib/cube_f103/Drivers/STM32F1xx_HAL_Driver/Src/stm32f1xx_hal_uart.o
                0x00000000080074e0                HAL_UART_IRQHandler
 .text.UART_DMAAbortOnError
                0x0000000008007624       0x10 ./src/lib/cube_f103/Drivers/STM32F1xx_HAL_Driver/Src/stm32f1xx_hal_uart.o
 .text.USB_CoreInit
                0x0000000008007634        0xe ./src/lib/cube_f103/Drivers/STM32F1xx_HAL_Driver/Src/stm32f1xx_ll_usb.o
                0x0000000008007634                USB_CoreInit
 .text.USB_EnableGlobalInt
                0x0000000008007642       0x12 ./src/lib/cube_f103/Drivers/STM32F1xx_HAL_Driver/Src/stm32f1xx_ll_usb.o
                0x0000000008007642                USB_EnableGlobalInt
 .text.USB_DisableGlobalInt
                0x0000000008007654       0x14 ./src/lib/cube_f103/Drivers/STM32F1xx_HAL_Driver/Src/stm32f1xx_ll_usb.o
                0x0000000008007654                USB_DisableGlobalInt
 .text.USB_SetCurrentMode
                0x0000000008007668        0x4 ./src/lib/cube_f103/Drivers/STM32F1xx_HAL_Driver/Src/stm32f1xx_ll_usb.o
                0x0000000008007668                USB_SetCurrentMode
 .text.USB_DevInit
                0x000000000800766c       0x28 ./src/lib/cube_f103/Drivers/STM32F1xx_HAL_Driver/Src/stm32f1xx_ll_usb.o
                0x000000000800766c                USB_DevInit
 .text.USB_ActivateEndpoint
                0x0000000008007694      0x278 ./src/lib/cube_f103/Drivers/STM32F1xx_HAL_Driver/Src/stm32f1xx_ll_usb.o
                0x0000000008007694                USB_ActivateEndpoint
 .text.USB_DeactivateEndpoint
                0x000000000800790c      0x1a2 ./src/lib/cube_f103/Drivers/STM32F1xx_HAL_Driver/Src/stm32f1xx_ll_usb.o
                0x000000000800790c                USB_DeactivateEndpoint
 .text.USB_EPSetStall
                0x0000000008007aae       0x40 ./src/lib/cube_f103/Drivers/STM32F1xx_HAL_Driver/Src/stm32f1xx_ll_usb.o
                0x0000000008007aae                USB_EPSetStall
 .text.USB_EPClearStall
                0x0000000008007aee       0x92 ./src/lib/cube_f103/Drivers/STM32F1xx_HAL_Driver/Src/stm32f1xx_ll_usb.o
                0x0000000008007aee                USB_EPClearStall
 .text.USB_SetDevAddress
                0x0000000008007b80        0xc ./src/lib/cube_f103/Drivers/STM32F1xx_HAL_Driver/Src/stm32f1xx_ll_usb.o
                0x0000000008007b80                USB_SetDevAddress
 .text.USB_DevConnect
                0x0000000008007b8c        0x4 ./src/lib/cube_f103/Drivers/STM32F1xx_HAL_Driver/Src/stm32f1xx_ll_usb.o
                0x0000000008007b8c                USB_DevConnect
 .text.USB_DevDisconnect
                0x0000000008007b90        0x4 ./src/lib/cube_f103/Drivers/STM32F1xx_HAL_Driver/Src/stm32f1xx_ll_usb.o
                0x0000000008007b90                USB_DevDisconnect
 .text.USB_ReadInterrupts
                0x0000000008007b94        0x8 ./src/lib/cube_f103/Drivers/STM32F1xx_HAL_Driver/Src/stm32f1xx_ll_usb.o
                0x0000000008007b94                USB_ReadInterrupts
 .text.USB_EP0_OutStart
                0x0000000008007b9c        0x4 ./src/lib/cube_f103/Drivers/STM32F1xx_HAL_Driver/Src/stm32f1xx_ll_usb.o
                0x0000000008007b9c                USB_EP0_OutStart
 .text.USB_WritePMA
                0x0000000008007ba0       0x20 ./src/lib/cube_f103/Drivers/STM32F1xx_HAL_Driver/Src/stm32f1xx_ll_usb.o
                0x0000000008007ba0                USB_WritePMA
 .text.USB_EPStartXfer
                0x0000000008007bc0      0x478 ./src/lib/cube_f103/Drivers/STM32F1xx_HAL_Driver/Src/stm32f1xx_ll_usb.o
                0x0000000008007bc0                USB_EPStartXfer
 .text.USB_ReadPMA
                0x0000000008008038       0x38 ./src/lib/cube_f103/Drivers/STM32F1xx_HAL_Driver/Src/stm32f1xx_ll_usb.o
                0x0000000008008038                USB_ReadPMA
 .text.USBD_CDC_EP0_RxReady
                0x0000000008008070       0x28 ./src/lib/cube_f103/Middlewares/ST/STM32_USB_Device_Library/Class/CDC/Src/usbd_cdc.o
 .text.USBD_CDC_GetFSCfgDesc
                0x0000000008008098        0xc ./src/lib/cube_f103/Middlewares/ST/STM32_USB_Device_Library/Class/CDC/Src/usbd_cdc.o
 .text.USBD_CDC_GetHSCfgDesc
                0x00000000080080a4        0xc ./src/lib/cube_f103/Middlewares/ST/STM32_USB_Device_Library/Class/CDC/Src/usbd_cdc.o
 .text.USBD_CDC_GetOtherSpeedCfgDesc
                0x00000000080080b0        0xc ./src/lib/cube_f103/Middlewares/ST/STM32_USB_Device_Library/Class/CDC/Src/usbd_cdc.o
 .text.USBD_CDC_GetDeviceQualifierDescriptor
                0x00000000080080bc        0xc ./src/lib/cube_f103/Middlewares/ST/STM32_USB_Device_Library/Class/CDC/Src/usbd_cdc.o
                0x00000000080080bc                USBD_CDC_GetDeviceQualifierDescriptor
 .text.USBD_CDC_DataOut
                0x00000000080080c8       0x2e ./src/lib/cube_f103/Middlewares/ST/STM32_USB_Device_Library/Class/CDC/Src/usbd_cdc.o
 .text.USBD_CDC_DataIn
                0x00000000080080f6       0x42 ./src/lib/cube_f103/Middlewares/ST/STM32_USB_Device_Library/Class/CDC/Src/usbd_cdc.o
 .text.USBD_CDC_Setup
                0x0000000008008138       0xb6 ./src/lib/cube_f103/Middlewares/ST/STM32_USB_Device_Library/Class/CDC/Src/usbd_cdc.o
 .text.USBD_CDC_DeInit
                0x00000000080081ee       0x42 ./src/lib/cube_f103/Middlewares/ST/STM32_USB_Device_Library/Class/CDC/Src/usbd_cdc.o
 .text.USBD_CDC_Init
                0x0000000008008230       0xa2 ./src/lib/cube_f103/Middlewares/ST/STM32_USB_Device_Library/Class/CDC/Src/usbd_cdc.o
 .text.USBD_CDC_RegisterInterface
                0x00000000080082d2        0xe ./src/lib/cube_f103/Middlewares/ST/STM32_USB_Device_Library/Class/CDC/Src/usbd_cdc.o
                0x00000000080082d2                USBD_CDC_RegisterInterface
 .text.USBD_CDC_SetTxBuffer
                0x00000000080082e0       0x10 ./src/lib/cube_f103/Middlewares/ST/STM32_USB_Device_Library/Class/CDC/Src/usbd_cdc.o
                0x00000000080082e0                USBD_CDC_SetTxBuffer
 .text.USBD_CDC_SetRxBuffer
                0x00000000080082f0        0xc ./src/lib/cube_f103/Middlewares/ST/STM32_USB_Device_Library/Class/CDC/Src/usbd_cdc.o
                0x00000000080082f0                USBD_CDC_SetRxBuffer
 .text.USBD_CDC_ReceivePacket
                0x00000000080082fc       0x2e ./src/lib/cube_f103/Middlewares/ST/STM32_USB_Device_Library/Class/CDC/Src/usbd_cdc.o
                0x00000000080082fc                USBD_CDC_ReceivePacket
 .text.USBD_Init
                0x000000000800832a       0x2a ./src/lib/cube_f103/Middlewares/ST/STM32_USB_Device_Library/Core/Src/usbd_core.o
                0x000000000800832a                USBD_Init
 .text.USBD_RegisterClass
                0x0000000008008354        0xe ./src/lib/cube_f103/Middlewares/ST/STM32_USB_Device_Library/Core/Src/usbd_core.o
                0x0000000008008354                USBD_RegisterClass
 .text.USBD_Start
                0x0000000008008362        0xa ./src/lib/cube_f103/Middlewares/ST/STM32_USB_Device_Library/Core/Src/usbd_core.o
                0x0000000008008362                USBD_Start
 .text.USBD_SetClassConfig
                0x000000000800836c       0x16 ./src/lib/cube_f103/Middlewares/ST/STM32_USB_Device_Library/Core/Src/usbd_core.o
                0x000000000800836c                USBD_SetClassConfig
 .text.USBD_ClrClassConfig
                0x0000000008008382        0xe ./src/lib/cube_f103/Middlewares/ST/STM32_USB_Device_Library/Core/Src/usbd_core.o
                0x0000000008008382                USBD_ClrClassConfig
 .text.USBD_LL_SetupStage
                0x0000000008008390       0x5a ./src/lib/cube_f103/Middlewares/ST/STM32_USB_Device_Library/Core/Src/usbd_core.o
                0x0000000008008390                USBD_LL_SetupStage
 .text.USBD_LL_DataOutStage
                0x00000000080083ea       0x74 ./src/lib/cube_f103/Middlewares/ST/STM32_USB_Device_Library/Core/Src/usbd_core.o
                0x00000000080083ea                USBD_LL_DataOutStage
 .text.USBD_LL_DataInStage
                0x000000000800845e       0xb6 ./src/lib/cube_f103/Middlewares/ST/STM32_USB_Device_Library/Core/Src/usbd_core.o
                0x000000000800845e                USBD_LL_DataInStage
 .text.USBD_LL_Reset
                0x0000000008008514       0x4e ./src/lib/cube_f103/Middlewares/ST/STM32_USB_Device_Library/Core/Src/usbd_core.o
                0x0000000008008514                USBD_LL_Reset
 .text.USBD_LL_SetSpeed
                0x0000000008008562        0x6 ./src/lib/cube_f103/Middlewares/ST/STM32_USB_Device_Library/Core/Src/usbd_core.o
                0x0000000008008562                USBD_LL_SetSpeed
 .text.USBD_LL_Suspend
                0x0000000008008568       0x12 ./src/lib/cube_f103/Middlewares/ST/STM32_USB_Device_Library/Core/Src/usbd_core.o
                0x0000000008008568                USBD_LL_Suspend
 .text.USBD_LL_Resume
                0x000000000800857a       0x14 ./src/lib/cube_f103/Middlewares/ST/STM32_USB_Device_Library/Core/Src/usbd_core.o
                0x000000000800857a                USBD_LL_Resume
 .text.USBD_LL_SOF
                0x000000000800858e       0x18 ./src/lib/cube_f103/Middlewares/ST/STM32_USB_Device_Library/Core/Src/usbd_core.o
                0x000000000800858e                USBD_LL_SOF
 .text.USBD_CtlError.constprop.0
                0x00000000080085a6       0x16 ./src/lib/cube_f103/Middlewares/ST/STM32_USB_Device_Library/Core/Src/usbd_ctlreq.o
 .text.USBD_StdDevReq
                0x00000000080085bc      0x254 ./src/lib/cube_f103/Middlewares/ST/STM32_USB_Device_Library/Core/Src/usbd_ctlreq.o
                0x00000000080085bc                USBD_StdDevReq
 .text.USBD_StdItfReq
                0x0000000008008810       0x48 ./src/lib/cube_f103/Middlewares/ST/STM32_USB_Device_Library/Core/Src/usbd_ctlreq.o
                0x0000000008008810                USBD_StdItfReq
 .text.USBD_StdEPReq
                0x0000000008008858      0x114 ./src/lib/cube_f103/Middlewares/ST/STM32_USB_Device_Library/Core/Src/usbd_ctlreq.o
                0x0000000008008858                USBD_StdEPReq
 .text.USBD_ParseSetupRequest
                0x000000000800896c       0x28 ./src/lib/cube_f103/Middlewares/ST/STM32_USB_Device_Library/Core/Src/usbd_ctlreq.o
                0x000000000800896c                USBD_ParseSetupRequest
 .text.USBD_CtlError
                0x0000000008008994       0x16 ./src/lib/cube_f103/Middlewares/ST/STM32_USB_Device_Library/Core/Src/usbd_ctlreq.o
                0x0000000008008994                USBD_CtlError
 .text.USBD_GetString
                0x00000000080089aa       0x38 ./src/lib/cube_f103/Middlewares/ST/STM32_USB_Device_Library/Core/Src/usbd_ctlreq.o
                0x00000000080089aa                USBD_GetString
 .text.USBD_CtlSendData
                0x00000000080089e2       0x1a ./src/lib/cube_f103/Middlewares/ST/STM32_USB_Device_Library/Core/Src/usbd_ioreq.o
                0x00000000080089e2                USBD_CtlSendData
 .text.USBD_CtlContinueSendData
                0x00000000080089fc       0x10 ./src/lib/cube_f103/Middlewares/ST/STM32_USB_Device_Library/Core/Src/usbd_ioreq.o
                0x00000000080089fc                USBD_CtlContinueSendData
 .text.USBD_CtlPrepareRx
                0x0000000008008a0c       0x1a ./src/lib/cube_f103/Middlewares/ST/STM32_USB_Device_Library/Core/Src/usbd_ioreq.o
                0x0000000008008a0c                USBD_CtlPrepareRx
 .text.USBD_CtlContinueRx
                0x0000000008008a26       0x10 ./src/lib/cube_f103/Middlewares/ST/STM32_USB_Device_Library/Core/Src/usbd_ioreq.o
                0x0000000008008a26                USBD_CtlContinueRx
 .text.USBD_CtlSendStatus
                0x0000000008008a36       0x16 ./src/lib/cube_f103/Middlewares/ST/STM32_USB_Device_Library/Core/Src/usbd_ioreq.o
                0x0000000008008a36                USBD_CtlSendStatus
 .text.USBD_CtlReceiveStatus
                0x0000000008008a4c       0x16 ./src/lib/cube_f103/Middlewares/ST/STM32_USB_Device_Library/Core/Src/usbd_ioreq.o
                0x0000000008008a4c                USBD_CtlReceiveStatus
 *fill*         0x0000000008008a62        0x2 
 .text.MX_USB_DEVICE_Init
                0x0000000008008a64       0x50 ./src/lib/cube_f103/USB_DEVICE/App/usb_device.o
                0x0000000008008a64                MX_USB_DEVICE_Init
 .text.CDC_DeInit_FS
                0x0000000008008ab4        0x4 ./src/lib/cube_f103/USB_DEVICE/App/usbd_cdc_if.o
 .text.CDC_Control_FS
                0x0000000008008ab8       0x60 ./src/lib/cube_f103/USB_DEVICE/App/usbd_cdc_if.o
 .text.CDC_Init_FS
                0x0000000008008b18       0x28 ./src/lib/cube_f103/USB_DEVICE/App/usbd_cdc_if.o
 .text.cdcAvailable
                0x0000000008008b40       0x24 ./src/lib/cube_f103/USB_DEVICE/App/usbd_cdc_if.o
                0x0000000008008b40                cdcAvailable
 .text.cdcDataIn
                0x0000000008008b64       0x34 ./src/lib/cube_f103/USB_DEVICE/App/usbd_cdc_if.o
                0x0000000008008b64                cdcDataIn
 .text.CDC_Receive_FS
                0x0000000008008b98       0x50 ./src/lib/cube_f103/USB_DEVICE/App/usbd_cdc_if.o
 .text.USBD_CDC_SOF
                0x0000000008008be8       0x30 ./src/lib/cube_f103/USB_DEVICE/App/usbd_cdc_if.o
                0x0000000008008be8                USBD_CDC_SOF
 .text.USBD_FS_DeviceDescriptor
                0x0000000008008c18        0xc ./src/lib/cube_f103/USB_DEVICE/App/usbd_desc.o
                0x0000000008008c18                USBD_FS_DeviceDescriptor
 .text.USBD_FS_LangIDStrDescriptor
                0x0000000008008c24        0xc ./src/lib/cube_f103/USB_DEVICE/App/usbd_desc.o
                0x0000000008008c24                USBD_FS_LangIDStrDescriptor
 .text.IntToUnicode
                0x0000000008008c30       0x2a ./src/lib/cube_f103/USB_DEVICE/App/usbd_desc.o
 *fill*         0x0000000008008c5a        0x2 
 .text.USBD_FS_SerialStrDescriptor
                0x0000000008008c5c       0x3c ./src/lib/cube_f103/USB_DEVICE/App/usbd_desc.o
                0x0000000008008c5c                USBD_FS_SerialStrDescriptor
 .text.USBD_FS_ManufacturerStrDescriptor
                0x0000000008008c98       0x1c ./src/lib/cube_f103/USB_DEVICE/App/usbd_desc.o
                0x0000000008008c98                USBD_FS_ManufacturerStrDescriptor
 .text.USBD_FS_ProductStrDescriptor
                0x0000000008008cb4       0x1c ./src/lib/cube_f103/USB_DEVICE/App/usbd_desc.o
                0x0000000008008cb4                USBD_FS_ProductStrDescriptor
 .text.USBD_FS_ConfigStrDescriptor
                0x0000000008008cd0       0x1c ./src/lib/cube_f103/USB_DEVICE/App/usbd_desc.o
                0x0000000008008cd0                USBD_FS_ConfigStrDescriptor
 .text.USBD_FS_InterfaceStrDescriptor
                0x0000000008008cec       0x1c ./src/lib/cube_f103/USB_DEVICE/App/usbd_desc.o
                0x0000000008008cec                USBD_FS_InterfaceStrDescriptor
 .text.USBD_Get_USB_Status
                0x0000000008008d08       0x10 ./src/lib/cube_f103/USB_DEVICE/Target/usbd_conf.o
 .text.HAL_PCD_MspInit
                0x0000000008008d18       0x40 ./src/lib/cube_f103/USB_DEVICE/Target/usbd_conf.o
                0x0000000008008d18                HAL_PCD_MspInit
 .text.HAL_PCD_SetupStageCallback
                0x0000000008008d58        0xc ./src/lib/cube_f103/USB_DEVICE/Target/usbd_conf.o
                0x0000000008008d58                HAL_PCD_SetupStageCallback
 .text.HAL_PCD_DataOutStageCallback
                0x0000000008008d64       0x12 ./src/lib/cube_f103/USB_DEVICE/Target/usbd_conf.o
                0x0000000008008d64                HAL_PCD_DataOutStageCallback
 .text.HAL_PCD_DataInStageCallback
                0x0000000008008d76       0x10 ./src/lib/cube_f103/USB_DEVICE/Target/usbd_conf.o
                0x0000000008008d76                HAL_PCD_DataInStageCallback
 .text.HAL_PCD_SOFCallback
                0x0000000008008d86        0x8 ./src/lib/cube_f103/USB_DEVICE/Target/usbd_conf.o
                0x0000000008008d86                HAL_PCD_SOFCallback
 .text.HAL_PCD_ResetCallback
                0x0000000008008d8e       0x24 ./src/lib/cube_f103/USB_DEVICE/Target/usbd_conf.o
                0x0000000008008d8e                HAL_PCD_ResetCallback
 *fill*         0x0000000008008db2        0x2 
 .text.HAL_PCD_SuspendCallback
                0x0000000008008db4       0x20 ./src/lib/cube_f103/USB_DEVICE/Target/usbd_conf.o
                0x0000000008008db4                HAL_PCD_SuspendCallback
 .text.HAL_PCD_ResumeCallback
                0x0000000008008dd4        0x8 ./src/lib/cube_f103/USB_DEVICE/Target/usbd_conf.o
                0x0000000008008dd4                HAL_PCD_ResumeCallback
 .text.USBD_LL_Init
                0x0000000008008ddc       0x84 ./src/lib/cube_f103/USB_DEVICE/Target/usbd_conf.o
                0x0000000008008ddc                USBD_LL_Init
 .text.USBD_LL_Start
                0x0000000008008e60       0x12 ./src/lib/cube_f103/USB_DEVICE/Target/usbd_conf.o
                0x0000000008008e60                USBD_LL_Start
 .text.USBD_LL_OpenEP
                0x0000000008008e72       0x18 ./src/lib/cube_f103/USB_DEVICE/Target/usbd_conf.o
                0x0000000008008e72                USBD_LL_OpenEP
 .text.USBD_LL_CloseEP
                0x0000000008008e8a       0x12 ./src/lib/cube_f103/USB_DEVICE/Target/usbd_conf.o
                0x0000000008008e8a                USBD_LL_CloseEP
 .text.USBD_LL_StallEP
                0x0000000008008e9c       0x12 ./src/lib/cube_f103/USB_DEVICE/Target/usbd_conf.o
                0x0000000008008e9c                USBD_LL_StallEP
 .text.USBD_LL_ClearStallEP
                0x0000000008008eae       0x12 ./src/lib/cube_f103/USB_DEVICE/Target/usbd_conf.o
                0x0000000008008eae                USBD_LL_ClearStallEP
 .text.USBD_LL_IsStallEP
                0x0000000008008ec0       0x24 ./src/lib/cube_f103/USB_DEVICE/Target/usbd_conf.o
                0x0000000008008ec0                USBD_LL_IsStallEP
 .text.USBD_LL_SetUSBAddress
                0x0000000008008ee4       0x12 ./src/lib/cube_f103/USB_DEVICE/Target/usbd_conf.o
                0x0000000008008ee4                USBD_LL_SetUSBAddress
 .text.USBD_LL_Transmit
                0x0000000008008ef6       0x12 ./src/lib/cube_f103/USB_DEVICE/Target/usbd_conf.o
                0x0000000008008ef6                USBD_LL_Transmit
 .text.USBD_LL_PrepareReceive
                0x0000000008008f08       0x12 ./src/lib/cube_f103/USB_DEVICE/Target/usbd_conf.o
                0x0000000008008f08                USBD_LL_PrepareReceive
 .text.USBD_LL_GetRxDataSize
                0x0000000008008f1a        0x8 ./src/lib/cube_f103/USB_DEVICE/Target/usbd_conf.o
                0x0000000008008f1a                USBD_LL_GetRxDataSize
 *fill*         0x0000000008008f22        0x2 
 .text.USBD_static_malloc
                0x0000000008008f24        0x8 ./src/lib/cube_f103/USB_DEVICE/Target/usbd_conf.o
                0x0000000008008f24                USBD_static_malloc
 .text.USBD_static_free
                0x0000000008008f2c        0x2 ./src/lib/cube_f103/USB_DEVICE/Target/usbd_conf.o
                0x0000000008008f2c                USBD_static_free
 .text.HAL_PCDEx_SetConnectionState
                0x0000000008008f2e        0x2 ./src/lib/cube_f103/USB_DEVICE/Target/usbd_conf.o
                0x0000000008008f2e                HAL_PCDEx_SetConnectionState
 .text.startup.main
                0x0000000008008f30       0x12 ./src/main.o
                0x0000000008008f30                main
 *fill*         0x0000000008008f42        0x2 
 .text.__libc_init_array
                0x0000000008008f44       0x48 d:/st/stm32cubeide_1.9.0/stm32cubeide/plugins/com.st.stm32cube.ide.mcu.externaltools.gnu-tools-for-stm32.10.3-2021.10.win32_1.0.0.202111181127/tools/bin/../lib/gcc/arm-none-eabi/10.3.1/../../../../arm-none-eabi/lib/thumb/v7-m/nofp\libc_nano.a(lib_a-init.o)
                0x0000000008008f44                __libc_init_array
 .text.memset   0x0000000008008f8c       0x10 d:/st/stm32cubeide_1.9.0/stm32cubeide/plugins/com.st.stm32cube.ide.mcu.externaltools.gnu-tools-for-stm32.10.3-2021.10.win32_1.0.0.202111181127/tools/bin/../lib/gcc/arm-none-eabi/10.3.1/../../../../arm-none-eabi/lib/thumb/v7-m/nofp\libc_nano.a(lib_a-memset.o)
                0x0000000008008f8c                memset
 *(.glue_7)
 .glue_7        0x0000000008008f9c        0x0 linker stubs
 *(.glue_7t)
 .glue_7t       0x0000000008008f9c        0x0 linker stubs
 *(.eh_frame)
 .eh_frame      0x0000000008008f9c        0x0 d:/st/stm32cubeide_1.9.0/stm32cubeide/plugins/com.st.stm32cube.ide.mcu.externaltools.gnu-tools-for-stm32.10.3-2021.10.win32_1.0.0.202111181127/tools/bin/../lib/gcc/arm-none-eabi/10.3.1/thumb/v7-m/nofp/crtbegin.o
 *(.init)
 .init          0x0000000008008f9c        0x4 d:/st/stm32cubeide_1.9.0/stm32cubeide/plugins/com.st.stm32cube.ide.mcu.externaltools.gnu-tools-for-stm32.10.3-2021.10.win32_1.0.0.202111181127/tools/bin/../lib/gcc/arm-none-eabi/10.3.1/thumb/v7-m/nofp/crti.o
                0x0000000008008f9c                _init
 .init          0x0000000008008fa0        0x8 d:/st/stm32cubeide_1.9.0/stm32cubeide/plugins/com.st.stm32cube.ide.mcu.externaltools.gnu-tools-for-stm32.10.3-2021.10.win32_1.0.0.202111181127/tools/bin/../lib/gcc/arm-none-eabi/10.3.1/thumb/v7-m/nofp/crtn.o
 *(.fini)
 .fini          0x0000000008008fa8        0x4 d:/st/stm32cubeide_1.9.0/stm32cubeide/plugins/com.st.stm32cube.ide.mcu.externaltools.gnu-tools-for-stm32.10.3-2021.10.win32_1.0.0.202111181127/tools/bin/../lib/gcc/arm-none-eabi/10.3.1/thumb/v7-m/nofp/crti.o
                0x0000000008008fa8                _fini
 .fini          0x0000000008008fac        0x8 d:/st/stm32cubeide_1.9.0/stm32cubeide/plugins/com.st.stm32cube.ide.mcu.externaltools.gnu-tools-for-stm32.10.3-2021.10.win32_1.0.0.202111181127/tools/bin/../lib/gcc/arm-none-eabi/10.3.1/thumb/v7-m/nofp/crtn.o
                0x0000000008008fb4                . = ALIGN (0x4)
                0x0000000008008fb4                _etext = .

.vfp11_veneer   0x0000000008008fb4        0x0
 .vfp11_veneer  0x0000000008008fb4        0x0 linker stubs

.v4_bx          0x0000000008008fb4        0x0
 .v4_bx         0x0000000008008fb4        0x0 linker stubs

.iplt           0x0000000008008fb4        0x0
 .iplt          0x0000000008008fb4        0x0 d:/st/stm32cubeide_1.9.0/stm32cubeide/plugins/com.st.stm32cube.ide.mcu.externaltools.gnu-tools-for-stm32.10.3-2021.10.win32_1.0.0.202111181127/tools/bin/../lib/gcc/arm-none-eabi/10.3.1/thumb/v7-m/nofp/crtbegin.o

.rodata         0x0000000008008fb4       0x70
                0x0000000008008fb4                . = ALIGN (0x4)
 *(.rodata)
 *(.rodata*)
 .rodata.AHBPrescTable
                0x0000000008008fb4       0x10 ./src/bsp/system_stm32f1xx.o
                0x0000000008008fb4                AHBPrescTable
 .rodata.APBPrescTable
                0x0000000008008fc4        0x8 ./src/bsp/system_stm32f1xx.o
                0x0000000008008fc4                APBPrescTable
 .rodata.HAL_RCC_GetSysClockFreq.str1.1
                0x0000000008008fcc       0x11 ./src/lib/cube_f103/Drivers/STM32F1xx_HAL_Driver/Src/stm32f1xx_hal_rcc.o
 .rodata.HAL_RCCEx_GetPeriphCLKFreq.str1.1
                0x0000000008008fdd       0x11 ./src/lib/cube_f103/Drivers/STM32F1xx_HAL_Driver/Src/stm32f1xx_hal_rcc_ex.o
 .rodata.USBD_FS_ManufacturerStrDescriptor.str1.1
                0x0000000008008fdd       0x13 ./src/lib/cube_f103/USB_DEVICE/App/usbd_desc.o
 .rodata.USBD_FS_ProductStrDescriptor.str1.1
                0x0000000008008ff0       0x16 ./src/lib/cube_f103/USB_DEVICE/App/usbd_desc.o
 .rodata.USBD_FS_ConfigStrDescriptor.str1.1
                0x0000000008009006        0xb ./src/lib/cube_f103/USB_DEVICE/App/usbd_desc.o
 .rodata.USBD_FS_InterfaceStrDescriptor.str1.1
                0x0000000008009011        0xe ./src/lib/cube_f103/USB_DEVICE/App/usbd_desc.o
 .rodata.CSWTCH.3
                0x000000000800901f        0x4 ./src/lib/cube_f103/USB_DEVICE/Target/usbd_conf.o
                0x0000000008009024                . = ALIGN (0x4)
 *fill*         0x0000000008009023        0x1 

.rel.dyn        0x0000000008009024        0x0
 .rel.iplt      0x0000000008009024        0x0 d:/st/stm32cubeide_1.9.0/stm32cubeide/plugins/com.st.stm32cube.ide.mcu.externaltools.gnu-tools-for-stm32.10.3-2021.10.win32_1.0.0.202111181127/tools/bin/../lib/gcc/arm-none-eabi/10.3.1/thumb/v7-m/nofp/crtbegin.o

.ARM.extab      0x0000000008009024        0x0
                0x0000000008009024                . = ALIGN (0x4)
 *(.ARM.extab* .gnu.linkonce.armextab.*)
                0x0000000008009024                . = ALIGN (0x4)

.ARM            0x0000000008009024        0x0
                0x0000000008009024                . = ALIGN (0x4)
                0x0000000008009024                __exidx_start = .
 *(.ARM.exidx*)
                0x0000000008009024                __exidx_end = .
                0x0000000008009024                . = ALIGN (0x4)

.preinit_array  0x0000000008009024        0x0
                0x0000000008009024                . = ALIGN (0x4)
                0x0000000008009024                PROVIDE (__preinit_array_start = .)
 *(.preinit_array*)
                0x0000000008009024                PROVIDE (__preinit_array_end = .)
                0x0000000008009024                . = ALIGN (0x4)

.init_array     0x0000000008009024        0x4
                0x0000000008009024                . = ALIGN (0x4)
                0x0000000008009024                PROVIDE (__init_array_start = .)
 *(SORT_BY_NAME(.init_array.*))
 *(.init_array*)
 .init_array    0x0000000008009024        0x4 d:/st/stm32cubeide_1.9.0/stm32cubeide/plugins/com.st.stm32cube.ide.mcu.externaltools.gnu-tools-for-stm32.10.3-2021.10.win32_1.0.0.202111181127/tools/bin/../lib/gcc/arm-none-eabi/10.3.1/thumb/v7-m/nofp/crtbegin.o
                0x0000000008009028                PROVIDE (__init_array_end = .)
                0x0000000008009028                . = ALIGN (0x4)

.fini_array     0x0000000008009028        0x4
                0x0000000008009028                . = ALIGN (0x4)
                [!provide]                        PROVIDE (__fini_array_start = .)
 *(SORT_BY_NAME(.fini_array.*))
 *(.fini_array*)
 .fini_array    0x0000000008009028        0x4 d:/st/stm32cubeide_1.9.0/stm32cubeide/plugins/com.st.stm32cube.ide.mcu.externaltools.gnu-tools-for-stm32.10.3-2021.10.win32_1.0.0.202111181127/tools/bin/../lib/gcc/arm-none-eabi/10.3.1/thumb/v7-m/nofp/crtbegin.o
                [!provide]                        PROVIDE (__fini_array_end = .)
                0x000000000800902c                . = ALIGN (0x4)
                0x000000000800902c                _sidata = LOADADDR (.data)

.data           0x0000000020000000      0x190 load address 0x000000000800902c
                0x0000000020000000                . = ALIGN (0x4)
                0x0000000020000000                _sdata = .
 *(.data)
 *(.data*)
 .data.SystemCoreClock
                0x0000000020000000        0x4 ./src/bsp/system_stm32f1xx.o
                0x0000000020000000                SystemCoreClock
 .data.led_tbl  0x0000000020000004        0x8 ./src/hw/driver/led.o
                0x0000000020000004                led_tbl
 .data.uwTickFreq
                0x000000002000000c        0x1 ./src/lib/cube_f103/Drivers/STM32F1xx_HAL_Driver/Src/stm32f1xx_hal.o
                0x000000002000000c                uwTickFreq
 *fill*         0x000000002000000d        0x3 
 .data.uwTickPrio
                0x0000000020000010        0x4 ./src/lib/cube_f103/Drivers/STM32F1xx_HAL_Driver/Src/stm32f1xx_hal.o
                0x0000000020000010                uwTickPrio
 .data.USBD_CDC
                0x0000000020000014       0x38 ./src/lib/cube_f103/Middlewares/ST/STM32_USB_Device_Library/Class/CDC/Src/usbd_cdc.o
                0x0000000020000014                USBD_CDC
 .data.USBD_CDC_CfgFSDesc
                0x000000002000004c       0x43 ./src/lib/cube_f103/Middlewares/ST/STM32_USB_Device_Library/Class/CDC/Src/usbd_cdc.o
                0x000000002000004c                USBD_CDC_CfgFSDesc
 *fill*         0x000000002000008f        0x1 
 .data.USBD_CDC_CfgHSDesc
                0x0000000020000090       0x43 ./src/lib/cube_f103/Middlewares/ST/STM32_USB_Device_Library/Class/CDC/Src/usbd_cdc.o
                0x0000000020000090                USBD_CDC_CfgHSDesc
 *fill*         0x00000000200000d3        0x1 
 .data.USBD_CDC_DeviceQualifierDesc
                0x00000000200000d4        0xa ./src/lib/cube_f103/Middlewares/ST/STM32_USB_Device_Library/Class/CDC/Src/usbd_cdc.o
 *fill*         0x00000000200000de        0x2 
 .data.USBD_CDC_OtherSpeedCfgDesc
                0x00000000200000e0       0x43 ./src/lib/cube_f103/Middlewares/ST/STM32_USB_Device_Library/Class/CDC/Src/usbd_cdc.o
                0x00000000200000e0                USBD_CDC_OtherSpeedCfgDesc
 *fill*         0x0000000020000123        0x1 
 .data.LineCoding
                0x0000000020000124        0x8 ./src/lib/cube_f103/USB_DEVICE/App/usbd_cdc_if.o
                0x0000000020000124                LineCoding
 .data.USBD_Interface_fops_FS
                0x000000002000012c       0x10 ./src/lib/cube_f103/USB_DEVICE/App/usbd_cdc_if.o
                0x000000002000012c                USBD_Interface_fops_FS
 .data.rx_len   0x000000002000013c        0x4 ./src/lib/cube_f103/USB_DEVICE/App/usbd_cdc_if.o
                0x000000002000013c                rx_len
 .data.FS_Desc  0x0000000020000140       0x1c ./src/lib/cube_f103/USB_DEVICE/App/usbd_desc.o
                0x0000000020000140                FS_Desc
 .data.USBD_FS_DeviceDesc
                0x000000002000015c       0x12 ./src/lib/cube_f103/USB_DEVICE/App/usbd_desc.o
                0x000000002000015c                USBD_FS_DeviceDesc
 *fill*         0x000000002000016e        0x2 
 .data.USBD_LangIDDesc
                0x0000000020000170        0x4 ./src/lib/cube_f103/USB_DEVICE/App/usbd_desc.o
                0x0000000020000170                USBD_LangIDDesc
 .data.USBD_StringSerial
                0x0000000020000174       0x1a ./src/lib/cube_f103/USB_DEVICE/App/usbd_desc.o
                0x0000000020000174                USBD_StringSerial
                0x0000000020000190                . = ALIGN (0x4)
 *fill*         0x000000002000018e        0x2 
                0x0000000020000190                _edata = .

.igot.plt       0x0000000020000190        0x0 load address 0x00000000080091bc
 .igot.plt      0x0000000020000190        0x0 d:/st/stm32cubeide_1.9.0/stm32cubeide/plugins/com.st.stm32cube.ide.mcu.externaltools.gnu-tools-for-stm32.10.3-2021.10.win32_1.0.0.202111181127/tools/bin/../lib/gcc/arm-none-eabi/10.3.1/thumb/v7-m/nofp/crtbegin.o
                0x0000000020000190                . = ALIGN (0x4)

.bss            0x0000000020000190     0x13bc load address 0x00000000080091bc
                0x0000000020000190                _sbss = .
                0x0000000020000190                __bss_start__ = _sbss
 *(.bss)
 .bss           0x0000000020000190       0x1c d:/st/stm32cubeide_1.9.0/stm32cubeide/plugins/com.st.stm32cube.ide.mcu.externaltools.gnu-tools-for-stm32.10.3-2021.10.win32_1.0.0.202111181127/tools/bin/../lib/gcc/arm-none-eabi/10.3.1/thumb/v7-m/nofp/crtbegin.o
 *(.bss*)
 .bss.flash_tbl
                0x00000000200001ac      0x200 ./src/hw/driver/flash.o
 .bss.reset_count
                0x00000000200003ac        0x4 ./src/hw/driver/reset.o
 .bss.hrtc      0x00000000200003b0       0x14 ./src/hw/driver/rtc.o
 .bss.hdma_usart1_rx
                0x00000000200003c4       0x44 ./src/hw/driver/uart.o
                0x00000000200003c4                hdma_usart1_rx
 .bss.huart1    0x0000000020000408       0x40 ./src/hw/driver/uart.o
                0x0000000020000408                huart1
 .bss.qbuffer   0x0000000020000448       0x20 ./src/hw/driver/uart.o
 .bss.rx_buf    0x0000000020000468      0x100 ./src/hw/driver/uart.o
 .bss.uwTick    0x0000000020000568        0x4 ./src/lib/cube_f103/Drivers/STM32F1xx_HAL_Driver/Src/stm32f1xx_hal.o
                0x0000000020000568                uwTick
 .bss.cfgidx.0  0x000000002000056c        0x1 ./src/lib/cube_f103/Middlewares/ST/STM32_USB_Device_Library/Core/Src/usbd_ctlreq.o
 *fill*         0x000000002000056d        0x3 
 .bss.hUsbDeviceFS
                0x0000000020000570      0x2c4 ./src/lib/cube_f103/USB_DEVICE/App/usb_device.o
                0x0000000020000570                hUsbDeviceFS
 .bss.UserRxBufferFS
                0x0000000020000834      0x200 ./src/lib/cube_f103/USB_DEVICE/App/usbd_cdc_if.o
                0x0000000020000834                UserRxBufferFS
 .bss.UserTxBufferFS
                0x0000000020000a34      0x200 ./src/lib/cube_f103/USB_DEVICE/App/usbd_cdc_if.o
                0x0000000020000a34                UserTxBufferFS
 .bss.rx_buf    0x0000000020000c34      0x200 ./src/lib/cube_f103/USB_DEVICE/App/usbd_cdc_if.o
                0x0000000020000c34                rx_buf
 .bss.rx_full   0x0000000020000e34        0x1 ./src/lib/cube_f103/USB_DEVICE/App/usbd_cdc_if.o
                0x0000000020000e34                rx_full
 *fill*         0x0000000020000e35        0x3 
 .bss.rx_in     0x0000000020000e38        0x4 ./src/lib/cube_f103/USB_DEVICE/App/usbd_cdc_if.o
                0x0000000020000e38                rx_in
 .bss.rx_out    0x0000000020000e3c        0x4 ./src/lib/cube_f103/USB_DEVICE/App/usbd_cdc_if.o
                0x0000000020000e3c                rx_out
 .bss.USBD_StrDesc
                0x0000000020000e40      0x200 ./src/lib/cube_f103/USB_DEVICE/App/usbd_desc.o
                0x0000000020000e40                USBD_StrDesc
 .bss.hpcd_USB_FS
                0x0000000020001040      0x2ec ./src/lib/cube_f103/USB_DEVICE/Target/usbd_conf.o
                0x0000000020001040                hpcd_USB_FS
 .bss.mem.0     0x000000002000132c      0x220 ./src/lib/cube_f103/USB_DEVICE/Target/usbd_conf.o
 *(COMMON)
                0x000000002000154c                . = ALIGN (0x4)
                0x000000002000154c                _ebss = .
                0x000000002000154c                __bss_end__ = _ebss

._user_heap_stack
                0x000000002000154c      0x604 load address 0x00000000080091bc
                0x0000000020001550                . = ALIGN (0x8)
 *fill*         0x000000002000154c        0x4 
                [!provide]                        PROVIDE (end = .)
                0x0000000020001550                PROVIDE (_end = .)
                0x0000000020001750                . = (. + _Min_Heap_Size)
 *fill*         0x0000000020001550      0x200 
                0x0000000020001b50                . = (. + _Min_Stack_Size)
 *fill*         0x0000000020001750      0x400 
                0x0000000020001b50                . = ALIGN (0x8)

/DISCARD/
 libc.a(*)
 libm.a(*)
 libgcc.a(*)

.ARM.attributes
                0x0000000000000000       0x29
 *(.ARM.attributes)
 .ARM.attributes
                0x0000000000000000       0x1d d:/st/stm32cubeide_1.9.0/stm32cubeide/plugins/com.st.stm32cube.ide.mcu.externaltools.gnu-tools-for-stm32.10.3-2021.10.win32_1.0.0.202111181127/tools/bin/../lib/gcc/arm-none-eabi/10.3.1/thumb/v7-m/nofp/crti.o
 .ARM.attributes
                0x000000000000001d       0x2d d:/st/stm32cubeide_1.9.0/stm32cubeide/plugins/com.st.stm32cube.ide.mcu.externaltools.gnu-tools-for-stm32.10.3-2021.10.win32_1.0.0.202111181127/tools/bin/../lib/gcc/arm-none-eabi/10.3.1/thumb/v7-m/nofp/crtbegin.o
 .ARM.attributes
                0x000000000000004a       0x2d ./src/ap/ap.o
 .ARM.attributes
                0x0000000000000077       0x2d ./src/bsp/bsp.o
 .ARM.attributes
                0x00000000000000a4       0x2d ./src/bsp/stm32f1xx_hal_msp.o
 .ARM.attributes
                0x00000000000000d1       0x2d ./src/bsp/stm32f1xx_it.o
 .ARM.attributes
                0x00000000000000fe       0x2d ./src/bsp/system_stm32f1xx.o
 .ARM.attributes
                0x000000000000012b       0x21 ./src/bsp/startup/startup_stm32f103c8tx.o
 .ARM.attributes
                0x000000000000014c       0x2d ./src/common/core/qbuffer.o
 .ARM.attributes
                0x0000000000000179       0x2d ./src/hw/driver/flash.o
 .ARM.attributes
                0x00000000000001a6       0x2d ./src/hw/driver/led.o
 .ARM.attributes
                0x00000000000001d3       0x2d ./src/hw/driver/reset.o
 .ARM.attributes
                0x0000000000000200       0x2d ./src/hw/driver/rtc.o
 .ARM.attributes
                0x000000000000022d       0x2d ./src/hw/driver/uart.o
 .ARM.attributes
                0x000000000000025a       0x2d ./src/hw/driver/usb.o
 .ARM.attributes
                0x0000000000000287       0x2d ./src/hw/hw.o
 .ARM.attributes
                0x00000000000002b4       0x2d ./src/lib/cube_f103/Drivers/STM32F1xx_HAL_Driver/Src/stm32f1xx_hal.o
 .ARM.attributes
                0x00000000000002e1       0x2d ./src/lib/cube_f103/Drivers/STM32F1xx_HAL_Driver/Src/stm32f1xx_hal_cortex.o
 .ARM.attributes
                0x000000000000030e       0x2d ./src/lib/cube_f103/Drivers/STM32F1xx_HAL_Driver/Src/stm32f1xx_hal_dma.o
 .ARM.attributes
                0x000000000000033b       0x2d ./src/lib/cube_f103/Drivers/STM32F1xx_HAL_Driver/Src/stm32f1xx_hal_gpio.o
 .ARM.attributes
                0x0000000000000368       0x2d ./src/lib/cube_f103/Drivers/STM32F1xx_HAL_Driver/Src/stm32f1xx_hal_pcd.o
 .ARM.attributes
                0x0000000000000395       0x2d ./src/lib/cube_f103/Drivers/STM32F1xx_HAL_Driver/Src/stm32f1xx_hal_pcd_ex.o
 .ARM.attributes
                0x00000000000003c2       0x2d ./src/lib/cube_f103/Drivers/STM32F1xx_HAL_Driver/Src/stm32f1xx_hal_pwr.o
 .ARM.attributes
                0x00000000000003ef       0x2d ./src/lib/cube_f103/Drivers/STM32F1xx_HAL_Driver/Src/stm32f1xx_hal_rcc.o
 .ARM.attributes
                0x000000000000041c       0x2d ./src/lib/cube_f103/Drivers/STM32F1xx_HAL_Driver/Src/stm32f1xx_hal_rcc_ex.o
 .ARM.attributes
                0x0000000000000449       0x2d ./src/lib/cube_f103/Drivers/STM32F1xx_HAL_Driver/Src/stm32f1xx_hal_rtc.o
 .ARM.attributes
                0x0000000000000476       0x2d ./src/lib/cube_f103/Drivers/STM32F1xx_HAL_Driver/Src/stm32f1xx_hal_rtc_ex.o
 .ARM.attributes
                0x00000000000004a3       0x2d ./src/lib/cube_f103/Drivers/STM32F1xx_HAL_Driver/Src/stm32f1xx_hal_uart.o
 .ARM.attributes
                0x00000000000004d0       0x2d ./src/lib/cube_f103/Drivers/STM32F1xx_HAL_Driver/Src/stm32f1xx_ll_usb.o
 .ARM.attributes
                0x00000000000004fd       0x2d ./src/lib/cube_f103/Middlewares/ST/STM32_USB_Device_Library/Class/CDC/Src/usbd_cdc.o
 .ARM.attributes
                0x000000000000052a       0x2d ./src/lib/cube_f103/Middlewares/ST/STM32_USB_Device_Library/Core/Src/usbd_core.o
 .ARM.attributes
                0x0000000000000557       0x2d ./src/lib/cube_f103/Middlewares/ST/STM32_USB_Device_Library/Core/Src/usbd_ctlreq.o
 .ARM.attributes
                0x0000000000000584       0x2d ./src/lib/cube_f103/Middlewares/ST/STM32_USB_Device_Library/Core/Src/usbd_ioreq.o
 .ARM.attributes
                0x00000000000005b1       0x2d ./src/lib/cube_f103/USB_DEVICE/App/usb_device.o
 .ARM.attributes
                0x00000000000005de       0x2d ./src/lib/cube_f103/USB_DEVICE/App/usbd_cdc_if.o
 .ARM.attributes
                0x000000000000060b       0x2d ./src/lib/cube_f103/USB_DEVICE/App/usbd_desc.o
 .ARM.attributes
                0x0000000000000638       0x2d ./src/lib/cube_f103/USB_DEVICE/Target/usbd_conf.o
 .ARM.attributes
                0x0000000000000665       0x2d ./src/main.o
 .ARM.attributes
                0x0000000000000692       0x2d d:/st/stm32cubeide_1.9.0/stm32cubeide/plugins/com.st.stm32cube.ide.mcu.externaltools.gnu-tools-for-stm32.10.3-2021.10.win32_1.0.0.202111181127/tools/bin/../lib/gcc/arm-none-eabi/10.3.1/../../../../arm-none-eabi/lib/thumb/v7-m/nofp\libc_nano.a(lib_a-init.o)
 .ARM.attributes
                0x00000000000006bf       0x2d d:/st/stm32cubeide_1.9.0/stm32cubeide/plugins/com.st.stm32cube.ide.mcu.externaltools.gnu-tools-for-stm32.10.3-2021.10.win32_1.0.0.202111181127/tools/bin/../lib/gcc/arm-none-eabi/10.3.1/../../../../arm-none-eabi/lib/thumb/v7-m/nofp\libc_nano.a(lib_a-memset.o)
 .ARM.attributes
                0x00000000000006ec       0x1d d:/st/stm32cubeide_1.9.0/stm32cubeide/plugins/com.st.stm32cube.ide.mcu.externaltools.gnu-tools-for-stm32.10.3-2021.10.win32_1.0.0.202111181127/tools/bin/../lib/gcc/arm-none-eabi/10.3.1/thumb/v7-m/nofp/crtn.o
OUTPUT(stm32f103_fw (1).elf elf32-littlearm)
LOAD linker stubs
LOAD d:/st/stm32cubeide_1.9.0/stm32cubeide/plugins/com.st.stm32cube.ide.mcu.externaltools.gnu-tools-for-stm32.10.3-2021.10.win32_1.0.0.202111181127/tools/bin/../lib/gcc/arm-none-eabi/10.3.1/../../../../arm-none-eabi/lib/thumb/v7-m/nofp\libc.a
LOAD d:/st/stm32cubeide_1.9.0/stm32cubeide/plugins/com.st.stm32cube.ide.mcu.externaltools.gnu-tools-for-stm32.10.3-2021.10.win32_1.0.0.202111181127/tools/bin/../lib/gcc/arm-none-eabi/10.3.1/../../../../arm-none-eabi/lib/thumb/v7-m/nofp\libm.a
LOAD d:/st/stm32cubeide_1.9.0/stm32cubeide/plugins/com.st.stm32cube.ide.mcu.externaltools.gnu-tools-for-stm32.10.3-2021.10.win32_1.0.0.202111181127/tools/bin/../lib/gcc/arm-none-eabi/10.3.1/thumb/v7-m/nofp\libgcc.a

.debug_info     0x0000000000000000    0x15de3
 .debug_info    0x0000000000000000      0x186 ./src/ap/ap.o
 .debug_info    0x0000000000000186      0x731 ./src/bsp/bsp.o
 .debug_info    0x00000000000008b7      0x210 ./src/bsp/stm32f1xx_hal_msp.o
 .debug_info    0x0000000000000ac7      0xb04 ./src/bsp/stm32f1xx_it.o
 .debug_info    0x00000000000015cb      0x400 ./src/bsp/system_stm32f1xx.o
 .debug_info    0x00000000000019cb       0x22 ./src/bsp/startup/startup_stm32f103c8tx.o
 .debug_info    0x00000000000019ed      0x2f6 ./src/common/core/qbuffer.o
 .debug_info    0x0000000000001ce3      0x5b0 ./src/hw/driver/flash.o
 .debug_info    0x0000000000002293      0x4a9 ./src/hw/driver/led.o
 .debug_info    0x000000000000273c      0x236 ./src/hw/driver/reset.o
 .debug_info    0x0000000000002972      0x580 ./src/hw/driver/rtc.o
 .debug_info    0x0000000000002ef2     0x10e2 ./src/hw/driver/uart.o
 .debug_info    0x0000000000003fd4      0x2c5 ./src/hw/driver/usb.o
 .debug_info    0x0000000000004299      0x127 ./src/hw/hw.o
 .debug_info    0x00000000000043c0      0x808 ./src/lib/cube_f103/Drivers/STM32F1xx_HAL_Driver/Src/stm32f1xx_hal.o
 .debug_info    0x0000000000004bc8      0xd6a ./src/lib/cube_f103/Drivers/STM32F1xx_HAL_Driver/Src/stm32f1xx_hal_cortex.o
 .debug_info    0x0000000000005932      0x856 ./src/lib/cube_f103/Drivers/STM32F1xx_HAL_Driver/Src/stm32f1xx_hal_dma.o
 .debug_info    0x0000000000006188      0x66f ./src/lib/cube_f103/Drivers/STM32F1xx_HAL_Driver/Src/stm32f1xx_hal_gpio.o
 .debug_info    0x00000000000067f7     0x1ad3 ./src/lib/cube_f103/Drivers/STM32F1xx_HAL_Driver/Src/stm32f1xx_hal_pcd.o
 .debug_info    0x00000000000082ca      0x728 ./src/lib/cube_f103/Drivers/STM32F1xx_HAL_Driver/Src/stm32f1xx_hal_pcd_ex.o
 .debug_info    0x00000000000089f2      0x6a5 ./src/lib/cube_f103/Drivers/STM32F1xx_HAL_Driver/Src/stm32f1xx_hal_pwr.o
 .debug_info    0x0000000000009097      0xa89 ./src/lib/cube_f103/Drivers/STM32F1xx_HAL_Driver/Src/stm32f1xx_hal_rcc.o
 .debug_info    0x0000000000009b20      0x43f ./src/lib/cube_f103/Drivers/STM32F1xx_HAL_Driver/Src/stm32f1xx_hal_rcc_ex.o
 .debug_info    0x0000000000009f5f     0x148f ./src/lib/cube_f103/Drivers/STM32F1xx_HAL_Driver/Src/stm32f1xx_hal_rtc.o
 .debug_info    0x000000000000b3ee      0x7b8 ./src/lib/cube_f103/Drivers/STM32F1xx_HAL_Driver/Src/stm32f1xx_hal_rtc_ex.o
 .debug_info    0x000000000000bba6     0x18c1 ./src/lib/cube_f103/Drivers/STM32F1xx_HAL_Driver/Src/stm32f1xx_hal_uart.o
 .debug_info    0x000000000000d467     0x1a09 ./src/lib/cube_f103/Drivers/STM32F1xx_HAL_Driver/Src/stm32f1xx_ll_usb.o
 .debug_info    0x000000000000ee70     0x13ea ./src/lib/cube_f103/Middlewares/ST/STM32_USB_Device_Library/Class/CDC/Src/usbd_cdc.o
 .debug_info    0x000000000001025a      0xe2e ./src/lib/cube_f103/Middlewares/ST/STM32_USB_Device_Library/Core/Src/usbd_core.o
 .debug_info    0x0000000000011088      0xde6 ./src/lib/cube_f103/Middlewares/ST/STM32_USB_Device_Library/Core/Src/usbd_ctlreq.o
 .debug_info    0x0000000000011e6e      0x82a ./src/lib/cube_f103/Middlewares/ST/STM32_USB_Device_Library/Core/Src/usbd_ioreq.o
 .debug_info    0x0000000000012698      0x6ff ./src/lib/cube_f103/USB_DEVICE/App/usb_device.o
 .debug_info    0x0000000000012d97      0xc43 ./src/lib/cube_f103/USB_DEVICE/App/usbd_cdc_if.o
 .debug_info    0x00000000000139da      0x66d ./src/lib/cube_f103/USB_DEVICE/App/usbd_desc.o
 .debug_info    0x0000000000014047     0x1cd4 ./src/lib/cube_f103/USB_DEVICE/Target/usbd_conf.o
 .debug_info    0x0000000000015d1b       0xc8 ./src/main.o

.debug_abbrev   0x0000000000000000     0x4f0b
 .debug_abbrev  0x0000000000000000      0x10b ./src/ap/ap.o
 .debug_abbrev  0x000000000000010b      0x234 ./src/bsp/bsp.o
 .debug_abbrev  0x000000000000033f       0xe4 ./src/bsp/stm32f1xx_hal_msp.o
 .debug_abbrev  0x0000000000000423      0x1e6 ./src/bsp/stm32f1xx_it.o
 .debug_abbrev  0x0000000000000609      0x141 ./src/bsp/system_stm32f1xx.o
 .debug_abbrev  0x000000000000074a       0x12 ./src/bsp/startup/startup_stm32f103c8tx.o
 .debug_abbrev  0x000000000000075c      0x12f ./src/common/core/qbuffer.o
 .debug_abbrev  0x000000000000088b      0x21b ./src/hw/driver/flash.o
 .debug_abbrev  0x0000000000000aa6      0x257 ./src/hw/driver/led.o
 .debug_abbrev  0x0000000000000cfd      0x136 ./src/hw/driver/reset.o
 .debug_abbrev  0x0000000000000e33      0x1dd ./src/hw/driver/rtc.o
 .debug_abbrev  0x0000000000001010      0x3fb ./src/hw/driver/uart.o
 .debug_abbrev  0x000000000000140b      0x16c ./src/hw/driver/usb.o
 .debug_abbrev  0x0000000000001577       0x88 ./src/hw/hw.o
 .debug_abbrev  0x00000000000015ff      0x277 ./src/lib/cube_f103/Drivers/STM32F1xx_HAL_Driver/Src/stm32f1xx_hal.o
 .debug_abbrev  0x0000000000001876      0x352 ./src/lib/cube_f103/Drivers/STM32F1xx_HAL_Driver/Src/stm32f1xx_hal_cortex.o
 .debug_abbrev  0x0000000000001bc8      0x253 ./src/lib/cube_f103/Drivers/STM32F1xx_HAL_Driver/Src/stm32f1xx_hal_dma.o
 .debug_abbrev  0x0000000000001e1b      0x1e7 ./src/lib/cube_f103/Drivers/STM32F1xx_HAL_Driver/Src/stm32f1xx_hal_gpio.o
 .debug_abbrev  0x0000000000002002      0x3b6 ./src/lib/cube_f103/Drivers/STM32F1xx_HAL_Driver/Src/stm32f1xx_hal_pcd.o
 .debug_abbrev  0x00000000000023b8      0x1c8 ./src/lib/cube_f103/Drivers/STM32F1xx_HAL_Driver/Src/stm32f1xx_hal_pcd_ex.o
 .debug_abbrev  0x0000000000002580      0x1e1 ./src/lib/cube_f103/Drivers/STM32F1xx_HAL_Driver/Src/stm32f1xx_hal_pwr.o
 .debug_abbrev  0x0000000000002761      0x2f5 ./src/lib/cube_f103/Drivers/STM32F1xx_HAL_Driver/Src/stm32f1xx_hal_rcc.o
 .debug_abbrev  0x0000000000002a56      0x1d3 ./src/lib/cube_f103/Drivers/STM32F1xx_HAL_Driver/Src/stm32f1xx_hal_rcc_ex.o
 .debug_abbrev  0x0000000000002c29      0x33e ./src/lib/cube_f103/Drivers/STM32F1xx_HAL_Driver/Src/stm32f1xx_hal_rtc.o
 .debug_abbrev  0x0000000000002f67      0x25a ./src/lib/cube_f103/Drivers/STM32F1xx_HAL_Driver/Src/stm32f1xx_hal_rtc_ex.o
 .debug_abbrev  0x00000000000031c1      0x352 ./src/lib/cube_f103/Drivers/STM32F1xx_HAL_Driver/Src/stm32f1xx_hal_uart.o
 .debug_abbrev  0x0000000000003513      0x297 ./src/lib/cube_f103/Drivers/STM32F1xx_HAL_Driver/Src/stm32f1xx_ll_usb.o
 .debug_abbrev  0x00000000000037aa      0x327 ./src/lib/cube_f103/Middlewares/ST/STM32_USB_Device_Library/Class/CDC/Src/usbd_cdc.o
 .debug_abbrev  0x0000000000003ad1      0x300 ./src/lib/cube_f103/Middlewares/ST/STM32_USB_Device_Library/Core/Src/usbd_core.o
 .debug_abbrev  0x0000000000003dd1      0x38e ./src/lib/cube_f103/Middlewares/ST/STM32_USB_Device_Library/Core/Src/usbd_ctlreq.o
 .debug_abbrev  0x000000000000415f      0x1ae ./src/lib/cube_f103/Middlewares/ST/STM32_USB_Device_Library/Core/Src/usbd_ioreq.o
 .debug_abbrev  0x000000000000430d      0x1b5 ./src/lib/cube_f103/USB_DEVICE/App/usb_device.o
 .debug_abbrev  0x00000000000044c2      0x3c6 ./src/lib/cube_f103/USB_DEVICE/App/usbd_cdc_if.o
 .debug_abbrev  0x0000000000004888      0x2ca ./src/lib/cube_f103/USB_DEVICE/App/usbd_desc.o
 .debug_abbrev  0x0000000000004b52      0x352 ./src/lib/cube_f103/USB_DEVICE/Target/usbd_conf.o
 .debug_abbrev  0x0000000000004ea4       0x67 ./src/main.o

.debug_loc      0x0000000000000000     0xafc5
 .debug_loc     0x0000000000000000       0x2f ./src/ap/ap.o
 .debug_loc     0x000000000000002f       0x48 ./src/bsp/bsp.o
 .debug_loc     0x0000000000000077       0x15 ./src/bsp/stm32f1xx_hal_msp.o
 .debug_loc     0x000000000000008c       0xe7 ./src/bsp/system_stm32f1xx.o
 .debug_loc     0x0000000000000173      0x2dc ./src/common/core/qbuffer.o
 .debug_loc     0x000000000000044f      0x47e ./src/hw/driver/flash.o
 .debug_loc     0x00000000000008cd       0xea ./src/hw/driver/led.o
 .debug_loc     0x00000000000009b7       0xbb ./src/hw/driver/rtc.o
 .debug_loc     0x0000000000000a72      0x462 ./src/hw/driver/uart.o
 .debug_loc     0x0000000000000ed4      0x139 ./src/lib/cube_f103/Drivers/STM32F1xx_HAL_Driver/Src/stm32f1xx_hal.o
 .debug_loc     0x000000000000100d      0x4c5 ./src/lib/cube_f103/Drivers/STM32F1xx_HAL_Driver/Src/stm32f1xx_hal_cortex.o
 .debug_loc     0x00000000000014d2      0x717 ./src/lib/cube_f103/Drivers/STM32F1xx_HAL_Driver/Src/stm32f1xx_hal_dma.o
 .debug_loc     0x0000000000001be9      0x41b ./src/lib/cube_f103/Drivers/STM32F1xx_HAL_Driver/Src/stm32f1xx_hal_gpio.o
 .debug_loc     0x0000000000002004     0x108d ./src/lib/cube_f103/Drivers/STM32F1xx_HAL_Driver/Src/stm32f1xx_hal_pcd.o
 .debug_loc     0x0000000000003091       0xae ./src/lib/cube_f103/Drivers/STM32F1xx_HAL_Driver/Src/stm32f1xx_hal_pcd_ex.o
 .debug_loc     0x000000000000313f       0xe3 ./src/lib/cube_f103/Drivers/STM32F1xx_HAL_Driver/Src/stm32f1xx_hal_pwr.o
 .debug_loc     0x0000000000003222      0x5f1 ./src/lib/cube_f103/Drivers/STM32F1xx_HAL_Driver/Src/stm32f1xx_hal_rcc.o
 .debug_loc     0x0000000000003813      0x38c ./src/lib/cube_f103/Drivers/STM32F1xx_HAL_Driver/Src/stm32f1xx_hal_rcc_ex.o
 .debug_loc     0x0000000000003b9f     0x135b ./src/lib/cube_f103/Drivers/STM32F1xx_HAL_Driver/Src/stm32f1xx_hal_rtc.o
 .debug_loc     0x0000000000004efa      0x4a2 ./src/lib/cube_f103/Drivers/STM32F1xx_HAL_Driver/Src/stm32f1xx_hal_rtc_ex.o
 .debug_loc     0x000000000000539c     0x1581 ./src/lib/cube_f103/Drivers/STM32F1xx_HAL_Driver/Src/stm32f1xx_hal_uart.o
 .debug_loc     0x000000000000691d     0x195e ./src/lib/cube_f103/Drivers/STM32F1xx_HAL_Driver/Src/stm32f1xx_ll_usb.o
 .debug_loc     0x000000000000827b      0x727 ./src/lib/cube_f103/Middlewares/ST/STM32_USB_Device_Library/Class/CDC/Src/usbd_cdc.o
 .debug_loc     0x00000000000089a2      0x7dd ./src/lib/cube_f103/Middlewares/ST/STM32_USB_Device_Library/Core/Src/usbd_core.o
 .debug_loc     0x000000000000917f      0xae2 ./src/lib/cube_f103/Middlewares/ST/STM32_USB_Device_Library/Core/Src/usbd_ctlreq.o
 .debug_loc     0x0000000000009c61      0x284 ./src/lib/cube_f103/Middlewares/ST/STM32_USB_Device_Library/Core/Src/usbd_ioreq.o
 .debug_loc     0x0000000000009ee5      0x408 ./src/lib/cube_f103/USB_DEVICE/App/usbd_cdc_if.o
 .debug_loc     0x000000000000a2ed      0x373 ./src/lib/cube_f103/USB_DEVICE/App/usbd_desc.o
 .debug_loc     0x000000000000a660      0x965 ./src/lib/cube_f103/USB_DEVICE/Target/usbd_conf.o

.debug_aranges  0x0000000000000000      0xf20
 .debug_aranges
                0x0000000000000000       0x28 ./src/ap/ap.o
 .debug_aranges
                0x0000000000000028       0x48 ./src/bsp/bsp.o
 .debug_aranges
                0x0000000000000070       0x20 ./src/bsp/stm32f1xx_hal_msp.o
 .debug_aranges
                0x0000000000000090       0x60 ./src/bsp/stm32f1xx_it.o
 .debug_aranges
                0x00000000000000f0       0x28 ./src/bsp/system_stm32f1xx.o
 .debug_aranges
                0x0000000000000118       0x28 ./src/bsp/startup/startup_stm32f103c8tx.o
 .debug_aranges
                0x0000000000000140       0x48 ./src/common/core/qbuffer.o
 .debug_aranges
                0x0000000000000188       0x38 ./src/hw/driver/flash.o
 .debug_aranges
                0x00000000000001c0       0x40 ./src/hw/driver/led.o
 .debug_aranges
                0x0000000000000200       0x28 ./src/hw/driver/reset.o
 .debug_aranges
                0x0000000000000228       0x40 ./src/hw/driver/rtc.o
 .debug_aranges
                0x0000000000000268       0x68 ./src/hw/driver/uart.o
 .debug_aranges
                0x00000000000002d0       0x20 ./src/hw/driver/usb.o
 .debug_aranges
                0x00000000000002f0       0x20 ./src/hw/hw.o
 .debug_aranges
                0x0000000000000310       0xd8 ./src/lib/cube_f103/Drivers/STM32F1xx_HAL_Driver/Src/stm32f1xx_hal.o
 .debug_aranges
                0x00000000000003e8       0x90 ./src/lib/cube_f103/Drivers/STM32F1xx_HAL_Driver/Src/stm32f1xx_hal_cortex.o
 .debug_aranges
                0x0000000000000478       0x78 ./src/lib/cube_f103/Drivers/STM32F1xx_HAL_Driver/Src/stm32f1xx_hal_dma.o
 .debug_aranges
                0x00000000000004f0       0x58 ./src/lib/cube_f103/Drivers/STM32F1xx_HAL_Driver/Src/stm32f1xx_hal_gpio.o
 .debug_aranges
                0x0000000000000548       0xc8 ./src/lib/cube_f103/Drivers/STM32F1xx_HAL_Driver/Src/stm32f1xx_hal_pcd.o
 .debug_aranges
                0x0000000000000610       0x28 ./src/lib/cube_f103/Drivers/STM32F1xx_HAL_Driver/Src/stm32f1xx_hal_pcd_ex.o
 .debug_aranges
                0x0000000000000638       0xa8 ./src/lib/cube_f103/Drivers/STM32F1xx_HAL_Driver/Src/stm32f1xx_hal_pwr.o
 .debug_aranges
                0x00000000000006e0       0x88 ./src/lib/cube_f103/Drivers/STM32F1xx_HAL_Driver/Src/stm32f1xx_hal_rcc.o
 .debug_aranges
                0x0000000000000768       0x30 ./src/lib/cube_f103/Drivers/STM32F1xx_HAL_Driver/Src/stm32f1xx_hal_rcc_ex.o
 .debug_aranges
                0x0000000000000798       0xd8 ./src/lib/cube_f103/Drivers/STM32F1xx_HAL_Driver/Src/stm32f1xx_hal_rtc.o
 .debug_aranges
                0x0000000000000870       0x78 ./src/lib/cube_f103/Drivers/STM32F1xx_HAL_Driver/Src/stm32f1xx_hal_rtc_ex.o
 .debug_aranges
                0x00000000000008e8      0x170 ./src/lib/cube_f103/Drivers/STM32F1xx_HAL_Driver/Src/stm32f1xx_hal_uart.o
 .debug_aranges
                0x0000000000000a58       0xd0 ./src/lib/cube_f103/Drivers/STM32F1xx_HAL_Driver/Src/stm32f1xx_ll_usb.o
 .debug_aranges
                0x0000000000000b28       0x90 ./src/lib/cube_f103/Middlewares/ST/STM32_USB_Device_Library/Class/CDC/Src/usbd_cdc.o
 .debug_aranges
                0x0000000000000bb8       0xa8 ./src/lib/cube_f103/Middlewares/ST/STM32_USB_Device_Library/Core/Src/usbd_core.o
 .debug_aranges
                0x0000000000000c60       0x50 ./src/lib/cube_f103/Middlewares/ST/STM32_USB_Device_Library/Core/Src/usbd_ctlreq.o
 .debug_aranges
                0x0000000000000cb0       0x50 ./src/lib/cube_f103/Middlewares/ST/STM32_USB_Device_Library/Core/Src/usbd_ioreq.o
 .debug_aranges
                0x0000000000000d00       0x20 ./src/lib/cube_f103/USB_DEVICE/App/usb_device.o
 .debug_aranges
                0x0000000000000d20       0x70 ./src/lib/cube_f103/USB_DEVICE/App/usbd_cdc_if.o
 .debug_aranges
                0x0000000000000d90       0x58 ./src/lib/cube_f103/USB_DEVICE/App/usbd_desc.o
 .debug_aranges
                0x0000000000000de8      0x118 ./src/lib/cube_f103/USB_DEVICE/Target/usbd_conf.o
 .debug_aranges
                0x0000000000000f00       0x20 ./src/main.o

.debug_ranges   0x0000000000000000     0x1840
 .debug_ranges  0x0000000000000000       0x18 ./src/ap/ap.o
 .debug_ranges  0x0000000000000018       0x80 ./src/bsp/bsp.o
 .debug_ranges  0x0000000000000098       0x58 ./src/bsp/stm32f1xx_hal_msp.o
 .debug_ranges  0x00000000000000f0       0x50 ./src/bsp/stm32f1xx_it.o
 .debug_ranges  0x0000000000000140       0x18 ./src/bsp/system_stm32f1xx.o
 .debug_ranges  0x0000000000000158       0x20 ./src/bsp/startup/startup_stm32f103c8tx.o
 .debug_ranges  0x0000000000000178       0x78 ./src/common/core/qbuffer.o
 .debug_ranges  0x00000000000001f0       0xd8 ./src/hw/driver/flash.o
 .debug_ranges  0x00000000000002c8       0x70 ./src/hw/driver/led.o
 .debug_ranges  0x0000000000000338       0x18 ./src/hw/driver/reset.o
 .debug_ranges  0x0000000000000350       0x70 ./src/hw/driver/rtc.o
 .debug_ranges  0x00000000000003c0       0xc0 ./src/hw/driver/uart.o
 .debug_ranges  0x0000000000000480       0x10 ./src/hw/driver/usb.o
 .debug_ranges  0x0000000000000490       0x10 ./src/hw/hw.o
 .debug_ranges  0x00000000000004a0       0xc8 ./src/lib/cube_f103/Drivers/STM32F1xx_HAL_Driver/Src/stm32f1xx_hal.o
 .debug_ranges  0x0000000000000568      0x148 ./src/lib/cube_f103/Drivers/STM32F1xx_HAL_Driver/Src/stm32f1xx_hal_cortex.o
 .debug_ranges  0x00000000000006b0       0x98 ./src/lib/cube_f103/Drivers/STM32F1xx_HAL_Driver/Src/stm32f1xx_hal_dma.o
 .debug_ranges  0x0000000000000748       0x68 ./src/lib/cube_f103/Drivers/STM32F1xx_HAL_Driver/Src/stm32f1xx_hal_gpio.o
 .debug_ranges  0x00000000000007b0      0x228 ./src/lib/cube_f103/Drivers/STM32F1xx_HAL_Driver/Src/stm32f1xx_hal_pcd.o
 .debug_ranges  0x00000000000009d8       0x18 ./src/lib/cube_f103/Drivers/STM32F1xx_HAL_Driver/Src/stm32f1xx_hal_pcd_ex.o
 .debug_ranges  0x00000000000009f0       0x98 ./src/lib/cube_f103/Drivers/STM32F1xx_HAL_Driver/Src/stm32f1xx_hal_pwr.o
 .debug_ranges  0x0000000000000a88       0xc0 ./src/lib/cube_f103/Drivers/STM32F1xx_HAL_Driver/Src/stm32f1xx_hal_rcc.o
 .debug_ranges  0x0000000000000b48       0x58 ./src/lib/cube_f103/Drivers/STM32F1xx_HAL_Driver/Src/stm32f1xx_hal_rcc_ex.o
 .debug_ranges  0x0000000000000ba0      0x128 ./src/lib/cube_f103/Drivers/STM32F1xx_HAL_Driver/Src/stm32f1xx_hal_rtc.o
 .debug_ranges  0x0000000000000cc8       0x68 ./src/lib/cube_f103/Drivers/STM32F1xx_HAL_Driver/Src/stm32f1xx_hal_rtc_ex.o
 .debug_ranges  0x0000000000000d30      0x198 ./src/lib/cube_f103/Drivers/STM32F1xx_HAL_Driver/Src/stm32f1xx_hal_uart.o
 .debug_ranges  0x0000000000000ec8      0x4e8 ./src/lib/cube_f103/Drivers/STM32F1xx_HAL_Driver/Src/stm32f1xx_ll_usb.o
 .debug_ranges  0x00000000000013b0       0x80 ./src/lib/cube_f103/Middlewares/ST/STM32_USB_Device_Library/Class/CDC/Src/usbd_cdc.o
 .debug_ranges  0x0000000000001430       0x98 ./src/lib/cube_f103/Middlewares/ST/STM32_USB_Device_Library/Core/Src/usbd_core.o
 .debug_ranges  0x00000000000014c8       0xc0 ./src/lib/cube_f103/Middlewares/ST/STM32_USB_Device_Library/Core/Src/usbd_ctlreq.o
 .debug_ranges  0x0000000000001588       0x40 ./src/lib/cube_f103/Middlewares/ST/STM32_USB_Device_Library/Core/Src/usbd_ioreq.o
 .debug_ranges  0x00000000000015c8       0x10 ./src/lib/cube_f103/USB_DEVICE/App/usb_device.o
 .debug_ranges  0x00000000000015d8       0x98 ./src/lib/cube_f103/USB_DEVICE/App/usbd_cdc_if.o
 .debug_ranges  0x0000000000001670       0x90 ./src/lib/cube_f103/USB_DEVICE/App/usbd_desc.o
 .debug_ranges  0x0000000000001700      0x130 ./src/lib/cube_f103/USB_DEVICE/Target/usbd_conf.o
 .debug_ranges  0x0000000000001830       0x10 ./src/main.o

.debug_macro    0x0000000000000000    0x1cf82
 .debug_macro   0x0000000000000000      0x3ac ./src/ap/ap.o
 .debug_macro   0x00000000000003ac      0xa6c ./src/ap/ap.o
 .debug_macro   0x0000000000000e18       0x22 ./src/ap/ap.o
 .debug_macro   0x0000000000000e3a       0x4c ./src/ap/ap.o
 .debug_macro   0x0000000000000e86       0x18 ./src/ap/ap.o
 .debug_macro   0x0000000000000e9e       0x94 ./src/ap/ap.o
 .debug_macro   0x0000000000000f32       0x3c ./src/ap/ap.o
 .debug_macro   0x0000000000000f6e       0x34 ./src/ap/ap.o
 .debug_macro   0x0000000000000fa2       0x16 ./src/ap/ap.o
 .debug_macro   0x0000000000000fb8       0x57 ./src/ap/ap.o
 .debug_macro   0x000000000000100f       0x97 ./src/ap/ap.o
 .debug_macro   0x00000000000010a6      0x341 ./src/ap/ap.o
 .debug_macro   0x00000000000013e7       0xfd ./src/ap/ap.o
 .debug_macro   0x00000000000014e4       0x10 ./src/ap/ap.o
 .debug_macro   0x00000000000014f4       0x16 ./src/ap/ap.o
 .debug_macro   0x000000000000150a       0x43 ./src/ap/ap.o
 .debug_macro   0x000000000000154d       0x34 ./src/ap/ap.o
 .debug_macro   0x0000000000001581       0x10 ./src/ap/ap.o
 .debug_macro   0x0000000000001591       0x58 ./src/ap/ap.o
 .debug_macro   0x00000000000015e9       0x71 ./src/ap/ap.o
 .debug_macro   0x000000000000165a       0x1c ./src/ap/ap.o
 .debug_macro   0x0000000000001676      0x12a ./src/ap/ap.o
 .debug_macro   0x00000000000017a0       0x10 ./src/ap/ap.o
 .debug_macro   0x00000000000017b0       0x6a ./src/ap/ap.o
 .debug_macro   0x000000000000181a       0x1c ./src/ap/ap.o
 .debug_macro   0x0000000000001836       0x52 ./src/ap/ap.o
 .debug_macro   0x0000000000001888       0x22 ./src/ap/ap.o
 .debug_macro   0x00000000000018aa       0x10 ./src/ap/ap.o
 .debug_macro   0x00000000000018ba       0x52 ./src/ap/ap.o
 .debug_macro   0x000000000000190c       0xd5 ./src/ap/ap.o
 .debug_macro   0x00000000000019e1       0x1c ./src/ap/ap.o
 .debug_macro   0x00000000000019fd       0x3d ./src/ap/ap.o
 .debug_macro   0x0000000000001a3a       0x16 ./src/ap/ap.o
 .debug_macro   0x0000000000001a50      0x145 ./src/ap/ap.o
 .debug_macro   0x0000000000001b95      0x103 ./src/ap/ap.o
 .debug_macro   0x0000000000001c98      0x1df ./src/ap/ap.o
 .debug_macro   0x0000000000001e77       0x22 ./src/ap/ap.o
 .debug_macro   0x0000000000001e99       0x4c ./src/ap/ap.o
 .debug_macro   0x0000000000001ee5       0x34 ./src/ap/ap.o
 .debug_macro   0x0000000000001f19       0x16 ./src/ap/ap.o
 .debug_macro   0x0000000000001f2f      0x221 ./src/ap/ap.o
 .debug_macro   0x0000000000002150       0x2e ./src/ap/ap.o
 .debug_macro   0x000000000000217e       0x22 ./src/ap/ap.o
 .debug_macro   0x00000000000021a0       0x1c ./src/ap/ap.o
 .debug_macro   0x00000000000021bc       0x22 ./src/ap/ap.o
 .debug_macro   0x00000000000021de       0xbd ./src/ap/ap.o
 .debug_macro   0x000000000000229b      0xd23 ./src/ap/ap.o
 .debug_macro   0x0000000000002fbe     0xe097 ./src/ap/ap.o
 .debug_macro   0x0000000000011055       0x43 ./src/ap/ap.o
 .debug_macro   0x0000000000011098     0x3468 ./src/ap/ap.o
 .debug_macro   0x0000000000014500       0x56 ./src/ap/ap.o
 .debug_macro   0x0000000000014556      0x5be ./src/ap/ap.o
 .debug_macro   0x0000000000014b14      0x289 ./src/ap/ap.o
 .debug_macro   0x0000000000014d9d      0x1cb ./src/ap/ap.o
 .debug_macro   0x0000000000014f68      0x114 ./src/ap/ap.o
 .debug_macro   0x000000000001507c      0x1b2 ./src/ap/ap.o
 .debug_macro   0x000000000001522e       0x27 ./src/ap/ap.o
 .debug_macro   0x0000000000015255      0x136 ./src/ap/ap.o
 .debug_macro   0x000000000001538b      0x1bc ./src/ap/ap.o
 .debug_macro   0x0000000000015547       0x34 ./src/ap/ap.o
 .debug_macro   0x000000000001557b       0x3c ./src/ap/ap.o
 .debug_macro   0x00000000000155b7       0x57 ./src/ap/ap.o
 .debug_macro   0x000000000001560e       0x88 ./src/ap/ap.o
 .debug_macro   0x0000000000015696      0x241 ./src/ap/ap.o
 .debug_macro   0x00000000000158d7      0x141 ./src/ap/ap.o
 .debug_macro   0x0000000000015a18      0x1ef ./src/ap/ap.o
 .debug_macro   0x0000000000015c07       0xec ./src/ap/ap.o
 .debug_macro   0x0000000000015cf3      0x26b ./src/ap/ap.o
 .debug_macro   0x0000000000015f5e       0x65 ./src/ap/ap.o
 .debug_macro   0x0000000000015fc3      0x249 ./src/ap/ap.o
 .debug_macro   0x000000000001620c       0x83 ./src/ap/ap.o
 .debug_macro   0x000000000001628f       0x3a ./src/ap/ap.o
 .debug_macro   0x00000000000162c9       0x10 ./src/ap/ap.o
 .debug_macro   0x00000000000162d9      0x36d ./src/bsp/bsp.o
 .debug_macro   0x0000000000016646       0x10 ./src/bsp/bsp.o
 .debug_macro   0x0000000000016656      0x3b6 ./src/bsp/stm32f1xx_hal_msp.o
 .debug_macro   0x0000000000016a0c      0x3c0 ./src/bsp/stm32f1xx_it.o
 .debug_macro   0x0000000000016dcc       0xd4 ./src/bsp/system_stm32f1xx.o
 .debug_macro   0x0000000000016ea0       0x8e ./src/bsp/system_stm32f1xx.o
 .debug_macro   0x0000000000016f2e       0x51 ./src/bsp/system_stm32f1xx.o
 .debug_macro   0x0000000000016f7f      0x1ec ./src/common/core/qbuffer.o
 .debug_macro   0x000000000001716b      0x363 ./src/hw/driver/flash.o
 .debug_macro   0x00000000000174ce      0x363 ./src/hw/driver/led.o
 .debug_macro   0x0000000000017831      0x367 ./src/hw/driver/reset.o
 .debug_macro   0x0000000000017b98      0x35d ./src/hw/driver/rtc.o
 .debug_macro   0x0000000000017ef5      0x377 ./src/hw/driver/uart.o
 .debug_macro   0x000000000001826c      0x43b ./src/hw/driver/usb.o
 .debug_macro   0x00000000000186a7       0x16 ./src/hw/driver/usb.o
 .debug_macro   0x00000000000186bd       0x20 ./src/hw/driver/usb.o
 .debug_macro   0x00000000000186dd       0x10 ./src/hw/driver/usb.o
 .debug_macro   0x00000000000186ed       0x60 ./src/hw/driver/usb.o
 .debug_macro   0x000000000001874d      0x1c8 ./src/hw/driver/usb.o
 .debug_macro   0x0000000000018915      0x3a2 ./src/hw/hw.o
 .debug_macro   0x0000000000018cb7      0x1e5 ./src/lib/cube_f103/Drivers/STM32F1xx_HAL_Driver/Src/stm32f1xx_hal.o
 .debug_macro   0x0000000000018e9c       0x5c ./src/lib/cube_f103/Drivers/STM32F1xx_HAL_Driver/Src/stm32f1xx_hal.o
 .debug_macro   0x0000000000018ef8      0x1c1 ./src/lib/cube_f103/Drivers/STM32F1xx_HAL_Driver/Src/stm32f1xx_hal_cortex.o
 .debug_macro   0x00000000000190b9      0x1c1 ./src/lib/cube_f103/Drivers/STM32F1xx_HAL_Driver/Src/stm32f1xx_hal_dma.o
 .debug_macro   0x000000000001927a      0x22c ./src/lib/cube_f103/Drivers/STM32F1xx_HAL_Driver/Src/stm32f1xx_hal_gpio.o
 .debug_macro   0x00000000000194a6      0x1cd ./src/lib/cube_f103/Drivers/STM32F1xx_HAL_Driver/Src/stm32f1xx_hal_pcd.o
 .debug_macro   0x0000000000019673      0x1c1 ./src/lib/cube_f103/Drivers/STM32F1xx_HAL_Driver/Src/stm32f1xx_hal_pcd_ex.o
 .debug_macro   0x0000000000019834      0x221 ./src/lib/cube_f103/Drivers/STM32F1xx_HAL_Driver/Src/stm32f1xx_hal_pwr.o
 .debug_macro   0x0000000000019a55      0x1d3 ./src/lib/cube_f103/Drivers/STM32F1xx_HAL_Driver/Src/stm32f1xx_hal_rcc.o
 .debug_macro   0x0000000000019c28      0x1c1 ./src/lib/cube_f103/Drivers/STM32F1xx_HAL_Driver/Src/stm32f1xx_hal_rcc_ex.o
 .debug_macro   0x0000000000019de9      0x1d0 ./src/lib/cube_f103/Drivers/STM32F1xx_HAL_Driver/Src/stm32f1xx_hal_rtc.o
 .debug_macro   0x0000000000019fb9      0x1c1 ./src/lib/cube_f103/Drivers/STM32F1xx_HAL_Driver/Src/stm32f1xx_hal_rtc_ex.o
 .debug_macro   0x000000000001a17a      0x1c2 ./src/lib/cube_f103/Drivers/STM32F1xx_HAL_Driver/Src/stm32f1xx_hal_uart.o
 .debug_macro   0x000000000001a33c      0x1c1 ./src/lib/cube_f103/Drivers/STM32F1xx_HAL_Driver/Src/stm32f1xx_ll_usb.o
 .debug_macro   0x000000000001a4fd      0x473 ./src/lib/cube_f103/Middlewares/ST/STM32_USB_Device_Library/Class/CDC/Src/usbd_cdc.o
 .debug_macro   0x000000000001a970       0x8f ./src/lib/cube_f103/Middlewares/ST/STM32_USB_Device_Library/Class/CDC/Src/usbd_cdc.o
 .debug_macro   0x000000000001a9ff      0x45a ./src/lib/cube_f103/Middlewares/ST/STM32_USB_Device_Library/Core/Src/usbd_core.o
 .debug_macro   0x000000000001ae59      0x1ce ./src/lib/cube_f103/Middlewares/ST/STM32_USB_Device_Library/Core/Src/usbd_core.o