../src/hw/driver/cli.c:555:6:cliToUpper	8	static
../src/hw/driver/cli.c:614:7:cliArgsGetStr	0	static
../src/hw/driver/cli.c:630:6:cliArgsIsStr	8	static
../src/hw/driver/cli.c:598:7:cliArgsGetFloat	0	static
../src/hw/driver/cli.c:582:9:cliArgsGetData	0	static
../src/hw/driver/cli.c:441:6:cliLineChange.constprop	16	static
../src/hw/driver/cli.c:134:6:cliOpen	8	static
../src/hw/driver/cli.c:144:6:cliOpenLog	8	static
../src/hw/driver/cli.c:160:6:cliLogClose	0	static
../src/hw/driver/cli.c:166:6:cliShowLog	24	static
../src/hw/driver/cli.c:541:6:cliPrintf	24	static
../src/hw/driver/cli.c:687:6:cliShowList	24	static
../src/hw/driver/cli.c:704:6:cliMemoryDump	56	static
../src/hw/driver/cli.c:192:6:cliMain	48	static
../src/hw/driver/cli.c:649:6:cliKeepLoop	8	static
../src/hw/driver/cli.c:664:6:cliAdd	16	static
../src/hw/driver/cli.c:109:6:cliInit	8	static
