../src/hw/driver/uart.c:22:6:uartInit	0	static
../src/hw/driver/uart.c:32:6:uartOpen	24	static
../src/hw/driver/uart.c:87:10:uartAvailable	0	static
../src/hw/driver/uart.c:106:9:uartRead	16	static
../src/hw/driver/uart.c:124:10:uartWrite	8	static
../src/hw/driver/uart.c:147:10:uartPrintf	276	static
../src/hw/driver/uart.c:165:10:uartGetBaud	0	static
../src/hw/driver/uart.c:186:6:HAL_UART_ErrorCallback	0	static
../src/hw/driver/uart.c:194:6:HAL_UART_RxCpltCallback	0	static
../src/hw/driver/uart.c:206:6:HAL_UART_MspInit	40	static
../src/hw/driver/uart.c:259:6:HAL_UART_MspDeInit	8	static
